[2026-09-10 23:41:23.159] +2ms POPUP_PATCHED api="MessageBoxW" scope="LaunchProbe.dll import table"
[2026-09-10 23:41:23.160] +2ms POPUP_PATCHED api="MessageBoxA" scope="LaunchProbe.dll import table"
[2026-09-10 23:41:23.160] +2ms PROBE_OPEN plugin="LaunchProbe" plugin_version="1.0.0.0" log="C:\Users\danjo\Documents\My Games\Skyrim Special Edition\SKSE\LaunchProbe.log"
[2026-09-10 23:41:23.160] +2ms DLL_ATTACH wall="2026-09-10 23:41:23.157" detail="static initializer; SKSE skips SKSEPlugin_Query for PluginVersionData plug-ins"
[2026-09-10 23:41:23.160] +3ms PLUGIN_LOAD runtime_skse="1.7.104.0" runtime_module="1.7.104.0" skse_version=33751056 is_editor=0 pid=43796
[2026-09-10 23:41:23.160] +3ms CONFIG autoload_enabled=0 autoload_save="" delay_ms=1500 heartbeat_ms=0
[2026-09-10 23:41:23.161] +3ms LISTENER_REGISTERED sender="SKSE"
[2026-09-10 23:41:23.161] +3ms PROBE_READY
[2026-09-10 23:41:23.574] +417ms SKSE_MESSAGE name="kPostLoad" sender="SKSE" type=0 data_len=0
[2026-09-10 23:41:23.574] +417ms SINK_REGISTERED stage="kPostLoad" event="RE::MenuOpenCloseEvent"
[2026-09-10 23:41:24.139] +982ms SKSE_MESSAGE name="kPostPostLoad" sender="SKSE" type=1 data_len=0
[2026-09-10 23:42:15.750] +52593ms SKSE_MESSAGE name="kInputLoaded" sender="SKSE" type=6 data_len=0
[2026-09-10 23:42:17.089] +53932ms MENU_OPEN name="SkyParkour"
[2026-09-10 23:42:17.093] +53936ms MENU_OPEN name="Loading Menu"
[2026-09-10 23:42:17.102] +53945ms MENU_OPEN name="Mist Menu"
[2026-09-10 23:42:17.107] +53950ms MENU_OPEN name="Fader Menu"
[2026-09-10 23:42:17.117] +53959ms MENU_OPEN name="LoadWaitSpinner"
[2026-09-10 23:42:27.150] +63992ms MENU_OPEN name="BTPS Ovelay Menu"
[2026-09-10 23:42:27.286] +64128ms SKSE_MESSAGE name="kDataLoaded" sender="SKSE" type=8 data_len=0
[2026-09-10 23:42:28.265] +65108ms MENU_OPEN name="Main Menu"
[2026-09-10 23:42:28.265] +65108ms MAIN_MENU_OPEN constant="Main Menu" ui_is_menu_open=1 has_movie_view=1
[2026-09-10 23:42:28.267] +65110ms MENU_OPEN name="Cursor Menu"
[2026-09-10 23:42:28.269] +65112ms MENU_OPEN name="Console"
[2026-09-10 23:42:28.269] +65112ms MENU_CLOSE name="Console"
[2026-09-10 23:42:28.270] +65112ms MENU_CLOSE name="Cursor Menu"
[2026-09-10 23:42:28.270] +65113ms MENU_CLOSE name="LoadWaitSpinner"
[2026-09-10 23:42:28.270] +65113ms MENU_CLOSE name="Loading Menu"
[2026-09-10 23:42:28.274] +65117ms MENU_OPEN name="Cursor Menu"
[2026-09-10 23:42:28.285] +65128ms MENU_OPEN name="BTPS Menu"
[2026-09-10 23:42:28.285] +65128ms MENU_CLOSE name="Cursor Menu"
[2026-09-10 23:42:28.286] +65129ms MENU_OPEN name="Cursor Menu"
[2026-09-10 23:42:44.969] +81812ms SKSE_MESSAGE name="kNewGame" sender="SKSE" type=7 data_len=8
[2026-09-10 23:42:44.997] +81840ms MENU_OPEN name="LoadWaitSpinner"
[2026-09-10 23:42:44.997] +81840ms MENU_CLOSE name="LoadWaitSpinner"
[2026-09-10 23:42:45.073] +81916ms MENU_OPEN name="HUD Menu"
[2026-09-10 23:42:45.073] +81916ms MENU_CLOSE name="Cursor Menu"
[2026-09-10 23:42:45.075] +81918ms MENU_OPEN name="Cursor Menu"
[2026-09-10 23:42:45.399] +82242ms MENU_CLOSE name="BTPS Menu"
[2026-09-10 23:42:45.401] +82244ms MENU_CLOSE name="Main Menu"
[2026-09-10 23:42:45.401] +82244ms MENU_CLOSE name="BTPS Ovelay Menu"
[2026-09-10 23:42:45.401] +82244ms MENU_CLOSE name="Fader Menu"
[2026-09-10 23:42:45.401] +82244ms MENU_CLOSE name="Cursor Menu"
[2026-09-10 23:42:45.402] +82244ms MENU_OPEN name="Loading Menu"
[2026-09-10 23:42:45.402] +82244ms MENU_OPEN name="Fader Menu"
[2026-09-10 23:42:49.929] +86772ms MENU_CLOSE name="Loading Menu"
[2026-09-10 23:42:49.933] +86776ms MENU_OPEN name="BTPS Ovelay Menu"
[2026-09-10 23:42:49.933] +86776ms MENU_OPEN name="BTPS Menu"
[2026-09-10 23:42:49.949] +86792ms MENU_CLOSE name="Mist Menu"
[2026-09-10 23:42:52.440] +89283ms MENU_OPEN name="RaceSex Menu"
[2026-09-10 23:42:52.442] +89285ms MENU_OPEN name="Cursor Menu"
[2026-09-10 23:43:01.461] +98304ms MENU_OPEN name="MessageBoxMenu"
[2026-09-10 23:43:02.385] +99228ms MENU_CLOSE name="MessageBoxMenu"
[2026-09-10 23:43:04.465] +101308ms MENU_CLOSE name="RaceSex Menu"
[2026-09-10 23:43:04.466] +101309ms MENU_CLOSE name="Fader Menu"
[2026-09-10 23:43:04.466] +101309ms MENU_CLOSE name="Cursor Menu"
[2026-09-10 23:43:04.691] +101534ms SKSE_MESSAGE name="kSaveGame" sender="SKSE" save="Save1_C6FCF675_0_416476656E7475726572_SkyrimUnboundRoom01_000000_20260911044304_1_1"
[2026-09-10 23:43:04.809] +101652ms MENU_OPEN name="LoadWaitSpinner"
[2026-09-10 23:43:04.829] +101671ms MENU_CLOSE name="LoadWaitSpinner"
[2026-09-10 23:43:07.277] +104120ms MENU_OPEN name="Journal Menu"
[2026-09-10 23:43:07.279] +104122ms MENU_OPEN name="Cursor Menu"
[2026-09-10 23:43:27.666] +124509ms MENU_CLOSE name="Journal Menu"
[2026-09-10 23:43:27.666] +124509ms MENU_CLOSE name="Cursor Menu"
[2026-09-10 23:43:31.865] +128708ms MENU_OPEN name="Journal Menu"
[2026-09-10 23:43:31.867] +128709ms MENU_OPEN name="Cursor Menu"
[2026-09-10 23:44:27.374] +184216ms MENU_CLOSE name="Journal Menu"
[2026-09-10 23:44:27.374] +184217ms MENU_CLOSE name="Cursor Menu"
[2026-09-10 23:44:27.654] +184496ms MENU_OPEN name="Fader Menu"
[2026-09-10 23:44:31.397] +188240ms SKSE_MESSAGE name="kSaveGame" sender="SKSE" save="Save2_C6FCF675_0_416476656E7475726572_SkyrimUnboundRoom01_000002_20260911044431_1_1"
[2026-09-10 23:44:31.521] +188364ms MENU_OPEN name="LoadWaitSpinner"
[2026-09-10 23:44:31.543] +188386ms MENU_CLOSE name="LoadWaitSpinner"
[2026-09-10 23:44:31.730] +188573ms MENU_CLOSE name="BTPS Menu"
[2026-09-10 23:44:31.730] +188573ms MENU_CLOSE name="BTPS Ovelay Menu"
[2026-09-10 23:44:31.730] +188573ms MENU_CLOSE name="Fader Menu"
[2026-09-10 23:44:31.730] +188573ms MENU_OPEN name="Loading Menu"
[2026-09-10 23:44:31.731] +188573ms MENU_OPEN name="Mist Menu"
[2026-09-10 23:44:31.731] +188573ms MENU_OPEN name="Fader Menu"
[2026-09-10 23:44:40.453] +197295ms MENU_CLOSE name="Loading Menu"
[2026-09-10 23:44:40.457] +197299ms MENU_OPEN name="BTPS Ovelay Menu"
[2026-09-10 23:44:40.457] +197299ms MENU_OPEN name="BTPS Menu"
[2026-09-10 23:44:40.479] +197322ms MENU_CLOSE name="Mist Menu"
[2026-09-10 23:44:41.934] +198777ms SKSE_MESSAGE name="kSaveGame" sender="SKSE" save="Save3_C6FCF675_0_416476656E7475726572_SolitudeWorld_000002_20260911044441_1_1"
[2026-09-10 23:44:42.272] +199115ms MENU_OPEN name="LoadWaitSpinner"
[2026-09-10 23:44:42.323] +199165ms MENU_CLOSE name="LoadWaitSpinner"
[2026-09-10 23:44:43.602] +200445ms MENU_CLOSE name="Fader Menu"
[2026-09-10 23:48:05.025] +401868ms MENU_OPEN name="TweenMenu"
[2026-09-10 23:48:05.027] +401869ms MENU_OPEN name="Cursor Menu"
[2026-09-10 23:48:06.665] +403507ms MENU_OPEN name="InventoryMenu"
[2026-09-10 23:48:07.659] +404502ms MENU_CLOSE name="TweenMenu"
[2026-09-10 23:48:07.708] +404550ms MENU_CLOSE name="InventoryMenu"
[2026-09-10 23:48:07.708] +404551ms MENU_CLOSE name="Cursor Menu"
[2026-09-10 23:48:09.658] +406501ms MENU_OPEN name="Journal Menu"
[2026-09-10 23:48:09.660] +406503ms MENU_OPEN name="Cursor Menu"
