[2026-09-10 21:57:49.559] +1ms POPUP_PATCHED api="MessageBoxW" scope="LaunchProbe.dll import table"
[2026-09-10 21:57:49.559] +1ms POPUP_PATCHED api="MessageBoxA" scope="LaunchProbe.dll import table"
[2026-09-10 21:57:49.559] +1ms PROBE_OPEN plugin="LaunchProbe" plugin_version="1.0.0.0" log="C:\Users\danjo\Documents\My Games\Skyrim Special Edition\SKSE\LaunchProbe.log"
[2026-09-10 21:57:49.559] +1ms DLL_ATTACH wall="2026-09-10 21:57:49.557" detail="static initializer; SKSE skips SKSEPlugin_Query for PluginVersionData plug-ins"
[2026-09-10 21:57:49.559] +1ms PLUGIN_LOAD runtime_skse="1.7.104.0" runtime_module="1.7.104.0" skse_version=33751056 is_editor=0 pid=37420
[2026-09-10 21:57:49.559] +1ms CONFIG autoload_enabled=0 autoload_save="" delay_ms=1500 heartbeat_ms=0
[2026-09-10 21:57:49.560] +2ms LISTENER_REGISTERED sender="SKSE"
[2026-09-10 21:57:49.560] +2ms PROBE_READY
[2026-09-10 21:57:49.771] +213ms SKSE_MESSAGE name="kPostLoad" sender="SKSE" type=0 data_len=0
[2026-09-10 21:57:49.771] +213ms SINK_REGISTERED stage="kPostLoad" event="RE::MenuOpenCloseEvent"
[2026-09-10 21:57:50.036] +478ms SKSE_MESSAGE name="kPostPostLoad" sender="SKSE" type=1 data_len=0
[2026-09-10 21:58:11.158] +21600ms SKSE_MESSAGE name="kInputLoaded" sender="SKSE" type=6 data_len=0
[2026-09-10 21:58:12.422] +22864ms MENU_OPEN name="SkyParkour"
[2026-09-10 21:58:12.427] +22869ms MENU_OPEN name="Loading Menu"
[2026-09-10 21:58:12.436] +22878ms MENU_OPEN name="Mist Menu"
[2026-09-10 21:58:12.440] +22882ms MENU_OPEN name="Fader Menu"
[2026-09-10 21:58:12.449] +22891ms MENU_OPEN name="LoadWaitSpinner"
[2026-09-10 21:58:21.676] +32118ms MENU_OPEN name="BTPS Ovelay Menu"
[2026-09-10 21:58:21.816] +32258ms SKSE_MESSAGE name="kDataLoaded" sender="SKSE" type=8 data_len=0
[2026-09-10 21:58:22.827] +33269ms MENU_OPEN name="Main Menu"
[2026-09-10 21:58:22.827] +33269ms MAIN_MENU_OPEN constant="Main Menu" ui_is_menu_open=1 has_movie_view=1
[2026-09-10 21:58:22.831] +33273ms MENU_OPEN name="Cursor Menu"
[2026-09-10 21:58:22.836] +33278ms MENU_OPEN name="Console"
[2026-09-10 21:58:22.836] +33278ms MENU_CLOSE name="Console"
[2026-09-10 21:58:22.836] +33278ms MENU_CLOSE name="Cursor Menu"
[2026-09-10 21:58:22.837] +33279ms MENU_CLOSE name="LoadWaitSpinner"
[2026-09-10 21:58:22.837] +33279ms MENU_CLOSE name="Loading Menu"
[2026-09-10 21:58:22.842] +33284ms MENU_OPEN name="Cursor Menu"
[2026-09-10 21:58:22.854] +33296ms MENU_OPEN name="BTPS Menu"
[2026-09-10 21:58:22.854] +33296ms MENU_CLOSE name="Cursor Menu"
[2026-09-10 21:58:22.856] +33298ms MENU_OPEN name="Cursor Menu"
[2026-09-10 21:58:40.643] +51085ms SKSE_MESSAGE name="kNewGame" sender="SKSE" type=7 data_len=8
[2026-09-10 21:58:40.669] +51111ms MENU_OPEN name="LoadWaitSpinner"
[2026-09-10 21:58:40.669] +51111ms MENU_CLOSE name="LoadWaitSpinner"
[2026-09-10 21:58:40.733] +51175ms MENU_OPEN name="HUD Menu"
[2026-09-10 21:58:40.733] +51175ms MENU_CLOSE name="Cursor Menu"
[2026-09-10 21:58:40.735] +51177ms MENU_OPEN name="Cursor Menu"
[2026-09-10 21:58:41.098] +51540ms MENU_CLOSE name="BTPS Menu"
[2026-09-10 21:58:41.098] +51540ms MENU_CLOSE name="BTPS Ovelay Menu"
[2026-09-10 21:58:41.101] +51543ms MENU_CLOSE name="Main Menu"
[2026-09-10 21:58:41.101] +51543ms MENU_CLOSE name="Fader Menu"
[2026-09-10 21:58:41.101] +51543ms MENU_CLOSE name="Cursor Menu"
[2026-09-10 21:58:41.101] +51543ms MENU_OPEN name="Loading Menu"
[2026-09-10 21:58:41.102] +51544ms MENU_OPEN name="Fader Menu"
[2026-09-10 21:58:45.617] +56059ms MENU_CLOSE name="Loading Menu"
[2026-09-10 21:58:45.621] +56063ms MENU_OPEN name="BTPS Ovelay Menu"
[2026-09-10 21:58:45.621] +56063ms MENU_OPEN name="BTPS Menu"
[2026-09-10 21:58:45.648] +56090ms MENU_CLOSE name="Mist Menu"
[2026-09-10 21:58:48.077] +58519ms MENU_OPEN name="RaceSex Menu"
[2026-09-10 21:58:48.079] +58521ms MENU_OPEN name="Cursor Menu"
[2026-09-10 21:58:55.964] +66406ms MENU_OPEN name="MessageBoxMenu"
[2026-09-10 21:58:56.631] +67073ms MENU_CLOSE name="MessageBoxMenu"
[2026-09-10 21:58:58.990] +69432ms MENU_CLOSE name="RaceSex Menu"
[2026-09-10 21:58:58.991] +69433ms MENU_CLOSE name="Fader Menu"
[2026-09-10 21:58:58.991] +69433ms MENU_CLOSE name="Cursor Menu"
[2026-09-10 21:58:59.226] +69668ms SKSE_MESSAGE name="kSaveGame" sender="SKSE" save="Save1_FA0B4EB1_0_416476656E7475726572_SkyrimUnboundRoom01_000000_20260911025859_1_1"
[2026-09-10 21:58:59.353] +69795ms MENU_OPEN name="LoadWaitSpinner"
[2026-09-10 21:58:59.374] +69816ms MENU_CLOSE name="LoadWaitSpinner"
[2026-09-10 21:59:56.965] +127407ms MENU_OPEN name="Journal Menu"
[2026-09-10 21:59:56.967] +127409ms MENU_OPEN name="Cursor Menu"
[2026-09-10 22:00:14.781] +145223ms MENU_CLOSE name="Journal Menu"
[2026-09-10 22:00:14.782] +145224ms MENU_CLOSE name="Cursor Menu"
[2026-09-10 22:00:15.016] +145458ms MENU_OPEN name="Fader Menu"
[2026-09-10 22:00:17.563] +148005ms SKSE_MESSAGE name="kSaveGame" sender="SKSE" save="Save2_FA0B4EB1_0_416476656E7475726572_SkyrimUnboundRoom01_000002_20260911030017_1_1"
[2026-09-10 22:00:17.683] +148125ms MENU_OPEN name="LoadWaitSpinner"
[2026-09-10 22:00:17.706] +148148ms MENU_CLOSE name="LoadWaitSpinner"
[2026-09-10 22:00:17.837] +148279ms MENU_CLOSE name="BTPS Menu"
[2026-09-10 22:00:17.837] +148279ms MENU_CLOSE name="BTPS Ovelay Menu"
[2026-09-10 22:00:17.837] +148279ms MENU_CLOSE name="Fader Menu"
[2026-09-10 22:00:17.837] +148279ms MENU_OPEN name="Loading Menu"
[2026-09-10 22:00:17.837] +148279ms MENU_OPEN name="Mist Menu"
[2026-09-10 22:00:17.837] +148279ms MENU_OPEN name="Fader Menu"
[2026-09-10 22:00:27.820] +158262ms MENU_CLOSE name="Loading Menu"
[2026-09-10 22:00:27.824] +158266ms MENU_OPEN name="BTPS Ovelay Menu"
[2026-09-10 22:00:27.824] +158266ms MENU_OPEN name="BTPS Menu"
[2026-09-10 22:00:27.845] +158287ms MENU_CLOSE name="Mist Menu"
[2026-09-10 22:00:29.616] +160058ms SKSE_MESSAGE name="kSaveGame" sender="SKSE" save="Save3_FA0B4EB1_0_416476656E7475726572_SolitudeWorld_000002_20260911030029_1_1"
[2026-09-10 22:00:29.888] +160330ms MENU_OPEN name="LoadWaitSpinner"
[2026-09-10 22:00:29.907] +160349ms MENU_CLOSE name="LoadWaitSpinner"
[2026-09-10 22:00:30.940] +161382ms MENU_CLOSE name="Fader Menu"
[2026-09-10 22:06:44.629] +535071ms MENU_OPEN name="Journal Menu"
[2026-09-10 22:06:44.631] +535073ms MENU_OPEN name="Cursor Menu"
