SKSE64 runtime: initialize (version = 2.3.1 01070680 01DD419950DBD125, os = 6.2 (9200))
imagebase = 00007FF777EA0000
reloc mgr imagebase = 00007FF777EA0000
plugin directory = C:\Program Files (x86)\Steam\steamapps\common\Skyrim Special Edition\Data\SKSE\Plugins\
scanning plugin directory C:\Program Files (x86)\Steam\steamapps\common\Skyrim Special Edition\Data\SKSE\Plugins\
checking plugin !PopupGuard.dll
checking plugin AHZmoreHUDPlugin.dll
checking plugin AnimationQueueFix.dll
checking plugin BetterJumpingSE.dll
checking plugin BetterThirdPersonSelection.dll
checking plugin CommunityShaders.dll
checking plugin CompassNavigationOverhaul.dll
checking plugin ConditionalArrowEmbedding.dll
checking plugin ConsoleUtilSSE.dll
checking plugin ContainerDistributionFramework.dll
checking plugin CrashLogger.dll
checking plugin CurrencySwapper.dll
checking plugin DynamicDialogueReplacer.dll
checking plugin EngineFixes.dll
checking plugin EnsrickCurrencyDenominations.dll
checking plugin FirstPersonFOV.dll
checking plugin fnis_aa.dll
checking plugin hdtsmp64.dll
checking plugin InfinityUI.dll
checking plugin InventoryInjector.dll
checking plugin JContainers64.dll
checking plugin LaunchProbe.dll
checking plugin MCMHelper.dll
checking plugin MediaKeysFix.dll
checking plugin MenuPilot.dll
checking plugin MLO.dll
checking plugin msdia140.dll
plugin msdia140.dll (00000000  00000000) no version data 0 (handle 0)
checking plugin NotificationFilter.dll
checking plugin OpenAnimationReplacer.dll
checking plugin PapyrusUtil.dll
checking plugin po3_BaseObjectSwapper.dll
checking plugin po3_KeywordItemDistributor.dll
checking plugin po3_LightPlacer.dll
checking plugin po3_LockVariations.dll
checking plugin po3_PapyrusExtender.dll
checking plugin po3_SpellPerkItemDistributor.dll
checking plugin po3_Tweaks.dll
checking plugin Precision.dll
checking plugin Proteus.dll
checking plugin SimpleDualSheath.dll
checking plugin skee64.dll
checking plugin SKSEMenuFramework.dll
checking plugin SkyParkourNG.dll
checking plugin SkyPatcher.dll
checking plugin SmoothCam.dll
checking plugin SoundRecordDistributor.dll
checking plugin SSEDisplayTweaks.dll
checking plugin SurvivalModeImproved.dll
checking plugin TheNewGentleman.dll
checking plugin Underwear.dll
checking plugin WindowFocusGuard.dll
preloading plugin "PopupGuard"
automation silent UI: redirected 1 modal import(s) for !PopupGuard.dll
preloading plugin "EngineFixes"
automation silent UI: redirected 2 modal import(s) for EngineFixes.dll
preinit complete
config path = C:\Program Files (x86)\Steam\steamapps\common\Skyrim Special Edition\Data\SKSE\skse.ini
loading plugin "PopupGuard"
loading plugin "Ahzaab's moreHUD Plugin"
automation silent UI: redirected 1 modal import(s) for AHZmoreHUDPlugin.dll
plugin 2 allocated 64 bytes from branch pool
registering plugin listener for SKSE at 2 of 52
loading plugin "AnimationQueueFix"
automation silent UI: redirected 1 modal import(s) for AnimationQueueFix.dll
plugin 3 allocated 14 bytes from branch pool
loading plugin "BetterJumpingSE"
automation silent UI: redirected 1 modal import(s) for BetterJumpingSE.dll
plugin 4 allocated 128 bytes from branch pool
loading plugin "BetterThirdPersonSelection"
automation silent UI: redirected 2 modal import(s) for BetterThirdPersonSelection.dll
plugin 5 allocated 128 bytes from branch pool
registering plugin listener for SKSE at 5 of 52
loading plugin "CommunityShaders"
automation silent UI: redirected 1 modal import(s) for CommunityShaders.dll
plugin 6 allocated 1024 bytes from branch pool
registering plugin listener for SKSE at 6 of 52
loading plugin "CompassNavigationOverhaul"
automation silent UI: redirected 2 modal import(s) for CompassNavigationOverhaul.dll
registering plugin listener for SKSE at 7 of 52
plugin 7 allocated 103 bytes from branch pool
loading plugin "ConditionalArrowEmbedding"
plugin 8 allocated 128 bytes from branch pool
loading plugin "ConsoleUtilSSE"
automation silent UI: redirected 2 modal import(s) for ConsoleUtilSSE.dll
registering plugin listener for SKSE at 9 of 52
loading plugin "ContainerDistributionFramework"
plugin 10 allocated 28 bytes from branch pool
registering plugin listener for SKSE at 10 of 52
loading plugin "CrashLogger"
automation silent UI: redirected 1 modal import(s) for CrashLogger.dll
registering plugin listener for SKSE at 11 of 52
loading plugin "CurrencySwapper"
plugin 12 allocated 252 bytes from branch pool
loading plugin "DynamicDialogueReplacer"
plugin 13 allocated 64 bytes from branch pool
registering plugin listener for SKSE at 13 of 52
loading plugin "EngineFixes"
registering plugin listener for SKSE at 14 of 52
loading plugin "Ensrick Currency Denominations"
registering plugin listener for SKSE at 15 of 52
loading plugin "FirstPersonFOV"
automation silent UI: redirected 1 modal import(s) for FirstPersonFOV.dll
registering plugin listener for SKSE at 16 of 52
loading plugin "fnis_aa"
automation silent UI: redirected 1 modal import(s) for fnis_aa.dll
registering plugin listener for SKSE at 17 of 52
loading plugin "hdtsmp64"
automation silent UI: redirected 2 modal import(s) for hdtsmp64.dll
registering plugin listener for SKSE at 18 of 52
plugin 18 allocated 14 bytes from branch pool
plugin 18 allocated 41 bytes from branch pool
loading plugin "InfinityUI"
automation silent UI: redirected 2 modal import(s) for InfinityUI.dll
plugin 19 allocated 84 bytes from branch pool
loading plugin "InventoryInjector"
automation silent UI: redirected 1 modal import(s) for InventoryInjector.dll
plugin 20 allocated 8 bytes from branch pool
registering plugin listener for SKSE at 20 of 52
loading plugin "JContainers64"
automation silent UI: redirected 1 modal import(s) for JContainers64.dll
registering plugin listener for SKSE at 21 of 52
loading plugin "LaunchProbe"
automation silent UI: redirected 2 modal import(s) for LaunchProbe.dll
registering plugin listener for SKSE at 22 of 52
loading plugin "MCMHelper"
automation silent UI: redirected 1 modal import(s) for MCMHelper.dll
registering plugin listener for SKSE at 23 of 52
loading plugin "MediaKeysFix"
automation silent UI: redirected 1 modal import(s) for MediaKeysFix.dll
loading plugin "MenuPilot"
automation silent UI: redirected 2 modal import(s) for MenuPilot.dll
registering plugin listener for SKSE at 25 of 52
loading plugin "MLO"
automation silent UI: redirected 2 modal import(s) for MLO.dll
plugin 26 allocated 1024 bytes from branch pool
registering plugin listener for SKSE at 26 of 52
plugin 26 allocated 256 bytes from branch pool
loading plugin "NotificationFilter"
automation silent UI: redirected 2 modal import(s) for NotificationFilter.dll
plugin 27 allocated 14 bytes from branch pool
loading plugin "OpenAnimationReplacer"
automation silent UI: redirected 1 modal import(s) for OpenAnimationReplacer.dll
registering plugin listener for SKSE at 28 of 52
plugin 28 allocated 14 bytes from branch pool
plugin 28 allocated 14 bytes from branch pool
plugin 28 allocated 14 bytes from branch pool
plugin 28 allocated 14 bytes from branch pool
plugin 28 allocated 14 bytes from branch pool
plugin 28 allocated 14 bytes from branch pool
plugin 28 allocated 14 bytes from branch pool
plugin 28 allocated 61 bytes from branch pool
plugin 28 allocated 14 bytes from branch pool
plugin 28 allocated 14 bytes from branch pool
plugin 28 allocated 14 bytes from branch pool
plugin 28 allocated 14 bytes from branch pool
loading plugin "PapyrusUtil"
automation silent UI: redirected 1 modal import(s) for PapyrusUtil.dll
loading plugin "Base Object Swapper"
automation silent UI: redirected 2 modal import(s) for po3_BaseObjectSwapper.dll
registering plugin listener for SKSE at 30 of 52
loading plugin "Keyword Item Distributor"
automation silent UI: redirected 2 modal import(s) for po3_KeywordItemDistributor.dll
registering plugin listener for SKSE at 31 of 52
loading plugin "LightPlacer"
plugin 32 allocated 512 bytes from branch pool
registering plugin listener for SKSE at 32 of 52
loading plugin "Security Overhaul SKSE"
automation silent UI: redirected 2 modal import(s) for po3_LockVariations.dll
plugin 33 allocated 98 bytes from branch pool
registering plugin listener for SKSE at 33 of 52
loading plugin "powerofthree's Papyrus Extender"
automation silent UI: redirected 2 modal import(s) for po3_PapyrusExtender.dll
plugin 34 allocated 264 bytes from branch pool
registering plugin listener for SKSE at 34 of 52
loading plugin "Spell Perk Item Distributor"
automation silent UI: redirected 1 modal import(s) for po3_SpellPerkItemDistributor.dll
plugin 35 allocated 196 bytes from branch pool
registering plugin listener for SKSE at 35 of 52
loading plugin "powerofthree's Tweaks"
automation silent UI: redirected 2 modal import(s) for po3_Tweaks.dll
plugin 36 allocated 450 bytes from branch pool
registering plugin listener for SKSE at 36 of 52
loading plugin "Precision"
automation silent UI: redirected 1 modal import(s) for Precision.dll
plugin 37 allocated 1024 bytes from branch pool
registering plugin listener for SKSE at 37 of 52
loading plugin "Proteus"
automation silent UI: redirected 1 modal import(s) for Proteus.dll
loading plugin "SimpleDualSheath"
automation silent UI: redirected 1 modal import(s) for SimpleDualSheath.dll
plugin 39 allocated 200 bytes from branch pool
plugin 39 allocated 800 bytes from local pool
registering plugin listener for SKSE at 39 of 52
loading plugin "skee"
registering plugin listener for SKSE at 40 of 52
plugin 40 allocated 512 bytes from branch pool
plugin 40 allocated 512 bytes from local pool
loading plugin "SKSEMenuFramework"
automation silent UI: redirected 1 modal import(s) for SKSEMenuFramework.dll
registering plugin listener for SKSE at 41 of 52
plugin 41 allocated 14 bytes from branch pool
plugin 41 allocated 14 bytes from branch pool
plugin 41 allocated 14 bytes from branch pool
plugin 41 allocated 14 bytes from branch pool
loading plugin "SkyParkourNG"
automation silent UI: redirected 1 modal import(s) for SkyParkourNG.dll
registering plugin listener for SKSE at 42 of 52
loading plugin "Skypatcher"
automation silent UI: redirected 2 modal import(s) for SkyPatcher.dll
registering plugin listener for SKSE at 43 of 52
loading plugin "SmoothCam"
registering plugin listener for SKSE at 44 of 52
plugin 44 allocated 512 bytes from branch pool
loading plugin "SoundRecordDistributor"
automation silent UI: redirected 1 modal import(s) for SoundRecordDistributor.dll
registering plugin listener for SKSE at 45 of 52
loading plugin "SSEDisplayTweaks"
automation silent UI: redirected 1 modal import(s) for SSEDisplayTweaks.dll
plugin 46 allocated 512 bytes from branch pool
plugin 46 allocated 1536 bytes from local pool
registering plugin listener for SKSE at 46 of 52
loading plugin "SurvivalModeImproved"
automation silent UI: redirected 1 modal import(s) for SurvivalModeImproved.dll
plugin 47 allocated 42 bytes from branch pool
registering plugin listener for SKSE at 47 of 52
loading plugin "TheNewGentleman"
automation silent UI: redirected 1 modal import(s) for TheNewGentleman.dll
registering plugin listener for SKSE at 48 of 52
loading plugin "Underwear"
automation silent UI: redirected 2 modal import(s) for Underwear.dll
registering plugin listener for SKSE at 49 of 52
loading plugin "WindowFocusGuard"
plugin !PopupGuard.dll (00000001 PopupGuard 00010000) loaded correctly (handle 1)
plugin AHZmoreHUDPlugin.dll (00000001 Ahzaab's moreHUD Plugin 05040040) loaded correctly (handle 2)
plugin AnimationQueueFix.dll (00000001 AnimationQueueFix 01000020) loaded correctly (handle 3)
plugin BetterJumpingSE.dll (00000001 BetterJumpingSE 01090040) loaded correctly (handle 4)
plugin BetterThirdPersonSelection.dll (00000001 BetterThirdPersonSelection 00080090) loaded correctly (handle 5)
plugin CommunityShaders.dll (00000001 CommunityShaders 01080000) loaded correctly (handle 6)
plugin CompassNavigationOverhaul.dll (00000001 CompassNavigationOverhaul 02020000) loaded correctly (handle 7)
plugin ConditionalArrowEmbedding.dll (00000001 ConditionalArrowEmbedding 00030040) loaded correctly (handle 8)
plugin ConsoleUtilSSE.dll (00000001 ConsoleUtilSSE 01060018) loaded correctly (handle 9)
plugin ContainerDistributionFramework.dll (00000001 ContainerDistributionFramework 03010000) loaded correctly (handle 10)
plugin CrashLogger.dll (00000001 CrashLogger 01190000) loaded correctly (handle 11)
plugin CurrencySwapper.dll (00000001 CurrencySwapper 02020000) loaded correctly (handle 12)
plugin DynamicDialogueReplacer.dll (00000001 DynamicDialogueReplacer 01040010) loaded correctly (handle 13)
plugin EngineFixes.dll (00000001 EngineFixes 07000000) loaded correctly (handle 14)
plugin EnsrickCurrencyDenominations.dll (00000001 Ensrick Currency Denominations 00020030) loaded correctly (handle 15)
plugin FirstPersonFOV.dll (00000001 FirstPersonFOV 01000000) loaded correctly (handle 16)
plugin fnis_aa.dll (00000001 fnis_aa 03000010) loaded correctly (handle 17)
plugin hdtsmp64.dll (00000001 hdtsmp64 04010010) loaded correctly (handle 18)
plugin InfinityUI.dll (00000001 InfinityUI 02010000) loaded correctly (handle 19)
plugin InventoryInjector.dll (00000001 InventoryInjector 01010010) loaded correctly (handle 20)
plugin JContainers64.dll (00000001 JContainers64 00000004) loaded correctly (handle 21)
plugin LaunchProbe.dll (00000001 LaunchProbe 01000000) loaded correctly (handle 22)
plugin MCMHelper.dll (00000001 MCMHelper 01060030) loaded correctly (handle 23)
plugin MediaKeysFix.dll (00000001 MediaKeysFix 01000020) loaded correctly (handle 24)
plugin MenuPilot.dll (00000001 MenuPilot 01000000) loaded correctly (handle 25)
plugin MLO.dll (00000001 MLO 01000000) loaded correctly (handle 26)
plugin NotificationFilter.dll (00000001 NotificationFilter 01030000) loaded correctly (handle 27)
plugin OpenAnimationReplacer.dll (00000001 OpenAnimationReplacer 03020010) loaded correctly (handle 28)
plugin PapyrusUtil.dll (00000001 PapyrusUtil 00000002) loaded correctly (handle 29)
plugin po3_BaseObjectSwapper.dll (00000001 Base Object Swapper 03050000) loaded correctly (handle 30)
plugin po3_KeywordItemDistributor.dll (00000001 Keyword Item Distributor 04010000) loaded correctly (handle 31)
plugin po3_LightPlacer.dll (00000001 LightPlacer 04020010) loaded correctly (handle 32)
plugin po3_LockVariations.dll (00000001 Security Overhaul SKSE 04010000) loaded correctly (handle 33)
plugin po3_PapyrusExtender.dll (00000001 powerofthree's Papyrus Extender 06050010) loaded correctly (handle 34)
plugin po3_SpellPerkItemDistributor.dll (00000001 Spell Perk Item Distributor 07000000) loaded correctly (handle 35)
plugin po3_Tweaks.dll (00000001 powerofthree's Tweaks 01110010) loaded correctly (handle 36)
plugin Precision.dll (00000001 Precision 02000060) loaded correctly (handle 37)
plugin Proteus.dll (00000001 Proteus 01010000) loaded correctly (handle 38)
plugin SimpleDualSheath.dll (00000001 SimpleDualSheath 00010509) loaded correctly (handle 39)
plugin skee64.dll (00000001 skee 00000001) loaded correctly (handle 40)
plugin SKSEMenuFramework.dll (00000001 SKSEMenuFramework 030D0000) loaded correctly (handle 41)
plugin SkyParkourNG.dll (00000001 SkyParkourNG 03060030) loaded correctly (handle 42)
plugin SkyPatcher.dll (00000001 Skypatcher 07000000) loaded correctly (handle 43)
plugin SmoothCam.dll (00000001 SmoothCam 00000012) loaded correctly (handle 44)
plugin SoundRecordDistributor.dll (00000001 SoundRecordDistributor 01050030) loaded correctly (handle 45)
plugin SSEDisplayTweaks.dll (00000001 SSEDisplayTweaks 00000519) loaded correctly (handle 46)
plugin SurvivalModeImproved.dll (00000001 SurvivalModeImproved 01060050) loaded correctly (handle 47)
plugin TheNewGentleman.dll (00000001 TheNewGentleman 04000000) loaded correctly (handle 48)
plugin Underwear.dll (00000001 Underwear 01030010) loaded correctly (handle 49)
plugin WindowFocusGuard.dll (00000001 WindowFocusGuard 00010000) loaded correctly (handle 50)
dispatch message (0) to plugin listeners
sending message type 0 to plugin 2
sending message type 0 to plugin 5
sending message type 0 to plugin 6
sending message type 0 to plugin 7
registering plugin listener for InfinityUI at 7 of 52
sending message type 0 to plugin 9
sending message type 0 to plugin 10
sending message type 0 to plugin 11
sending message type 0 to plugin 13
sending message type 0 to plugin 14
sending message type 0 to plugin 15
sending message type 0 to plugin 16
sending message type 0 to plugin 17
sending message type 0 to plugin 18
sending message type 0 to plugin 20
sending message type 0 to plugin 21
sending message type 0 to plugin 22
sending message type 0 to plugin 23
sending message type 0 to plugin 25
sending message type 0 to plugin 26
sending message type 0 to plugin 28
sending message type 0 to plugin 30
sending message type 0 to plugin 31
sending message type 0 to plugin 32
sending message type 0 to plugin 33
sending message type 0 to plugin 34
sending message type 0 to plugin 35
sending message type 0 to plugin 36
sending message type 0 to plugin 37
sending message type 0 to plugin 39
sending message type 0 to plugin 40
registering plugin listener for (null) at 40 of 52
sending message type 0 to plugin 41
sending message type 0 to plugin 42
sending message type 0 to plugin 43
sending message type 0 to plugin 44
registering plugin listener for (null) at 44 of 52
sending message type 0 to plugin 45
sending message type 0 to plugin 46
sending message type 0 to plugin 47
sending message type 0 to plugin 48
sending message type 0 to plugin 49
dispatched message.
dispatch message (1) to plugin listeners
sending message type 1 to plugin 2
sending message type 1 to plugin 5
sending message type 1 to plugin 6
sending message type 1 to plugin 7
sending message type 1 to plugin 9
sending message type 1 to plugin 10
sending message type 1 to plugin 11
sending message type 1 to plugin 13
sending message type 1 to plugin 14
sending message type 1 to plugin 15
sending message type 1 to plugin 16
sending message type 1 to plugin 17
sending message type 1 to plugin 18
plugin 18 allocated 14 bytes from branch pool
plugin 18 allocated 14 bytes from branch pool
dispatch message (0) to plugin listeners
sending message type 0 to plugin 40
sending message type 0 to plugin 44
dispatch message (0) to plugin listeners
dispatched message.
dispatched message.
sending message type 1 to plugin 20
sending message type 1 to plugin 21
dispatch message (1) to plugin listeners
sending message type 1 to plugin 40
sending message type 1 to plugin 44
dispatched message.
sending message type 1 to plugin 22
sending message type 1 to plugin 23
sending message type 1 to plugin 25
sending message type 1 to plugin 26
sending message type 1 to plugin 28
dispatch message (-422868135) to plugin listeners
sending message type 1 to plugin 30
dispatch message (-422868135) to plugin listeners
sending message type 1 to plugin 31
dispatch message (-422868135) to plugin listeners
sending message type 1 to plugin 32
dispatch message (-422868135) to plugin listeners
sending message type 1 to plugin 33
dispatch message (-422868135) to plugin listeners
sending message type 1 to plugin 34
dispatch message (-69227266) to plugin listeners
sending message type 1 to plugin 35
dispatch message (-422868135) to plugin listeners
sending message type 1 to plugin 36
sending message type 1 to plugin 37
sending message type 1 to plugin 39
sending message type 1 to plugin 40
sending message type 1 to plugin 41
dispatch message (-355783686) to plugin listeners
sending message type 1 to plugin 42
sending message type 1 to plugin 43
sending message type 1 to plugin 44
sending message type 1 to plugin 45
dispatch message (-422868135) to plugin listeners
sending message type 1 to plugin 46
sending message type 1 to plugin 47
sending message type 1 to plugin 48
sending message type 1 to plugin 49
dispatched message.
PAPYRUS_MEMBER_GUARD installed_read=1 installed_write=1 runtime=1.7.104 default_enabled=1
LOAD_REQUEST_PROBE_INSTALLED diagnostic_only=1 reject_basename= automatic_main_recovery=1
SAVE_ADMISSION_REQUEST_HOOKS installed=1 recovery_required=1 inner_enforcement_remains_enabled=1
TEXTURE_RELEASE_FIX installed=1 protection_restored=1 instruction_cache_flushed=1 default_enabled=1 environment_override=0 rva=100F1DE bytes=EB2B90 scope=remove_duplicate_release_triplet
LOAD_STREAM_LIFETIME_PROBE observation=0 admission_cleanup=1 installed_scalar=1 installed_nondeleting=1 complete_pair=1 base_hooked=0 max_events=128
init complete
hooked dinput
dispatch message (6) to plugin listeners
sending message type 6 to plugin 2
sending message type 6 to plugin 5
sending message type 6 to plugin 6
sending message type 6 to plugin 7
sending message type 6 to plugin 9
sending message type 6 to plugin 10
sending message type 6 to plugin 11
sending message type 6 to plugin 13
sending message type 6 to plugin 14
sending message type 6 to plugin 15
sending message type 6 to plugin 16
sending message type 6 to plugin 17
sending message type 6 to plugin 18
sending message type 6 to plugin 20
sending message type 6 to plugin 21
sending message type 6 to plugin 22
sending message type 6 to plugin 23
sending message type 6 to plugin 25
sending message type 6 to plugin 26
sending message type 6 to plugin 28
sending message type 6 to plugin 30
sending message type 6 to plugin 31
sending message type 6 to plugin 32
sending message type 6 to plugin 33
sending message type 6 to plugin 34
sending message type 6 to plugin 35
sending message type 6 to plugin 36
sending message type 6 to plugin 37
sending message type 6 to plugin 39
sending message type 6 to plugin 40
sending message type 6 to plugin 41
sending message type 6 to plugin 42
sending message type 6 to plugin 43
sending message type 6 to plugin 44
sending message type 6 to plugin 45
sending message type 6 to plugin 46
sending message type 6 to plugin 47
sending message type 6 to plugin 48
sending message type 6 to plugin 49
dispatched message.
dispatch message (-1707140088) to plugin listeners
dispatch message (-1707140088) to plugin listeners
dispatch message (-1707140088) to plugin listeners
dispatch message (-1707140088) to plugin listeners
dispatch message (-1707140088) to plugin listeners
Reading translations from Interface\Translations\Campfire_ENGLISH.txt...
Reading translations from Interface\Translations\Vigilant_ENGLISH.txt...
Reading translations from Interface\Translations\TheNewGentleman_ENGLISH.txt...
Reading translations from Interface\Translations\Wyrmstooth_ENGLISH.txt...
Reading translations from Interface\Translations\AHZmoreHUD_ENGLISH.txt...
Reading translations from Interface\Translations\SkyUI_SE_ENGLISH.txt...
Reading translations from Interface\Translations\I4IconAddon_ENGLISH.txt...
Reading translations from Interface\Translations\Audio Overhaul Skyrim_ENGLISH.txt...
Reading translations from Interface\Translations\C.O.I.N_ENGLISH.txt...
Reading translations from Interface\Translations\M.I.N.T_ENGLISH.txt...
Reading translations from Interface\Translations\exchangeCurrency_enhanced_ENGLISH.txt...
Reading translations from Interface\Translations\RaceMenu_ENGLISH.txt...
Reading translations from Interface\Translations\RaceMenuPlugin_ENGLISH.txt...
Reading translations from Interface\Translations\UIExtensions_ENGLISH.txt...
Reading translations from Interface\Translations\XPMSE_ENGLISH.txt...
Reading translations from Interface\Translations\VioLens SE_ENGLISH.txt...
Reading translations from Interface\Translations\SkyParkour_ENGLISH.txt...
Reading translations from Interface\Translations\MCMHelper_ENGLISH.txt...
Reading translations from Interface\Translations\run for your lives_ENGLISH.txt...
Reading translations from Interface\Translations\Precision_ENGLISH.txt...
Reading translations from Interface\Translations\BetterThirdPersonSelection_ENGLISH.txt...
Reading translations from Interface\Translations\Skyrim Unbound_ENGLISH.txt...
Reading translations from Interface\Translations\nwsFollowerFramework_ENGLISH.txt...
dispatch message (5) to plugin listeners
sending message type 5 to plugin 7
sending message type 5 to plugin 40
sending message type 5 to plugin 44
dispatched message.
dispatch message (5) to plugin listeners
sending message type 5 to plugin 7
sending message type 5 to plugin 40
sending message type 5 to plugin 44
dispatched message.
dispatch message (5) to plugin listeners
sending message type 5 to plugin 7
sending message type 5 to plugin 40
sending message type 5 to plugin 44
dispatched message.
dispatch message (5) to plugin listeners
sending message type 5 to plugin 7
sending message type 5 to plugin 40
sending message type 5 to plugin 44
dispatched message.
dispatch message (8) to plugin listeners
sending message type 8 to plugin 2
sending message type 8 to plugin 5
sending message type 8 to plugin 6
dispatch message (-1707140088) to plugin listeners
sending message type 8 to plugin 7
sending message type 8 to plugin 9
sending message type 8 to plugin 10
sending message type 8 to plugin 11
sending message type 8 to plugin 13
sending message type 8 to plugin 14
sending message type 8 to plugin 15
sending message type 8 to plugin 16
plugin 16 allocated 14 bytes from branch pool
plugin 16 allocated 14 bytes from branch pool
sending message type 8 to plugin 17
sending message type 8 to plugin 18
sending message type 8 to plugin 20
dispatch message (-422868135) to plugin listeners
sending message type 8 to plugin 21
sending message type 8 to plugin 22
sending message type 8 to plugin 23
sending message type 8 to plugin 25
sending message type 8 to plugin 26
sending message type 8 to plugin 28
sending message type 8 to plugin 30
sending message type 8 to plugin 31
sending message type 8 to plugin 32
sending message type 8 to plugin 33
sending message type 8 to plugin 34
sending message type 8 to plugin 35
sending message type 8 to plugin 36
sending message type 8 to plugin 37
sending message type 8 to plugin 39
sending message type 8 to plugin 40
sending message type 8 to plugin 41
sending message type 8 to plugin 42
sending message type 8 to plugin 43
sending message type 8 to plugin 44
sending message type 8 to plugin 45
sending message type 8 to plugin 46
sending message type 8 to plugin 47
sending message type 8 to plugin 48
sending message type 8 to plugin 49
dispatched message.
dispatch message (5) to plugin listeners
sending message type 5 to plugin 7
sending message type 5 to plugin 40
sending message type 5 to plugin 44
dispatched message.
dispatch message (5) to plugin listeners
sending message type 5 to plugin 7
sending message type 5 to plugin 40
sending message type 5 to plugin 44
dispatched message.
dispatch message (5) to plugin listeners
sending message type 5 to plugin 7
sending message type 5 to plugin 40
sending message type 5 to plugin 44
dispatched message.
dispatch message (7) to plugin listeners
sending message type 7 to plugin 2
sending message type 7 to plugin 5
sending message type 7 to plugin 6
sending message type 7 to plugin 7
sending message type 7 to plugin 9
sending message type 7 to plugin 10
sending message type 7 to plugin 11
sending message type 7 to plugin 13
sending message type 7 to plugin 14
sending message type 7 to plugin 15
sending message type 7 to plugin 16
sending message type 7 to plugin 17
sending message type 7 to plugin 18
sending message type 7 to plugin 20
sending message type 7 to plugin 21
sending message type 7 to plugin 22
sending message type 7 to plugin 23
sending message type 7 to plugin 25
sending message type 7 to plugin 26
sending message type 7 to plugin 28
sending message type 7 to plugin 30
sending message type 7 to plugin 31
sending message type 7 to plugin 32
sending message type 7 to plugin 33
sending message type 7 to plugin 34
dispatch message (1178861568) to plugin listeners
sending message type 1178861568 to plugin 40
sending message type 1178861568 to plugin 44
dispatched message.
dispatch message (1145523712) to plugin listeners
sending message type 1145523712 to plugin 40
sending message type 1145523712 to plugin 44
dispatched message.
sending message type 7 to plugin 35
sending message type 7 to plugin 36
sending message type 7 to plugin 37
sending message type 7 to plugin 39
sending message type 7 to plugin 40
sending message type 7 to plugin 41
sending message type 7 to plugin 42
sending message type 7 to plugin 43
sending message type 7 to plugin 44
sending message type 7 to plugin 45
sending message type 7 to plugin 46
sending message type 7 to plugin 47
sending message type 7 to plugin 48
sending message type 7 to plugin 49
dispatched message.
dispatch message (0) to plugin listeners
sending message type 0 to plugin 7
sending message type 0 to plugin 40
sending message type 0 to plugin 44
dispatch message (0) to plugin listeners
dispatched message.
dispatched message.
dispatch message (2) to plugin listeners
sending message type 2 to plugin 7
sending message type 2 to plugin 40
sending message type 2 to plugin 44
dispatched message.
dispatch message (1) to plugin listeners
sending message type 1 to plugin 7
sending message type 1 to plugin 40
sending message type 1 to plugin 44
dispatched message.
dispatch message (2) to plugin listeners
sending message type 2 to plugin 7
sending message type 2 to plugin 40
sending message type 2 to plugin 44
dispatched message.
dispatch message (4) to plugin listeners
sending message type 4 to plugin 7
sending message type 4 to plugin 40
sending message type 4 to plugin 44
dispatched message.
dispatch message (5) to plugin listeners
sending message type 5 to plugin 7
sending message type 5 to plugin 40
sending message type 5 to plugin 44
dispatched message.
dispatch message (5) to plugin listeners
sending message type 5 to plugin 7
sending message type 5 to plugin 40
sending message type 5 to plugin 44
dispatched message.
dispatch message (-422868135) to plugin listeners
dispatch message (-1707140088) to plugin listeners
WidgetLoader.as: setRootPath(a_path = exported/)
WidgetLoader.as: loadWidget(a_widgetID = 0, a_widgetSource = skyui/activeeffects.swf)
dispatch message (5) to plugin listeners
sending message type 5 to plugin 7
sending message type 5 to plugin 40
sending message type 5 to plugin 44
dispatched message.
dispatch message (5) to plugin listeners
sending message type 5 to plugin 7
sending message type 5 to plugin 40
sending message type 5 to plugin 44
dispatched message.
save name is Save1_FA0B4EB1_0_416476656E7475726572_SkyrimUnboundRoom01_000000_20260911025859_1_1
full save path: C:\Users\danjo\Documents\My Games\Skyrim Special Edition\__MO_Saves\\Save1_FA0B4EB1_0_416476656E7475726572_SkyrimUnboundRoom01_000000_20260911025859_1_1.skse
dispatch message (4) to plugin listeners
sending message type 4 to plugin 2
sending message type 4 to plugin 5
sending message type 4 to plugin 6
sending message type 4 to plugin 7
sending message type 4 to plugin 9
sending message type 4 to plugin 10
sending message type 4 to plugin 11
sending message type 4 to plugin 13
sending message type 4 to plugin 14
sending message type 4 to plugin 15
sending message type 4 to plugin 16
sending message type 4 to plugin 17
sending message type 4 to plugin 18
sending message type 4 to plugin 20
sending message type 4 to plugin 21
sending message type 4 to plugin 22
sending message type 4 to plugin 23
sending message type 4 to plugin 25
sending message type 4 to plugin 26
sending message type 4 to plugin 28
sending message type 4 to plugin 30
sending message type 4 to plugin 31
sending message type 4 to plugin 32
sending message type 4 to plugin 33
sending message type 4 to plugin 34
sending message type 4 to plugin 35
sending message type 4 to plugin 36
sending message type 4 to plugin 37
sending message type 4 to plugin 39
sending message type 4 to plugin 40
sending message type 4 to plugin 41
sending message type 4 to plugin 42
sending message type 4 to plugin 43
sending message type 4 to plugin 44
sending message type 4 to plugin 45
sending message type 4 to plugin 46
sending message type 4 to plugin 47
sending message type 4 to plugin 48
sending message type 4 to plugin 49
dispatched message.
creating co-save
Saving plugin list:
	[0]	Skyrim.esm
	[1]	Update.esm
	[2]	Dawnguard.esm
	[3]	HearthFires.esm
	[4]	Dragonborn.esm
	[5]	ccasvsse001-almsivi.esm
	[6]	ccbgssse001-fish.esm
	[FE:0]	ccbgssse002-exoticarrows.esl
	[FE:1]	ccbgssse003-zombies.esl
	[FE:2]	ccbgssse004-ruinsedge.esl
	[FE:3]	ccbgssse005-goldbrand.esl
	[FE:4]	ccbgssse006-stendarshammer.esl
	[FE:5]	ccbgssse007-chrysamere.esl
	[FE:6]	ccbgssse010-petdwarvenarmoredmudcrab.esl
	[FE:7]	ccbgssse011-hrsarmrelvn.esl
	[FE:8]	ccbgssse012-hrsarmrstl.esl
	[FE:9]	ccbgssse014-spellpack01.esl
	[FE:10]	ccbgssse019-staffofsheogorath.esl
	[FE:11]	ccbgssse020-graycowl.esl
	[FE:12]	ccbgssse021-lordsmail.esl
	[FE:13]	ccmtysse001-knightsofthenine.esl
	[FE:14]	ccqdrsse001-survivalmode.esl
	[7]	cctwbsse001-puzzledungeon.esm
	[8]	cceejsse001-hstead.esm
	[FE:15]	ccqdrsse002-firewood.esl
	[FE:16]	ccbgssse018-shadowrend.esl
	[FE:17]	ccbgssse035-petnhound.esl
	[FE:18]	ccfsvsse001-backpacks.esl
	[FE:19]	cceejsse002-tower.esl
	[FE:20]	ccedhsse001-norjewel.esl
	[FE:21]	ccvsvsse002-pets.esl
	[FE:22]	ccBGSSSE037-Curios.esl
	[FE:23]	ccbgssse034-mntuni.esl
	[FE:24]	ccbgssse045-hasedoki.esl
	[FE:25]	ccbgssse008-wraithguard.esl
	[FE:26]	ccbgssse036-petbwolf.esl
	[FE:27]	ccffbsse001-imperialdragon.esl
	[FE:28]	ccmtysse002-ve.esl
	[FE:29]	ccbgssse043-crosselv.esl
	[FE:30]	ccvsvsse001-winter.esl
	[FE:31]	cceejsse003-hollow.esl
	[9]	ccbgssse016-umbra.esm
	[10]	ccbgssse031-advcyrus.esm
	[FE:32]	ccbgssse038-bowofshadows.esl
	[FE:33]	ccbgssse040-advobgobs.esl
	[FE:34]	ccbgssse050-ba_daedric.esl
	[FE:35]	ccbgssse052-ba_iron.esl
	[FE:36]	ccbgssse054-ba_orcish.esl
	[FE:37]	ccbgssse058-ba_steel.esl
	[FE:38]	ccbgssse059-ba_dragonplate.esl
	[FE:39]	ccbgssse061-ba_dwarven.esl
	[FE:40]	ccpewsse002-armsofchaos.esl
	[FE:41]	ccbgssse041-netchleather.esl
	[FE:42]	ccedhsse002-splkntset.esl
	[FE:43]	ccbgssse064-ba_elven.esl
	[FE:44]	ccbgssse063-ba_ebony.esl
	[FE:45]	ccbgssse062-ba_dwarvenmail.esl
	[FE:46]	ccbgssse060-ba_dragonscale.esl
	[FE:47]	ccbgssse056-ba_silver.esl
	[FE:48]	ccbgssse055-ba_orcishscaled.esl
	[FE:49]	ccbgssse053-ba_leather.esl
	[FE:50]	ccbgssse051-ba_daedricmail.esl
	[FE:51]	ccbgssse057-ba_stalhrim.esl
	[FE:52]	ccbgssse066-staves.esl
	[11]	ccbgssse067-daedinv.esm
	[FE:53]	ccbgssse068-bloodfall.esl
	[FE:54]	ccbgssse069-contest.esl
	[FE:55]	ccvsvsse003-necroarts.esl
	[FE:56]	ccvsvsse004-beafarmer.esl
	[12]	ccbgssse025-advdsgs.esm
	[FE:57]	ccffbsse002-crossbowpack.esl
	[FE:58]	ccbgssse013-dawnfang.esl
	[FE:59]	ccrmssse001-necrohouse.esl
	[FE:60]	ccedhsse003-redguard.esl
	[FE:61]	cceejsse004-hall.esl
	[13]	cceejsse005-cave.esm
	[FE:62]	cckrtsse001_altar.esl
	[FE:63]	cccbhsse001-gaunt.esl
	[14]	ccafdsse001-dwesanctuary.esm
	[FE:64]	_ResourcePack.esl
	[15]	unofficial skyrim special edition patch.esp
	[FE:65]	unofficial skyrim creation club content patch.esl
	[FE:66]	Vanilla Script MicroOptimizations.esl
	[FE:67]	Navigator-NavFixes.esl
	[16]	Unofficial Skyrim Modders Patch.esp
	[FE:68]	Skyrim Landscape and Water Fixes - Light Sources.esp
	[FE:69]	Landscape and Water Fixes.esp
	[17]	Grand Solitude - The Walls of High King Erling.esp
	[18]	Folkstead.esp
	[19]	3DNPC.esp
	[20]	Nyhus.esp
	[21]	Snazzy Location Resources.esp
	[FE:70]	Snazzy Solitude Mid-Houses.esp
	[FE:71]	Snazzy Interiors - Solitude Vittoria Vici's House.esp
	[FE:72]	Snazzy Interiors - Solitude Bryling's House.esp
	[22]	Jehanna.esp
	[FE:73]	Snazzy Interiors - Solitude Erikur's House.esp
	[FE:74]	Lux Orbis - Master plugin.esm
	[23]	arnima.esm
	[24]	BSAssets.esm
	[FE:75]	Lux - Master plugin.esm
	[25]	BSHeartland.esm
	[26]	BS_DLC_patch.esp
	[27]	Campfire.esm
	[28]	Vigilant.esm
	[29]	Gray Fox Cowl.esm
	[30]	moonpath.esp
	[FE:76]	Lux - Resources.esp
	[FE:77]	1ChitinBow.esl
	[FE:78]	TheNewGentleman.esp
	[FE:79]	RMB SPID - Core Definitions.esp
	[31]	Lux Via.esp
	[32]	Wyrmstooth.esp
	[FE:80]	moe-scarves.esl
	[FE:81]	AHZmoreHUD.esl
	[FE:82]	FuzzBeed Resources.esp
	[FE:83]	Thanedom Assets.esl
	[FE:84]	SmoothCam.esl
	[FE:85]	Particle Patch.esp
	[33]	dD - Enhanced Blood Main LITE.esp
	[FE:86]	SkyUI_SE.esp
	[FE:87]	I4IconAddon.esp
	[34]	SMIM-SE-Merged-All.esp
	[FE:88]	SurvivalModeImproved.esp
	[35]	Audio Overhaul Skyrim.esp
	[36]	Immersive Sounds - Compendium.esp
	[FE:89]	AOS_ISC_Integration.esp
	[37]	Nature of the Wild Lands.esp
	[FE:90]	Lux Orbis.esp
	[38]	Landscape Fixes For Grass Mods.esp
	[FE:91]	Landscape and Water Fixes - Patch - LFfGM.esp
	[FE:92]	Landscape and Water Fixes - Patch - LFfGM - GotT.esp
	[FE:93]	Vanilla hair remake SMP NPCs.esp
	[39]	Relationship Dialogue Overhaul.esp
	[40]	cutting room floor.esp
	[FE:94]	Moonpath Music, Weather and Other Fixes.esp
	[FE:95]	Lux Via - plugin.esp
	[FE:96]	SFCO3-BOS - Resources.esp
	[FE:97]	SFCO3-BOS - Addons.esp
	[41]	NW_Sons_of_Skyrim.esp
	[42]	Embers XD.esp
	[43]	LostLongSwords.esp
	[FE:98]	Ensrick Lost LongSwords Curation.esp
	[FE:99]	Azurite Weathers III.esp
	[FE:100]	Azurite III CS.esp
	[FE:101]	Azurite III CS - Darker Nights.esp
	[FE:102]	CBBE.esp
	[44]	FNIS.esp
	[FE:103]	HIMBO.esp
	[45]	JRMoonpathtoElsweyrPatch.esp
	[FE:104]	Lux Orbis - Grand Solitude patch.esp
	[FE:105]	3DNPCNavFix.esp
	[46]	Solitude Docks.esp
	[FE:106]	Freak's Floral Solstheim.esp
	[47]	man_DaedricShrines.esp
	[48]	Inigo.esp
	[49]	HLIORemi.esp
	[FE:107]	Freak's Floral Fields.esp
	[FE:108]	Landscape and Water Fixes - Patch - Farming.esp
	[FE:109]	Landscape and Water Fixes - Patch - Tundra Homestead.esp
	[FE:110]	C.O.I.N.esp
	[FE:111]	M.I.N.T.esp
	[FE:112]	MorrowindUsesDrams.esp
	[FE:113]	MorrowindUsesDrams - No Office.esp
	[FE:114]	Mesh Improvement Compilation.esp
	[FE:115]	Lux Orbis - Cutting Room Floor patch.esp
	[FE:116]	Lux Orbis - 3DNPC patch.esp
	[FE:117]	SFCO3-Addons - Snazzy Interiors - Solitude Vittoria Vici's House patch.esp
	[FE:118]	SFCO3-Addons - Grand Solitude patch.esp
	[FE:119]	Collectibles Helper.esp
	[FE:120]	VigilantNavFix.esp
	[50]	PROTEUS.esp
	[FE:121]	Grand Solitude - 3DNPC patch.esp
	[51]	VLIOVarinia.esp
	[FE:122]	Lux Orbis - Solitude Docks Updated patch.esp
	[52]	Apocalypse - Magic of Skyrim.esp
	[FE:123]	Grand Solitude - Lux Via patch.esp
	[FE:124]	Shadow's NotWL - Solitude Docks Patch.esp
	[FE:125]	Grand Solitude - Nature of the Wild Lands patch.esp
	[FE:126]	Nature of the Wild Lands - CuttingRoomFloor.esp
	[FE:127]	Nature of the Wild Lands - CC Tundra Homestead.esp
	[FE:128]	SL99Exchanger.esp
	[FE:129]	exchangeCurrency_enhanced.esp
	[FE:130]	Lux Orbis - USSEP patch.esp
	[FE:131]	Lux Orbis - Riften Sconce Patch.esp
	[FE:132]	Ensrick Lost LongSwords Stormcloak Distribution.esp
	[FE:133]	Sons of Skyrim - Lux Orbis Patch.esp
	[FE:134]	Lux Orbis CS.esp
	[53]	RaceMenu.esp
	[54]	RaceMenuPlugin.esp
	[55]	RaceMenuMorphsCBBE.esp
	[FE:135]	RaceMenuMorphsHIMBO.esp
	[56]	UIExtensions.esp
	[57]	XPMSE.esp
	[FE:136]	Underwear.esp
	[FE:137]	JRMoonpathBrumaPatch.esp
	[FE:138]	Nature of the Wild Lands - Bruma.esp
	[FE:139]	Water for ENB - Patch - Beyond Skyrim.esp
	[FE:140]	Landscape and Water Fixes - Patch - Myrwatch - LFfGM.esp
	[FE:141]	Landscape and Water Fixes - CC Fishing patch.esp
	[FE:142]	Nature of the Wild Lands - Lux Via.esp
	[FE:143]	Moonpath Music, Weather and Other Fixes - JRMoonpathBrumaPatch.esp
	[FE:144]	Moonpath Blacksmith Forge Water Fix.esp
	[58]	VioLens SE.esp
	[FE:145]	Starfrost.esp
	[FE:146]	StarfrostVanillaHunger.esp
	[FE:147]	NW_Sons_of_Skyrim - My fixes by Xtudo.esp
	[FE:148]	Water for ENB - Patch - Beyond Reach.esp
	[59]	NW_Companions_Replacer_Light.esp
	[FE:149]	RMB SPID - Legacy of Ysgramor.esp
	[60]	One-handed warhammers.esp
	[61]	NW_Steel_Plate_Armors.esp
	[FE:150]	Grand Solitude - CRF patch.esp
	[62]	Lucien.esp
	[FE:151]	Landscape and Water Fixes - Patch - USMP.esp
	[63]	QSSwordPack.esp
	[64]	Baltimore Weapons.esp
	[65]	Vikings Weaponry - Johnskyrim.esp
	[FE:152]	RMB SPID - Legacy of Ysgramor - Wuuthrad.esp
	[FE:153]	Beyond Reach missing textures.esp
	[FE:154]	Beyond Reach missing textures 2.esp
	[FE:155]	Adabala Building System - Ayleid Transfusion.esp
	[FE:156]	GKB Beyond Reach Trees.esp
	[FE:157]	Ring of Khajiit - Replacer.esp
	[FE:158]	Skykings Unique Signs.esp
	[FE:159]	Skyking Signs - Bruma.esp
	[FE:160]	Disable Screen Blood.esp
	[FE:161]	NoRadialBlurOnHit.esp
	[FE:162]	3DNPC0.esp
	[FE:163]	3DNPC1.esp
	[FE:164]	Grand Solitude - Solitude Docks patch.esp
	[FE:165]	Landscape and Water Fixes - Patch - Alternative Armors - Elven Hunter.esp
	[FE:166]	Ensrick Inigo Bloodchill Landscape Forward.esp
	[FE:167]	interesting npcs ILS fix.esp
	[FE:168]	FjonaFamiliarFix.esp
	[FE:169]	3DNPC - Survival Mode.esp
	[FE:170]	Skyking Signs - Interesting NPCs Patch.esp
	[FE:171]	LunarGuardArmor.esp
	[FE:172]	3DNPC - CRF Patch.esp
	[FE:173]	Inigo Official Patch SE (ESPFE).esp
	[FE:174]	Dynamic Activation Key.esp
	[FE:175]	Simple Hunting Overhaul.esp
	[FE:176]	SHO - Bruma Patch.esp
	[66]	DIS_NordScale.esp
	[FE:177]	RallysAnimMarket.esp
	[FE:178]	SFCO3-Addons - CRF patch.esp
	[FE:179]	Grand Solitude - CC Lords Mail patch.esp
	[FE:180]	Grand Solitude - CC Alternative Armors - Dragon Plate patch.esp
	[FE:181]	Grand Solitude - CC Alternative Armors - Leather patch.esp
	[FE:182]	Grand Solitude - CC Civil War Champions patch.esp
	[FE:183]	Grand Solitude - CC Crossbows patch.esp
	[FE:184]	Grand Solitude - CC Gray Cowl Returns patch.esp
	[FE:185]	SFCO3-Addons - Snazzy Interiors - Solitude Erikur's House patch.esp
	[FE:186]	Snazzy Interiors - Solitude Erikur's House - CC Gray Cowl Returns patch.esp
	[FE:187]	Snazzy Interiors - Solitude Erikur's House - USSEP patch.esp
	[FE:188]	Snazzy Solitude Mid-Houses - CC Fishing patch.esp
	[FE:189]	SFCO3-Addons - 3DNPC patch.esp
	[FE:190]	SFCO3-Addons - Snazzy Interiors - Solitude Bryling's House patch.esp
	[FE:191]	SFCO3-Addons - Snazzy Solitude Mid-Houses patch.esp
	[FE:192]	SFCO3-Addons - Solitude Docks Updated patch.esp
	[FE:193]	SFCO3-Addons - The Gray Cowl of Nocturnal Patch.esp
	[FE:194]	SFCO3-Addons - Vigilant Patch.esp
	[FE:195]	SFCO3-Addons - Wyrmstooth patch.esp
	[FE:196]	Lux Orbis - Wyrmstooth.esp
	[FE:197]	Tree_Diversity_Project.esp
	[FE:198]	Freak's Floral Fields- Realistic Tundra.esp
	[FE:199]	Freak's Floral Fields-  Realistic Pine.esp
	[FE:200]	Freak's Floral Fields- Realistic Rift.esp
	[FE:201]	Freak's Floral Fields- Mixed Reach.esp
	[FE:202]	Freak's Floral Fields- Volcanic Wasteland.esp
	[FE:203]	Freak's Floral Fields- Dead Snow Grass.esp
	[FE:204]	SightlessNavFix.esp
	[FE:205]	Freak's Floral Veil.esp
	[FE:206]	Landscape and Water Fixes - Patch - Hendraheim.esp
	[FE:207]	Landscape and Water Fixes - Patch - Myrwatch.esp
	[FE:208]	Landscape and Water Fixes - Patch - Navigator ESL.esp
	[FE:209]	Landscape and Water Fixes - Patch - Vigil Enforcer Armor Set.esp
	[FE:210]	SkyParkour.esp
	[FE:211]	MCMHelper.esp
	[FE:212]	TerrainHelper.esp
	[FE:213]	HLIZRemiArnima.esp
	[FE:214]	HLIONameFix.esp
	[67]	run for your lives.esp
	[FE:215]	Cloaks - RMB SPCH.esp
	[FE:216]	Pelt Cloaks.esp
	[FE:217]	RMB SPCH - Pelt Cloaks.esp
	[FE:218]	C.O.I.N. - Beyond Skyrim Patch.esp
	[FE:219]	C.O.I.N. - The Cause Patch.esp
	[FE:220]	DominionUsesSancar.esp
	[FE:221]	WindhelmUsesUlfrics.esp
	[FE:222]	WindhelmUsesUlfrics - No Stall.esp
	[FE:223]	exchangeCurrency_patch_COIN.esp
	[FE:224]	exchangeCurrency_dial_medes.esp
	[FE:225]	exchangeCurrency_dial_ulfrics.esp
	[FE:226]	exchangeCurrency_patch_MINT_dram.esp
	[FE:227]	exchangeCurrency_patch_MINT_ulfric.esp
	[FE:228]	Ensrick TDP Ulvenwald Wind Calibration.esp
	[FE:229]	SonS_HDT_patch.esp
	[FE:230]	JS Dragon Claws AE - Wyrmstooth.esp
	[FE:231]	Book Covers Skyrim.esp
	[FE:232]	BCS-SP_TreasureMaps.esp
	[FE:233]	Rainbows Remade.esp
	[FE:234]	HPP - My fixes by Xtudo - Chopping Blocks - Campfire.esp
	[FE:235]	HPP - FirewoodSnow Campfire.esp
	[FE:236]	HPP - Vaermina's Torpor.esp
	[FE:237]	Precision.esp
	[FE:238]	Embers XD - Patch - Beyond Skyrim - Bruma.esp
	[FE:239]	Embers XD - Patch - Campfire.esp
	[FE:240]	Embers XD - Patch - Goldenhills Plantation.esp
	[FE:241]	Embers XD - Patch - Survival Mode Improved.esp
	[FE:242]	BetterThirdPersonSelection.esp
	[68]	Skyrim Unbound.esp
	[FE:243]	Skyrim Unbound - RDO Lite Patch.esp
	[69]	nwsFollowerFramework.esp
	[70]	Lux.esp
	[FE:244]	Lux CS Templates - Default.esp
	[FE:245]	Lux CS - Bulbs.esp
	[FE:246]	Lux - Vigil Enforcer CC.esp
	[FE:247]	Snazzy Interiors - Solitude Erikur's House - Lux patch.esp
	[FE:248]	Lux - Grand Solitude patch.esp
	[FE:249]	Lux - USSEP patch.esp
	[FE:250]	Lux - Umbra CC.esp
	[FE:251]	Lux - The Cause patch.esp
	[FE:252]	Lux - Staff of Hasedoki CC.esp
	[FE:253]	Lux - Saints and Seducers patch.esp
	[FE:254]	Lux - Tundra Homestead patch.esp
	[FE:255]	Lux - 3DNPC patch.esp
	[FE:256]	Lux - Pets of Skyrim CC.esp
	[FE:257]	Lux - Nchuanthumz Dwarven Home patch.esp
	[FE:258]	Lux - Goldbrand CC.esp
	[FE:259]	Lux - Goblins CC.esp
	[FE:260]	Lux - Ghosts of the Tribunal CC.esp
	[FE:261]	Lux - Forgotten Seasons.esp
	[FE:262]	Lux - Elite Crossbows.esp
	[FE:263]	Lux - Dead Mans Dread Patch.esp
	[FE:264]	Lux - CC Fish patch.esp
	[71]	Lux - BS Bruma patch.esp
	[FE:265]	Lux - Bloodchill Manor patch.esp
	[FE:266]	Lux - Bittercup Patch.esp
	[FE:267]	Lux - Dawnfang CC.esp
	[FE:268]	Lux - Necrohouse patch.esp
	[FE:269]	Lux - Hendraheim patch.esp
	[FE:270]	Lux - Shadowfoot Sanctum patch.esp
	[FE:271]	Lux - HDR.esp
	[FE:272]	Lux - The Gray Cowl of Nocturnal - 10th Anniversary patch.esp
	[FE:273]	Lux - Vigilant patch.esp
	[FE:274]	Lux - Wyrmstooth.esp
	[FE:275]	Lux - Cuting Room Floor.esp
	[FE:276]	Lux - Skyrim Unbound patch.esp
	[FE:277]	Snazzy Interiors - Solitude Bryling's House - Lux patch.esp
	[FE:278]	Snazzy Interiors - Solitude Vittoria Vici's House - Lux Patch.esp
	[FE:279]	Snazzy Solitude Mid-Houses - Lux patch.esp
	[FE:280]	Lux - Solitude Docks patch.esp
	[FE:281]	Ensrick - Collectibles Helper USSEP Forward.esp
	[FE:282]	Lux - Farmer patch.esp
	[72]	Water for ENB (Shades of Skyrim).esp
	[FE:283]	Water for ENB - Patch - Wyrmstooth.esp
	[FE:284]	WENB Shades USSEP.esp
	[FE:285]	ACMOS and Wyrmstooth - Water for ENB Patch.esp
	[73]	ENB Light.esp
	[FE:286]	A Clear Map of Skyrim.esp
	[FE:287]	ACMOS - Wyrmstooth.esp
	[FE:288]	ACMOS - Beyond Reach.esp
	[FE:289]	ACMOS - Bruma.esp
	[FE:290]	Lux - Water for ENB (Shades of skyrim) patch.esp
	[74]	ThanedomDirfjord.esp
	[75]	PatchDirfjordFolkstead.esp
	[76]	Skyrim Reborn - Hjaalmarch Hold.esp
	[FE:291]	Skyrim Reborn Hjaalmarch Hold - CRF Patch.esp
	[FE:292]	Mans Best Friend.esp
	[FE:293]	Man's Best Friend - A Meeko's Shack Overhaul - Fixes.esp
	[FE:294]	A Meeko's Shack Overhaul Fixes - NOTWL Patch.esp
	[FE:295]	Man's Best Friend - Meeko's Shack Skyrim Reborn.esp
	[FE:296]	Ensrick Lux Water CS Patch.esp
	[FE:297]	Ensrick General Compatibility Patch.esp
	[FE:298]	Ensrick CRF Semantic Patch.esp
	[FE:299]	Ensrick Guard Scaling Patch.esp
	[FE:300]	Ensrick Wolf Territorial Patch.esp
	[FE:301]	Ensrick Currency Integration Patch.esp
	[FE:302]	Ensrick Currency Regional Purses.esp
	[FE:303]	The Cause - Voiced.esp
	[FE:304]	DaedricArmorRedone.esp
	[FE:305]	ccbgssse050-ba_daedric - DaedricArmorRedone replacer by Xtudo.esp
	[FE:306]	WeaponBalancePatch.esp
Saving menu open/close event registrations...
Saving key input event registrations...
Saving control input event registrations...
Saving mod callback event registrations...
Saving crosshair ref event registrations...
Saving camera event registrations...
Saving actor action event registrations...
Saving NiNode update event registrations...
Saving SKSEPersistentObjectStorage data...
Saving SKSEDelayFunctorManager data...
cleared save path
dispatch message (5) to plugin listeners
sending message type 5 to plugin 7
sending message type 5 to plugin 40
sending message type 5 to plugin 44
dispatched message.
save name is Save2_FA0B4EB1_0_416476656E7475726572_SkyrimUnboundRoom01_000002_20260911030017_1_1
full save path: C:\Users\danjo\Documents\My Games\Skyrim Special Edition\__MO_Saves\\Save2_FA0B4EB1_0_416476656E7475726572_SkyrimUnboundRoom01_000002_20260911030017_1_1.skse
dispatch message (4) to plugin listeners
sending message type 4 to plugin 2
sending message type 4 to plugin 5
sending message type 4 to plugin 6
sending message type 4 to plugin 7
sending message type 4 to plugin 9
sending message type 4 to plugin 10
sending message type 4 to plugin 11
sending message type 4 to plugin 13
sending message type 4 to plugin 14
sending message type 4 to plugin 15
sending message type 4 to plugin 16
sending message type 4 to plugin 17
sending message type 4 to plugin 18
sending message type 4 to plugin 20
sending message type 4 to plugin 21
sending message type 4 to plugin 22
sending message type 4 to plugin 23
sending message type 4 to plugin 25
sending message type 4 to plugin 26
sending message type 4 to plugin 28
sending message type 4 to plugin 30
sending message type 4 to plugin 31
sending message type 4 to plugin 32
sending message type 4 to plugin 33
sending message type 4 to plugin 34
sending message type 4 to plugin 35
sending message type 4 to plugin 36
sending message type 4 to plugin 37
sending message type 4 to plugin 39
sending message type 4 to plugin 40
sending message type 4 to plugin 41
sending message type 4 to plugin 42
sending message type 4 to plugin 43
sending message type 4 to plugin 44
sending message type 4 to plugin 45
sending message type 4 to plugin 46
sending message type 4 to plugin 47
sending message type 4 to plugin 48
sending message type 4 to plugin 49
dispatched message.
creating co-save
Saving plugin list:
	[0]	Skyrim.esm
	[1]	Update.esm
	[2]	Dawnguard.esm
	[3]	HearthFires.esm
	[4]	Dragonborn.esm
	[5]	ccasvsse001-almsivi.esm
	[6]	ccbgssse001-fish.esm
	[FE:0]	ccbgssse002-exoticarrows.esl
	[FE:1]	ccbgssse003-zombies.esl
	[FE:2]	ccbgssse004-ruinsedge.esl
	[FE:3]	ccbgssse005-goldbrand.esl
	[FE:4]	ccbgssse006-stendarshammer.esl
	[FE:5]	ccbgssse007-chrysamere.esl
	[FE:6]	ccbgssse010-petdwarvenarmoredmudcrab.esl
	[FE:7]	ccbgssse011-hrsarmrelvn.esl
	[FE:8]	ccbgssse012-hrsarmrstl.esl
	[FE:9]	ccbgssse014-spellpack01.esl
	[FE:10]	ccbgssse019-staffofsheogorath.esl
	[FE:11]	ccbgssse020-graycowl.esl
	[FE:12]	ccbgssse021-lordsmail.esl
	[FE:13]	ccmtysse001-knightsofthenine.esl
	[FE:14]	ccqdrsse001-survivalmode.esl
	[7]	cctwbsse001-puzzledungeon.esm
	[8]	cceejsse001-hstead.esm
	[FE:15]	ccqdrsse002-firewood.esl
	[FE:16]	ccbgssse018-shadowrend.esl
	[FE:17]	ccbgssse035-petnhound.esl
	[FE:18]	ccfsvsse001-backpacks.esl
	[FE:19]	cceejsse002-tower.esl
	[FE:20]	ccedhsse001-norjewel.esl
	[FE:21]	ccvsvsse002-pets.esl
	[FE:22]	ccBGSSSE037-Curios.esl
	[FE:23]	ccbgssse034-mntuni.esl
	[FE:24]	ccbgssse045-hasedoki.esl
	[FE:25]	ccbgssse008-wraithguard.esl
	[FE:26]	ccbgssse036-petbwolf.esl
	[FE:27]	ccffbsse001-imperialdragon.esl
	[FE:28]	ccmtysse002-ve.esl
	[FE:29]	ccbgssse043-crosselv.esl
	[FE:30]	ccvsvsse001-winter.esl
	[FE:31]	cceejsse003-hollow.esl
	[9]	ccbgssse016-umbra.esm
	[10]	ccbgssse031-advcyrus.esm
	[FE:32]	ccbgssse038-bowofshadows.esl
	[FE:33]	ccbgssse040-advobgobs.esl
	[FE:34]	ccbgssse050-ba_daedric.esl
	[FE:35]	ccbgssse052-ba_iron.esl
	[FE:36]	ccbgssse054-ba_orcish.esl
	[FE:37]	ccbgssse058-ba_steel.esl
	[FE:38]	ccbgssse059-ba_dragonplate.esl
	[FE:39]	ccbgssse061-ba_dwarven.esl
	[FE:40]	ccpewsse002-armsofchaos.esl
	[FE:41]	ccbgssse041-netchleather.esl
	[FE:42]	ccedhsse002-splkntset.esl
	[FE:43]	ccbgssse064-ba_elven.esl
	[FE:44]	ccbgssse063-ba_ebony.esl
	[FE:45]	ccbgssse062-ba_dwarvenmail.esl
	[FE:46]	ccbgssse060-ba_dragonscale.esl
	[FE:47]	ccbgssse056-ba_silver.esl
	[FE:48]	ccbgssse055-ba_orcishscaled.esl
	[FE:49]	ccbgssse053-ba_leather.esl
	[FE:50]	ccbgssse051-ba_daedricmail.esl
	[FE:51]	ccbgssse057-ba_stalhrim.esl
	[FE:52]	ccbgssse066-staves.esl
	[11]	ccbgssse067-daedinv.esm
	[FE:53]	ccbgssse068-bloodfall.esl
	[FE:54]	ccbgssse069-contest.esl
	[FE:55]	ccvsvsse003-necroarts.esl
	[FE:56]	ccvsvsse004-beafarmer.esl
	[12]	ccbgssse025-advdsgs.esm
	[FE:57]	ccffbsse002-crossbowpack.esl
	[FE:58]	ccbgssse013-dawnfang.esl
	[FE:59]	ccrmssse001-necrohouse.esl
	[FE:60]	ccedhsse003-redguard.esl
	[FE:61]	cceejsse004-hall.esl
	[13]	cceejsse005-cave.esm
	[FE:62]	cckrtsse001_altar.esl
	[FE:63]	cccbhsse001-gaunt.esl
	[14]	ccafdsse001-dwesanctuary.esm
	[FE:64]	_ResourcePack.esl
	[15]	unofficial skyrim special edition patch.esp
	[FE:65]	unofficial skyrim creation club content patch.esl
	[FE:66]	Vanilla Script MicroOptimizations.esl
	[FE:67]	Navigator-NavFixes.esl
	[16]	Unofficial Skyrim Modders Patch.esp
	[FE:68]	Skyrim Landscape and Water Fixes - Light Sources.esp
	[FE:69]	Landscape and Water Fixes.esp
	[17]	Grand Solitude - The Walls of High King Erling.esp
	[18]	Folkstead.esp
	[19]	3DNPC.esp
	[20]	Nyhus.esp
	[21]	Snazzy Location Resources.esp
	[FE:70]	Snazzy Solitude Mid-Houses.esp
	[FE:71]	Snazzy Interiors - Solitude Vittoria Vici's House.esp
	[FE:72]	Snazzy Interiors - Solitude Bryling's House.esp
	[22]	Jehanna.esp
	[FE:73]	Snazzy Interiors - Solitude Erikur's House.esp
	[FE:74]	Lux Orbis - Master plugin.esm
	[23]	arnima.esm
	[24]	BSAssets.esm
	[FE:75]	Lux - Master plugin.esm
	[25]	BSHeartland.esm
	[26]	BS_DLC_patch.esp
	[27]	Campfire.esm
	[28]	Vigilant.esm
	[29]	Gray Fox Cowl.esm
	[30]	moonpath.esp
	[FE:76]	Lux - Resources.esp
	[FE:77]	1ChitinBow.esl
	[FE:78]	TheNewGentleman.esp
	[FE:79]	RMB SPID - Core Definitions.esp
	[31]	Lux Via.esp
	[32]	Wyrmstooth.esp
	[FE:80]	moe-scarves.esl
	[FE:81]	AHZmoreHUD.esl
	[FE:82]	FuzzBeed Resources.esp
	[FE:83]	Thanedom Assets.esl
	[FE:84]	SmoothCam.esl
	[FE:85]	Particle Patch.esp
	[33]	dD - Enhanced Blood Main LITE.esp
	[FE:86]	SkyUI_SE.esp
	[FE:87]	I4IconAddon.esp
	[34]	SMIM-SE-Merged-All.esp
	[FE:88]	SurvivalModeImproved.esp
	[35]	Audio Overhaul Skyrim.esp
	[36]	Immersive Sounds - Compendium.esp
	[FE:89]	AOS_ISC_Integration.esp
	[37]	Nature of the Wild Lands.esp
	[FE:90]	Lux Orbis.esp
	[38]	Landscape Fixes For Grass Mods.esp
	[FE:91]	Landscape and Water Fixes - Patch - LFfGM.esp
	[FE:92]	Landscape and Water Fixes - Patch - LFfGM - GotT.esp
	[FE:93]	Vanilla hair remake SMP NPCs.esp
	[39]	Relationship Dialogue Overhaul.esp
	[40]	cutting room floor.esp
	[FE:94]	Moonpath Music, Weather and Other Fixes.esp
	[FE:95]	Lux Via - plugin.esp
	[FE:96]	SFCO3-BOS - Resources.esp
	[FE:97]	SFCO3-BOS - Addons.esp
	[41]	NW_Sons_of_Skyrim.esp
	[42]	Embers XD.esp
	[43]	LostLongSwords.esp
	[FE:98]	Ensrick Lost LongSwords Curation.esp
	[FE:99]	Azurite Weathers III.esp
	[FE:100]	Azurite III CS.esp
	[FE:101]	Azurite III CS - Darker Nights.esp
	[FE:102]	CBBE.esp
	[44]	FNIS.esp
	[FE:103]	HIMBO.esp
	[45]	JRMoonpathtoElsweyrPatch.esp
	[FE:104]	Lux Orbis - Grand Solitude patch.esp
	[FE:105]	3DNPCNavFix.esp
	[46]	Solitude Docks.esp
	[FE:106]	Freak's Floral Solstheim.esp
	[47]	man_DaedricShrines.esp
	[48]	Inigo.esp
	[49]	HLIORemi.esp
	[FE:107]	Freak's Floral Fields.esp
	[FE:108]	Landscape and Water Fixes - Patch - Farming.esp
	[FE:109]	Landscape and Water Fixes - Patch - Tundra Homestead.esp
	[FE:110]	C.O.I.N.esp
	[FE:111]	M.I.N.T.esp
	[FE:112]	MorrowindUsesDrams.esp
	[FE:113]	MorrowindUsesDrams - No Office.esp
	[FE:114]	Mesh Improvement Compilation.esp
	[FE:115]	Lux Orbis - Cutting Room Floor patch.esp
	[FE:116]	Lux Orbis - 3DNPC patch.esp
	[FE:117]	SFCO3-Addons - Snazzy Interiors - Solitude Vittoria Vici's House patch.esp
	[FE:118]	SFCO3-Addons - Grand Solitude patch.esp
	[FE:119]	Collectibles Helper.esp
	[FE:120]	VigilantNavFix.esp
	[50]	PROTEUS.esp
	[FE:121]	Grand Solitude - 3DNPC patch.esp
	[51]	VLIOVarinia.esp
	[FE:122]	Lux Orbis - Solitude Docks Updated patch.esp
	[52]	Apocalypse - Magic of Skyrim.esp
	[FE:123]	Grand Solitude - Lux Via patch.esp
	[FE:124]	Shadow's NotWL - Solitude Docks Patch.esp
	[FE:125]	Grand Solitude - Nature of the Wild Lands patch.esp
	[FE:126]	Nature of the Wild Lands - CuttingRoomFloor.esp
	[FE:127]	Nature of the Wild Lands - CC Tundra Homestead.esp
	[FE:128]	SL99Exchanger.esp
	[FE:129]	exchangeCurrency_enhanced.esp
	[FE:130]	Lux Orbis - USSEP patch.esp
	[FE:131]	Lux Orbis - Riften Sconce Patch.esp
	[FE:132]	Ensrick Lost LongSwords Stormcloak Distribution.esp
	[FE:133]	Sons of Skyrim - Lux Orbis Patch.esp
	[FE:134]	Lux Orbis CS.esp
	[53]	RaceMenu.esp
	[54]	RaceMenuPlugin.esp
	[55]	RaceMenuMorphsCBBE.esp
	[FE:135]	RaceMenuMorphsHIMBO.esp
	[56]	UIExtensions.esp
	[57]	XPMSE.esp
	[FE:136]	Underwear.esp
	[FE:137]	JRMoonpathBrumaPatch.esp
	[FE:138]	Nature of the Wild Lands - Bruma.esp
	[FE:139]	Water for ENB - Patch - Beyond Skyrim.esp
	[FE:140]	Landscape and Water Fixes - Patch - Myrwatch - LFfGM.esp
	[FE:141]	Landscape and Water Fixes - CC Fishing patch.esp
	[FE:142]	Nature of the Wild Lands - Lux Via.esp
	[FE:143]	Moonpath Music, Weather and Other Fixes - JRMoonpathBrumaPatch.esp
	[FE:144]	Moonpath Blacksmith Forge Water Fix.esp
	[58]	VioLens SE.esp
	[FE:145]	Starfrost.esp
	[FE:146]	StarfrostVanillaHunger.esp
	[FE:147]	NW_Sons_of_Skyrim - My fixes by Xtudo.esp
	[FE:148]	Water for ENB - Patch - Beyond Reach.esp
	[59]	NW_Companions_Replacer_Light.esp
	[FE:149]	RMB SPID - Legacy of Ysgramor.esp
	[60]	One-handed warhammers.esp
	[61]	NW_Steel_Plate_Armors.esp
	[FE:150]	Grand Solitude - CRF patch.esp
	[62]	Lucien.esp
	[FE:151]	Landscape and Water Fixes - Patch - USMP.esp
	[63]	QSSwordPack.esp
	[64]	Baltimore Weapons.esp
	[65]	Vikings Weaponry - Johnskyrim.esp
	[FE:152]	RMB SPID - Legacy of Ysgramor - Wuuthrad.esp
	[FE:153]	Beyond Reach missing textures.esp
	[FE:154]	Beyond Reach missing textures 2.esp
	[FE:155]	Adabala Building System - Ayleid Transfusion.esp
	[FE:156]	GKB Beyond Reach Trees.esp
	[FE:157]	Ring of Khajiit - Replacer.esp
	[FE:158]	Skykings Unique Signs.esp
	[FE:159]	Skyking Signs - Bruma.esp
	[FE:160]	Disable Screen Blood.esp
	[FE:161]	NoRadialBlurOnHit.esp
	[FE:162]	3DNPC0.esp
	[FE:163]	3DNPC1.esp
	[FE:164]	Grand Solitude - Solitude Docks patch.esp
	[FE:165]	Landscape and Water Fixes - Patch - Alternative Armors - Elven Hunter.esp
	[FE:166]	Ensrick Inigo Bloodchill Landscape Forward.esp
	[FE:167]	interesting npcs ILS fix.esp
	[FE:168]	FjonaFamiliarFix.esp
	[FE:169]	3DNPC - Survival Mode.esp
	[FE:170]	Skyking Signs - Interesting NPCs Patch.esp
	[FE:171]	LunarGuardArmor.esp
	[FE:172]	3DNPC - CRF Patch.esp
	[FE:173]	Inigo Official Patch SE (ESPFE).esp
	[FE:174]	Dynamic Activation Key.esp
	[FE:175]	Simple Hunting Overhaul.esp
	[FE:176]	SHO - Bruma Patch.esp
	[66]	DIS_NordScale.esp
	[FE:177]	RallysAnimMarket.esp
	[FE:178]	SFCO3-Addons - CRF patch.esp
	[FE:179]	Grand Solitude - CC Lords Mail patch.esp
	[FE:180]	Grand Solitude - CC Alternative Armors - Dragon Plate patch.esp
	[FE:181]	Grand Solitude - CC Alternative Armors - Leather patch.esp
	[FE:182]	Grand Solitude - CC Civil War Champions patch.esp
	[FE:183]	Grand Solitude - CC Crossbows patch.esp
	[FE:184]	Grand Solitude - CC Gray Cowl Returns patch.esp
	[FE:185]	SFCO3-Addons - Snazzy Interiors - Solitude Erikur's House patch.esp
	[FE:186]	Snazzy Interiors - Solitude Erikur's House - CC Gray Cowl Returns patch.esp
	[FE:187]	Snazzy Interiors - Solitude Erikur's House - USSEP patch.esp
	[FE:188]	Snazzy Solitude Mid-Houses - CC Fishing patch.esp
	[FE:189]	SFCO3-Addons - 3DNPC patch.esp
	[FE:190]	SFCO3-Addons - Snazzy Interiors - Solitude Bryling's House patch.esp
	[FE:191]	SFCO3-Addons - Snazzy Solitude Mid-Houses patch.esp
	[FE:192]	SFCO3-Addons - Solitude Docks Updated patch.esp
	[FE:193]	SFCO3-Addons - The Gray Cowl of Nocturnal Patch.esp
	[FE:194]	SFCO3-Addons - Vigilant Patch.esp
	[FE:195]	SFCO3-Addons - Wyrmstooth patch.esp
	[FE:196]	Lux Orbis - Wyrmstooth.esp
	[FE:197]	Tree_Diversity_Project.esp
	[FE:198]	Freak's Floral Fields- Realistic Tundra.esp
	[FE:199]	Freak's Floral Fields-  Realistic Pine.esp
	[FE:200]	Freak's Floral Fields- Realistic Rift.esp
	[FE:201]	Freak's Floral Fields- Mixed Reach.esp
	[FE:202]	Freak's Floral Fields- Volcanic Wasteland.esp
	[FE:203]	Freak's Floral Fields- Dead Snow Grass.esp
	[FE:204]	SightlessNavFix.esp
	[FE:205]	Freak's Floral Veil.esp
	[FE:206]	Landscape and Water Fixes - Patch - Hendraheim.esp
	[FE:207]	Landscape and Water Fixes - Patch - Myrwatch.esp
	[FE:208]	Landscape and Water Fixes - Patch - Navigator ESL.esp
	[FE:209]	Landscape and Water Fixes - Patch - Vigil Enforcer Armor Set.esp
	[FE:210]	SkyParkour.esp
	[FE:211]	MCMHelper.esp
	[FE:212]	TerrainHelper.esp
	[FE:213]	HLIZRemiArnima.esp
	[FE:214]	HLIONameFix.esp
	[67]	run for your lives.esp
	[FE:215]	Cloaks - RMB SPCH.esp
	[FE:216]	Pelt Cloaks.esp
	[FE:217]	RMB SPCH - Pelt Cloaks.esp
	[FE:218]	C.O.I.N. - Beyond Skyrim Patch.esp
	[FE:219]	C.O.I.N. - The Cause Patch.esp
	[FE:220]	DominionUsesSancar.esp
	[FE:221]	WindhelmUsesUlfrics.esp
	[FE:222]	WindhelmUsesUlfrics - No Stall.esp
	[FE:223]	exchangeCurrency_patch_COIN.esp
	[FE:224]	exchangeCurrency_dial_medes.esp
	[FE:225]	exchangeCurrency_dial_ulfrics.esp
	[FE:226]	exchangeCurrency_patch_MINT_dram.esp
	[FE:227]	exchangeCurrency_patch_MINT_ulfric.esp
	[FE:228]	Ensrick TDP Ulvenwald Wind Calibration.esp
	[FE:229]	SonS_HDT_patch.esp
	[FE:230]	JS Dragon Claws AE - Wyrmstooth.esp
	[FE:231]	Book Covers Skyrim.esp
	[FE:232]	BCS-SP_TreasureMaps.esp
	[FE:233]	Rainbows Remade.esp
	[FE:234]	HPP - My fixes by Xtudo - Chopping Blocks - Campfire.esp
	[FE:235]	HPP - FirewoodSnow Campfire.esp
	[FE:236]	HPP - Vaermina's Torpor.esp
	[FE:237]	Precision.esp
	[FE:238]	Embers XD - Patch - Beyond Skyrim - Bruma.esp
	[FE:239]	Embers XD - Patch - Campfire.esp
	[FE:240]	Embers XD - Patch - Goldenhills Plantation.esp
	[FE:241]	Embers XD - Patch - Survival Mode Improved.esp
	[FE:242]	BetterThirdPersonSelection.esp
	[68]	Skyrim Unbound.esp
	[FE:243]	Skyrim Unbound - RDO Lite Patch.esp
	[69]	nwsFollowerFramework.esp
	[70]	Lux.esp
	[FE:244]	Lux CS Templates - Default.esp
	[FE:245]	Lux CS - Bulbs.esp
	[FE:246]	Lux - Vigil Enforcer CC.esp
	[FE:247]	Snazzy Interiors - Solitude Erikur's House - Lux patch.esp
	[FE:248]	Lux - Grand Solitude patch.esp
	[FE:249]	Lux - USSEP patch.esp
	[FE:250]	Lux - Umbra CC.esp
	[FE:251]	Lux - The Cause patch.esp
	[FE:252]	Lux - Staff of Hasedoki CC.esp
	[FE:253]	Lux - Saints and Seducers patch.esp
	[FE:254]	Lux - Tundra Homestead patch.esp
	[FE:255]	Lux - 3DNPC patch.esp
	[FE:256]	Lux - Pets of Skyrim CC.esp
	[FE:257]	Lux - Nchuanthumz Dwarven Home patch.esp
	[FE:258]	Lux - Goldbrand CC.esp
	[FE:259]	Lux - Goblins CC.esp
	[FE:260]	Lux - Ghosts of the Tribunal CC.esp
	[FE:261]	Lux - Forgotten Seasons.esp
	[FE:262]	Lux - Elite Crossbows.esp
	[FE:263]	Lux - Dead Mans Dread Patch.esp
	[FE:264]	Lux - CC Fish patch.esp
	[71]	Lux - BS Bruma patch.esp
	[FE:265]	Lux - Bloodchill Manor patch.esp
	[FE:266]	Lux - Bittercup Patch.esp
	[FE:267]	Lux - Dawnfang CC.esp
	[FE:268]	Lux - Necrohouse patch.esp
	[FE:269]	Lux - Hendraheim patch.esp
	[FE:270]	Lux - Shadowfoot Sanctum patch.esp
	[FE:271]	Lux - HDR.esp
	[FE:272]	Lux - The Gray Cowl of Nocturnal - 10th Anniversary patch.esp
	[FE:273]	Lux - Vigilant patch.esp
	[FE:274]	Lux - Wyrmstooth.esp
	[FE:275]	Lux - Cuting Room Floor.esp
	[FE:276]	Lux - Skyrim Unbound patch.esp
	[FE:277]	Snazzy Interiors - Solitude Bryling's House - Lux patch.esp
	[FE:278]	Snazzy Interiors - Solitude Vittoria Vici's House - Lux Patch.esp
	[FE:279]	Snazzy Solitude Mid-Houses - Lux patch.esp
	[FE:280]	Lux - Solitude Docks patch.esp
	[FE:281]	Ensrick - Collectibles Helper USSEP Forward.esp
	[FE:282]	Lux - Farmer patch.esp
	[72]	Water for ENB (Shades of Skyrim).esp
	[FE:283]	Water for ENB - Patch - Wyrmstooth.esp
	[FE:284]	WENB Shades USSEP.esp
	[FE:285]	ACMOS and Wyrmstooth - Water for ENB Patch.esp
	[73]	ENB Light.esp
	[FE:286]	A Clear Map of Skyrim.esp
	[FE:287]	ACMOS - Wyrmstooth.esp
	[FE:288]	ACMOS - Beyond Reach.esp
	[FE:289]	ACMOS - Bruma.esp
	[FE:290]	Lux - Water for ENB (Shades of skyrim) patch.esp
	[74]	ThanedomDirfjord.esp
	[75]	PatchDirfjordFolkstead.esp
	[76]	Skyrim Reborn - Hjaalmarch Hold.esp
	[FE:291]	Skyrim Reborn Hjaalmarch Hold - CRF Patch.esp
	[FE:292]	Mans Best Friend.esp
	[FE:293]	Man's Best Friend - A Meeko's Shack Overhaul - Fixes.esp
	[FE:294]	A Meeko's Shack Overhaul Fixes - NOTWL Patch.esp
	[FE:295]	Man's Best Friend - Meeko's Shack Skyrim Reborn.esp
	[FE:296]	Ensrick Lux Water CS Patch.esp
	[FE:297]	Ensrick General Compatibility Patch.esp
	[FE:298]	Ensrick CRF Semantic Patch.esp
	[FE:299]	Ensrick Guard Scaling Patch.esp
	[FE:300]	Ensrick Wolf Territorial Patch.esp
	[FE:301]	Ensrick Currency Integration Patch.esp
	[FE:302]	Ensrick Currency Regional Purses.esp
	[FE:303]	The Cause - Voiced.esp
	[FE:304]	DaedricArmorRedone.esp
	[FE:305]	ccbgssse050-ba_daedric - DaedricArmorRedone replacer by Xtudo.esp
	[FE:306]	WeaponBalancePatch.esp
Saving menu open/close event registrations...
Saving key input event registrations...
Saving control input event registrations...
Saving mod callback event registrations...
Saving crosshair ref event registrations...
Saving camera event registrations...
Saving actor action event registrations...
Saving NiNode update event registrations...
Saving SKSEPersistentObjectStorage data...
Saving SKSEDelayFunctorManager data...
cleared save path
dispatch message (5) to plugin listeners
sending message type 5 to plugin 7
sending message type 5 to plugin 40
sending message type 5 to plugin 44
dispatched message.
dispatch message (-1707140088) to plugin listeners
dispatch message (-1707140088) to plugin listeners
dispatch message (-1707140088) to plugin listeners
save name is Save3_FA0B4EB1_0_416476656E7475726572_SolitudeWorld_000002_20260911030029_1_1
full save path: C:\Users\danjo\Documents\My Games\Skyrim Special Edition\__MO_Saves\\Save3_FA0B4EB1_0_416476656E7475726572_SolitudeWorld_000002_20260911030029_1_1.skse
dispatch message (4) to plugin listeners
sending message type 4 to plugin 2
sending message type 4 to plugin 5
sending message type 4 to plugin 6
sending message type 4 to plugin 7
sending message type 4 to plugin 9
sending message type 4 to plugin 10
sending message type 4 to plugin 11
sending message type 4 to plugin 13
sending message type 4 to plugin 14
sending message type 4 to plugin 15
sending message type 4 to plugin 16
sending message type 4 to plugin 17
sending message type 4 to plugin 18
sending message type 4 to plugin 20
sending message type 4 to plugin 21
sending message type 4 to plugin 22
sending message type 4 to plugin 23
sending message type 4 to plugin 25
sending message type 4 to plugin 26
sending message type 4 to plugin 28
sending message type 4 to plugin 30
sending message type 4 to plugin 31
sending message type 4 to plugin 32
sending message type 4 to plugin 33
sending message type 4 to plugin 34
sending message type 4 to plugin 35
sending message type 4 to plugin 36
sending message type 4 to plugin 37
sending message type 4 to plugin 39
sending message type 4 to plugin 40
sending message type 4 to plugin 41
sending message type 4 to plugin 42
sending message type 4 to plugin 43
sending message type 4 to plugin 44
sending message type 4 to plugin 45
sending message type 4 to plugin 46
sending message type 4 to plugin 47
sending message type 4 to plugin 48
sending message type 4 to plugin 49
dispatched message.
creating co-save
Saving plugin list:
	[0]	Skyrim.esm
	[1]	Update.esm
	[2]	Dawnguard.esm
	[3]	HearthFires.esm
	[4]	Dragonborn.esm
	[5]	ccasvsse001-almsivi.esm
	[6]	ccbgssse001-fish.esm
	[FE:0]	ccbgssse002-exoticarrows.esl
	[FE:1]	ccbgssse003-zombies.esl
	[FE:2]	ccbgssse004-ruinsedge.esl
	[FE:3]	ccbgssse005-goldbrand.esl
	[FE:4]	ccbgssse006-stendarshammer.esl
	[FE:5]	ccbgssse007-chrysamere.esl
	[FE:6]	ccbgssse010-petdwarvenarmoredmudcrab.esl
	[FE:7]	ccbgssse011-hrsarmrelvn.esl
	[FE:8]	ccbgssse012-hrsarmrstl.esl
	[FE:9]	ccbgssse014-spellpack01.esl
	[FE:10]	ccbgssse019-staffofsheogorath.esl
	[FE:11]	ccbgssse020-graycowl.esl
	[FE:12]	ccbgssse021-lordsmail.esl
	[FE:13]	ccmtysse001-knightsofthenine.esl
	[FE:14]	ccqdrsse001-survivalmode.esl
	[7]	cctwbsse001-puzzledungeon.esm
	[8]	cceejsse001-hstead.esm
	[FE:15]	ccqdrsse002-firewood.esl
	[FE:16]	ccbgssse018-shadowrend.esl
	[FE:17]	ccbgssse035-petnhound.esl
	[FE:18]	ccfsvsse001-backpacks.esl
	[FE:19]	cceejsse002-tower.esl
	[FE:20]	ccedhsse001-norjewel.esl
	[FE:21]	ccvsvsse002-pets.esl
	[FE:22]	ccBGSSSE037-Curios.esl
	[FE:23]	ccbgssse034-mntuni.esl
	[FE:24]	ccbgssse045-hasedoki.esl
	[FE:25]	ccbgssse008-wraithguard.esl
	[FE:26]	ccbgssse036-petbwolf.esl
	[FE:27]	ccffbsse001-imperialdragon.esl
	[FE:28]	ccmtysse002-ve.esl
	[FE:29]	ccbgssse043-crosselv.esl
	[FE:30]	ccvsvsse001-winter.esl
	[FE:31]	cceejsse003-hollow.esl
	[9]	ccbgssse016-umbra.esm
	[10]	ccbgssse031-advcyrus.esm
	[FE:32]	ccbgssse038-bowofshadows.esl
	[FE:33]	ccbgssse040-advobgobs.esl
	[FE:34]	ccbgssse050-ba_daedric.esl
	[FE:35]	ccbgssse052-ba_iron.esl
	[FE:36]	ccbgssse054-ba_orcish.esl
	[FE:37]	ccbgssse058-ba_steel.esl
	[FE:38]	ccbgssse059-ba_dragonplate.esl
	[FE:39]	ccbgssse061-ba_dwarven.esl
	[FE:40]	ccpewsse002-armsofchaos.esl
	[FE:41]	ccbgssse041-netchleather.esl
	[FE:42]	ccedhsse002-splkntset.esl
	[FE:43]	ccbgssse064-ba_elven.esl
	[FE:44]	ccbgssse063-ba_ebony.esl
	[FE:45]	ccbgssse062-ba_dwarvenmail.esl
	[FE:46]	ccbgssse060-ba_dragonscale.esl
	[FE:47]	ccbgssse056-ba_silver.esl
	[FE:48]	ccbgssse055-ba_orcishscaled.esl
	[FE:49]	ccbgssse053-ba_leather.esl
	[FE:50]	ccbgssse051-ba_daedricmail.esl
	[FE:51]	ccbgssse057-ba_stalhrim.esl
	[FE:52]	ccbgssse066-staves.esl
	[11]	ccbgssse067-daedinv.esm
	[FE:53]	ccbgssse068-bloodfall.esl
	[FE:54]	ccbgssse069-contest.esl
	[FE:55]	ccvsvsse003-necroarts.esl
	[FE:56]	ccvsvsse004-beafarmer.esl
	[12]	ccbgssse025-advdsgs.esm
	[FE:57]	ccffbsse002-crossbowpack.esl
	[FE:58]	ccbgssse013-dawnfang.esl
	[FE:59]	ccrmssse001-necrohouse.esl
	[FE:60]	ccedhsse003-redguard.esl
	[FE:61]	cceejsse004-hall.esl
	[13]	cceejsse005-cave.esm
	[FE:62]	cckrtsse001_altar.esl
	[FE:63]	cccbhsse001-gaunt.esl
	[14]	ccafdsse001-dwesanctuary.esm
	[FE:64]	_ResourcePack.esl
	[15]	unofficial skyrim special edition patch.esp
	[FE:65]	unofficial skyrim creation club content patch.esl
	[FE:66]	Vanilla Script MicroOptimizations.esl
	[FE:67]	Navigator-NavFixes.esl
	[16]	Unofficial Skyrim Modders Patch.esp
	[FE:68]	Skyrim Landscape and Water Fixes - Light Sources.esp
	[FE:69]	Landscape and Water Fixes.esp
	[17]	Grand Solitude - The Walls of High King Erling.esp
	[18]	Folkstead.esp
	[19]	3DNPC.esp
	[20]	Nyhus.esp
	[21]	Snazzy Location Resources.esp
	[FE:70]	Snazzy Solitude Mid-Houses.esp
	[FE:71]	Snazzy Interiors - Solitude Vittoria Vici's House.esp
	[FE:72]	Snazzy Interiors - Solitude Bryling's House.esp
	[22]	Jehanna.esp
	[FE:73]	Snazzy Interiors - Solitude Erikur's House.esp
	[FE:74]	Lux Orbis - Master plugin.esm
	[23]	arnima.esm
	[24]	BSAssets.esm
	[FE:75]	Lux - Master plugin.esm
	[25]	BSHeartland.esm
	[26]	BS_DLC_patch.esp
	[27]	Campfire.esm
	[28]	Vigilant.esm
	[29]	Gray Fox Cowl.esm
	[30]	moonpath.esp
	[FE:76]	Lux - Resources.esp
	[FE:77]	1ChitinBow.esl
	[FE:78]	TheNewGentleman.esp
	[FE:79]	RMB SPID - Core Definitions.esp
	[31]	Lux Via.esp
	[32]	Wyrmstooth.esp
	[FE:80]	moe-scarves.esl
	[FE:81]	AHZmoreHUD.esl
	[FE:82]	FuzzBeed Resources.esp
	[FE:83]	Thanedom Assets.esl
	[FE:84]	SmoothCam.esl
	[FE:85]	Particle Patch.esp
	[33]	dD - Enhanced Blood Main LITE.esp
	[FE:86]	SkyUI_SE.esp
	[FE:87]	I4IconAddon.esp
	[34]	SMIM-SE-Merged-All.esp
	[FE:88]	SurvivalModeImproved.esp
	[35]	Audio Overhaul Skyrim.esp
	[36]	Immersive Sounds - Compendium.esp
	[FE:89]	AOS_ISC_Integration.esp
	[37]	Nature of the Wild Lands.esp
	[FE:90]	Lux Orbis.esp
	[38]	Landscape Fixes For Grass Mods.esp
	[FE:91]	Landscape and Water Fixes - Patch - LFfGM.esp
	[FE:92]	Landscape and Water Fixes - Patch - LFfGM - GotT.esp
	[FE:93]	Vanilla hair remake SMP NPCs.esp
	[39]	Relationship Dialogue Overhaul.esp
	[40]	cutting room floor.esp
	[FE:94]	Moonpath Music, Weather and Other Fixes.esp
	[FE:95]	Lux Via - plugin.esp
	[FE:96]	SFCO3-BOS - Resources.esp
	[FE:97]	SFCO3-BOS - Addons.esp
	[41]	NW_Sons_of_Skyrim.esp
	[42]	Embers XD.esp
	[43]	LostLongSwords.esp
	[FE:98]	Ensrick Lost LongSwords Curation.esp
	[FE:99]	Azurite Weathers III.esp
	[FE:100]	Azurite III CS.esp
	[FE:101]	Azurite III CS - Darker Nights.esp
	[FE:102]	CBBE.esp
	[44]	FNIS.esp
	[FE:103]	HIMBO.esp
	[45]	JRMoonpathtoElsweyrPatch.esp
	[FE:104]	Lux Orbis - Grand Solitude patch.esp
	[FE:105]	3DNPCNavFix.esp
	[46]	Solitude Docks.esp
	[FE:106]	Freak's Floral Solstheim.esp
	[47]	man_DaedricShrines.esp
	[48]	Inigo.esp
	[49]	HLIORemi.esp
	[FE:107]	Freak's Floral Fields.esp
	[FE:108]	Landscape and Water Fixes - Patch - Farming.esp
	[FE:109]	Landscape and Water Fixes - Patch - Tundra Homestead.esp
	[FE:110]	C.O.I.N.esp
	[FE:111]	M.I.N.T.esp
	[FE:112]	MorrowindUsesDrams.esp
	[FE:113]	MorrowindUsesDrams - No Office.esp
	[FE:114]	Mesh Improvement Compilation.esp
	[FE:115]	Lux Orbis - Cutting Room Floor patch.esp
	[FE:116]	Lux Orbis - 3DNPC patch.esp
	[FE:117]	SFCO3-Addons - Snazzy Interiors - Solitude Vittoria Vici's House patch.esp
	[FE:118]	SFCO3-Addons - Grand Solitude patch.esp
	[FE:119]	Collectibles Helper.esp
	[FE:120]	VigilantNavFix.esp
	[50]	PROTEUS.esp
	[FE:121]	Grand Solitude - 3DNPC patch.esp
	[51]	VLIOVarinia.esp
	[FE:122]	Lux Orbis - Solitude Docks Updated patch.esp
	[52]	Apocalypse - Magic of Skyrim.esp
	[FE:123]	Grand Solitude - Lux Via patch.esp
	[FE:124]	Shadow's NotWL - Solitude Docks Patch.esp
	[FE:125]	Grand Solitude - Nature of the Wild Lands patch.esp
	[FE:126]	Nature of the Wild Lands - CuttingRoomFloor.esp
	[FE:127]	Nature of the Wild Lands - CC Tundra Homestead.esp
	[FE:128]	SL99Exchanger.esp
	[FE:129]	exchangeCurrency_enhanced.esp
	[FE:130]	Lux Orbis - USSEP patch.esp
	[FE:131]	Lux Orbis - Riften Sconce Patch.esp
	[FE:132]	Ensrick Lost LongSwords Stormcloak Distribution.esp
	[FE:133]	Sons of Skyrim - Lux Orbis Patch.esp
	[FE:134]	Lux Orbis CS.esp
	[53]	RaceMenu.esp
	[54]	RaceMenuPlugin.esp
	[55]	RaceMenuMorphsCBBE.esp
	[FE:135]	RaceMenuMorphsHIMBO.esp
	[56]	UIExtensions.esp
	[57]	XPMSE.esp
	[FE:136]	Underwear.esp
	[FE:137]	JRMoonpathBrumaPatch.esp
	[FE:138]	Nature of the Wild Lands - Bruma.esp
	[FE:139]	Water for ENB - Patch - Beyond Skyrim.esp
	[FE:140]	Landscape and Water Fixes - Patch - Myrwatch - LFfGM.esp
	[FE:141]	Landscape and Water Fixes - CC Fishing patch.esp
	[FE:142]	Nature of the Wild Lands - Lux Via.esp
	[FE:143]	Moonpath Music, Weather and Other Fixes - JRMoonpathBrumaPatch.esp
	[FE:144]	Moonpath Blacksmith Forge Water Fix.esp
	[58]	VioLens SE.esp
	[FE:145]	Starfrost.esp
	[FE:146]	StarfrostVanillaHunger.esp
	[FE:147]	NW_Sons_of_Skyrim - My fixes by Xtudo.esp
	[FE:148]	Water for ENB - Patch - Beyond Reach.esp
	[59]	NW_Companions_Replacer_Light.esp
	[FE:149]	RMB SPID - Legacy of Ysgramor.esp
	[60]	One-handed warhammers.esp
	[61]	NW_Steel_Plate_Armors.esp
	[FE:150]	Grand Solitude - CRF patch.esp
	[62]	Lucien.esp
	[FE:151]	Landscape and Water Fixes - Patch - USMP.esp
	[63]	QSSwordPack.esp
	[64]	Baltimore Weapons.esp
	[65]	Vikings Weaponry - Johnskyrim.esp
	[FE:152]	RMB SPID - Legacy of Ysgramor - Wuuthrad.esp
	[FE:153]	Beyond Reach missing textures.esp
	[FE:154]	Beyond Reach missing textures 2.esp
	[FE:155]	Adabala Building System - Ayleid Transfusion.esp
	[FE:156]	GKB Beyond Reach Trees.esp
	[FE:157]	Ring of Khajiit - Replacer.esp
	[FE:158]	Skykings Unique Signs.esp
	[FE:159]	Skyking Signs - Bruma.esp
	[FE:160]	Disable Screen Blood.esp
	[FE:161]	NoRadialBlurOnHit.esp
	[FE:162]	3DNPC0.esp
	[FE:163]	3DNPC1.esp
	[FE:164]	Grand Solitude - Solitude Docks patch.esp
	[FE:165]	Landscape and Water Fixes - Patch - Alternative Armors - Elven Hunter.esp
	[FE:166]	Ensrick Inigo Bloodchill Landscape Forward.esp
	[FE:167]	interesting npcs ILS fix.esp
	[FE:168]	FjonaFamiliarFix.esp
	[FE:169]	3DNPC - Survival Mode.esp
	[FE:170]	Skyking Signs - Interesting NPCs Patch.esp
	[FE:171]	LunarGuardArmor.esp
	[FE:172]	3DNPC - CRF Patch.esp
	[FE:173]	Inigo Official Patch SE (ESPFE).esp
	[FE:174]	Dynamic Activation Key.esp
	[FE:175]	Simple Hunting Overhaul.esp
	[FE:176]	SHO - Bruma Patch.esp
	[66]	DIS_NordScale.esp
	[FE:177]	RallysAnimMarket.esp
	[FE:178]	SFCO3-Addons - CRF patch.esp
	[FE:179]	Grand Solitude - CC Lords Mail patch.esp
	[FE:180]	Grand Solitude - CC Alternative Armors - Dragon Plate patch.esp
	[FE:181]	Grand Solitude - CC Alternative Armors - Leather patch.esp
	[FE:182]	Grand Solitude - CC Civil War Champions patch.esp
	[FE:183]	Grand Solitude - CC Crossbows patch.esp
	[FE:184]	Grand Solitude - CC Gray Cowl Returns patch.esp
	[FE:185]	SFCO3-Addons - Snazzy Interiors - Solitude Erikur's House patch.esp
	[FE:186]	Snazzy Interiors - Solitude Erikur's House - CC Gray Cowl Returns patch.esp
	[FE:187]	Snazzy Interiors - Solitude Erikur's House - USSEP patch.esp
	[FE:188]	Snazzy Solitude Mid-Houses - CC Fishing patch.esp
	[FE:189]	SFCO3-Addons - 3DNPC patch.esp
	[FE:190]	SFCO3-Addons - Snazzy Interiors - Solitude Bryling's House patch.esp
	[FE:191]	SFCO3-Addons - Snazzy Solitude Mid-Houses patch.esp
	[FE:192]	SFCO3-Addons - Solitude Docks Updated patch.esp
	[FE:193]	SFCO3-Addons - The Gray Cowl of Nocturnal Patch.esp
	[FE:194]	SFCO3-Addons - Vigilant Patch.esp
	[FE:195]	SFCO3-Addons - Wyrmstooth patch.esp
	[FE:196]	Lux Orbis - Wyrmstooth.esp
	[FE:197]	Tree_Diversity_Project.esp
	[FE:198]	Freak's Floral Fields- Realistic Tundra.esp
	[FE:199]	Freak's Floral Fields-  Realistic Pine.esp
	[FE:200]	Freak's Floral Fields- Realistic Rift.esp
	[FE:201]	Freak's Floral Fields- Mixed Reach.esp
	[FE:202]	Freak's Floral Fields- Volcanic Wasteland.esp
	[FE:203]	Freak's Floral Fields- Dead Snow Grass.esp
	[FE:204]	SightlessNavFix.esp
	[FE:205]	Freak's Floral Veil.esp
	[FE:206]	Landscape and Water Fixes - Patch - Hendraheim.esp
	[FE:207]	Landscape and Water Fixes - Patch - Myrwatch.esp
	[FE:208]	Landscape and Water Fixes - Patch - Navigator ESL.esp
	[FE:209]	Landscape and Water Fixes - Patch - Vigil Enforcer Armor Set.esp
	[FE:210]	SkyParkour.esp
	[FE:211]	MCMHelper.esp
	[FE:212]	TerrainHelper.esp
	[FE:213]	HLIZRemiArnima.esp
	[FE:214]	HLIONameFix.esp
	[67]	run for your lives.esp
	[FE:215]	Cloaks - RMB SPCH.esp
	[FE:216]	Pelt Cloaks.esp
	[FE:217]	RMB SPCH - Pelt Cloaks.esp
	[FE:218]	C.O.I.N. - Beyond Skyrim Patch.esp
	[FE:219]	C.O.I.N. - The Cause Patch.esp
	[FE:220]	DominionUsesSancar.esp
	[FE:221]	WindhelmUsesUlfrics.esp
	[FE:222]	WindhelmUsesUlfrics - No Stall.esp
	[FE:223]	exchangeCurrency_patch_COIN.esp
	[FE:224]	exchangeCurrency_dial_medes.esp
	[FE:225]	exchangeCurrency_dial_ulfrics.esp
	[FE:226]	exchangeCurrency_patch_MINT_dram.esp
	[FE:227]	exchangeCurrency_patch_MINT_ulfric.esp
	[FE:228]	Ensrick TDP Ulvenwald Wind Calibration.esp
	[FE:229]	SonS_HDT_patch.esp
	[FE:230]	JS Dragon Claws AE - Wyrmstooth.esp
	[FE:231]	Book Covers Skyrim.esp
	[FE:232]	BCS-SP_TreasureMaps.esp
	[FE:233]	Rainbows Remade.esp
	[FE:234]	HPP - My fixes by Xtudo - Chopping Blocks - Campfire.esp
	[FE:235]	HPP - FirewoodSnow Campfire.esp
	[FE:236]	HPP - Vaermina's Torpor.esp
	[FE:237]	Precision.esp
	[FE:238]	Embers XD - Patch - Beyond Skyrim - Bruma.esp
	[FE:239]	Embers XD - Patch - Campfire.esp
	[FE:240]	Embers XD - Patch - Goldenhills Plantation.esp
	[FE:241]	Embers XD - Patch - Survival Mode Improved.esp
	[FE:242]	BetterThirdPersonSelection.esp
	[68]	Skyrim Unbound.esp
	[FE:243]	Skyrim Unbound - RDO Lite Patch.esp
	[69]	nwsFollowerFramework.esp
	[70]	Lux.esp
	[FE:244]	Lux CS Templates - Default.esp
	[FE:245]	Lux CS - Bulbs.esp
	[FE:246]	Lux - Vigil Enforcer CC.esp
	[FE:247]	Snazzy Interiors - Solitude Erikur's House - Lux patch.esp
	[FE:248]	Lux - Grand Solitude patch.esp
	[FE:249]	Lux - USSEP patch.esp
	[FE:250]	Lux - Umbra CC.esp
	[FE:251]	Lux - The Cause patch.esp
	[FE:252]	Lux - Staff of Hasedoki CC.esp
	[FE:253]	Lux - Saints and Seducers patch.esp
	[FE:254]	Lux - Tundra Homestead patch.esp
	[FE:255]	Lux - 3DNPC patch.esp
	[FE:256]	Lux - Pets of Skyrim CC.esp
	[FE:257]	Lux - Nchuanthumz Dwarven Home patch.esp
	[FE:258]	Lux - Goldbrand CC.esp
	[FE:259]	Lux - Goblins CC.esp
	[FE:260]	Lux - Ghosts of the Tribunal CC.esp
	[FE:261]	Lux - Forgotten Seasons.esp
	[FE:262]	Lux - Elite Crossbows.esp
	[FE:263]	Lux - Dead Mans Dread Patch.esp
	[FE:264]	Lux - CC Fish patch.esp
	[71]	Lux - BS Bruma patch.esp
	[FE:265]	Lux - Bloodchill Manor patch.esp
	[FE:266]	Lux - Bittercup Patch.esp
	[FE:267]	Lux - Dawnfang CC.esp
	[FE:268]	Lux - Necrohouse patch.esp
	[FE:269]	Lux - Hendraheim patch.esp
	[FE:270]	Lux - Shadowfoot Sanctum patch.esp
	[FE:271]	Lux - HDR.esp
	[FE:272]	Lux - The Gray Cowl of Nocturnal - 10th Anniversary patch.esp
	[FE:273]	Lux - Vigilant patch.esp
	[FE:274]	Lux - Wyrmstooth.esp
	[FE:275]	Lux - Cuting Room Floor.esp
	[FE:276]	Lux - Skyrim Unbound patch.esp
	[FE:277]	Snazzy Interiors - Solitude Bryling's House - Lux patch.esp
	[FE:278]	Snazzy Interiors - Solitude Vittoria Vici's House - Lux Patch.esp
	[FE:279]	Snazzy Solitude Mid-Houses - Lux patch.esp
	[FE:280]	Lux - Solitude Docks patch.esp
	[FE:281]	Ensrick - Collectibles Helper USSEP Forward.esp
	[FE:282]	Lux - Farmer patch.esp
	[72]	Water for ENB (Shades of Skyrim).esp
	[FE:283]	Water for ENB - Patch - Wyrmstooth.esp
	[FE:284]	WENB Shades USSEP.esp
	[FE:285]	ACMOS and Wyrmstooth - Water for ENB Patch.esp
	[73]	ENB Light.esp
	[FE:286]	A Clear Map of Skyrim.esp
	[FE:287]	ACMOS - Wyrmstooth.esp
	[FE:288]	ACMOS - Beyond Reach.esp
	[FE:289]	ACMOS - Bruma.esp
	[FE:290]	Lux - Water for ENB (Shades of skyrim) patch.esp
	[74]	ThanedomDirfjord.esp
	[75]	PatchDirfjordFolkstead.esp
	[76]	Skyrim Reborn - Hjaalmarch Hold.esp
	[FE:291]	Skyrim Reborn Hjaalmarch Hold - CRF Patch.esp
	[FE:292]	Mans Best Friend.esp
	[FE:293]	Man's Best Friend - A Meeko's Shack Overhaul - Fixes.esp
	[FE:294]	A Meeko's Shack Overhaul Fixes - NOTWL Patch.esp
	[FE:295]	Man's Best Friend - Meeko's Shack Skyrim Reborn.esp
	[FE:296]	Ensrick Lux Water CS Patch.esp
	[FE:297]	Ensrick General Compatibility Patch.esp
	[FE:298]	Ensrick CRF Semantic Patch.esp
	[FE:299]	Ensrick Guard Scaling Patch.esp
	[FE:300]	Ensrick Wolf Territorial Patch.esp
	[FE:301]	Ensrick Currency Integration Patch.esp
	[FE:302]	Ensrick Currency Regional Purses.esp
	[FE:303]	The Cause - Voiced.esp
	[FE:304]	DaedricArmorRedone.esp
	[FE:305]	ccbgssse050-ba_daedric - DaedricArmorRedone replacer by Xtudo.esp
	[FE:306]	WeaponBalancePatch.esp
Saving menu open/close event registrations...
Saving key input event registrations...
Saving control input event registrations...
Saving mod callback event registrations...
Saving crosshair ref event registrations...
Saving camera event registrations...
Saving actor action event registrations...
Saving NiNode update event registrations...
Saving SKSEPersistentObjectStorage data...
Saving SKSEDelayFunctorManager data...
cleared save path
dispatch message (5) to plugin listeners
sending message type 5 to plugin 7
sending message type 5 to plugin 40
sending message type 5 to plugin 44
dispatched message.
