[2026-09-10 23:32:36.193] +2ms POPUP_PATCHED api="MessageBoxW" scope="LaunchProbe.dll import table"
[2026-09-10 23:32:36.194] +3ms POPUP_PATCHED api="MessageBoxA" scope="LaunchProbe.dll import table"
[2026-09-10 23:32:36.194] +3ms PROBE_OPEN plugin="LaunchProbe" plugin_version="1.0.0.0" log="C:\Users\danjo\Documents\My Games\Skyrim Special Edition\SKSE\LaunchProbe.log"
[2026-09-10 23:32:36.194] +3ms DLL_ATTACH wall="2026-09-10 23:32:36.190" detail="static initializer; SKSE skips SKSEPlugin_Query for PluginVersionData plug-ins"
[2026-09-10 23:32:36.195] +4ms PLUGIN_LOAD runtime_skse="1.7.104.0" runtime_module="1.7.104.0" skse_version=33751056 is_editor=0 pid=34632
[2026-09-10 23:32:36.195] +4ms CONFIG autoload_enabled=0 autoload_save="" delay_ms=1500 heartbeat_ms=0
[2026-09-10 23:32:36.197] +6ms LISTENER_REGISTERED sender="SKSE"
[2026-09-10 23:32:36.197] +6ms PROBE_READY
[2026-09-10 23:32:36.655] +464ms SKSE_MESSAGE name="kPostLoad" sender="SKSE" type=0 data_len=0
[2026-09-10 23:32:36.655] +464ms SINK_REGISTERED stage="kPostLoad" event="RE::MenuOpenCloseEvent"
[2026-09-10 23:32:37.079] +888ms SKSE_MESSAGE name="kPostPostLoad" sender="SKSE" type=1 data_len=0
[2026-09-10 23:33:06.913] +30722ms SKSE_MESSAGE name="kInputLoaded" sender="SKSE" type=6 data_len=0
[2026-09-10 23:33:09.522] +33331ms MENU_OPEN name="SkyParkour"
[2026-09-10 23:33:09.530] +33339ms MENU_OPEN name="Loading Menu"
[2026-09-10 23:33:09.545] +33354ms MENU_OPEN name="Mist Menu"
[2026-09-10 23:33:09.549] +33358ms MENU_OPEN name="Fader Menu"
[2026-09-10 23:33:09.560] +33369ms MENU_OPEN name="LoadWaitSpinner"
[2026-09-10 23:33:23.440] +47249ms MENU_OPEN name="BTPS Ovelay Menu"
[2026-09-10 23:33:24.176] +47985ms SKSE_MESSAGE name="kDataLoaded" sender="SKSE" type=8 data_len=0
[2026-09-10 23:33:25.777] +49586ms MENU_OPEN name="Main Menu"
[2026-09-10 23:33:25.777] +49587ms MAIN_MENU_OPEN constant="Main Menu" ui_is_menu_open=1 has_movie_view=1
[2026-09-10 23:33:25.782] +49591ms MENU_OPEN name="Cursor Menu"
[2026-09-10 23:33:25.786] +49595ms MENU_OPEN name="Console"
[2026-09-10 23:33:25.786] +49595ms MENU_CLOSE name="Console"
[2026-09-10 23:33:25.786] +49595ms MENU_CLOSE name="Cursor Menu"
[2026-09-10 23:33:25.787] +49596ms MENU_CLOSE name="LoadWaitSpinner"
[2026-09-10 23:33:25.787] +49596ms MENU_CLOSE name="Loading Menu"
[2026-09-10 23:33:25.792] +49601ms MENU_OPEN name="Cursor Menu"
[2026-09-10 23:33:25.807] +49616ms MENU_OPEN name="BTPS Menu"
[2026-09-10 23:33:25.807] +49616ms MENU_CLOSE name="Cursor Menu"
[2026-09-10 23:33:25.809] +49618ms MENU_OPEN name="Cursor Menu"
[2026-09-10 23:33:39.128] +62937ms SKSE_MESSAGE name="kNewGame" sender="SKSE" type=7 data_len=8
[2026-09-10 23:33:39.175] +62984ms MENU_OPEN name="LoadWaitSpinner"
[2026-09-10 23:33:39.175] +62984ms MENU_CLOSE name="LoadWaitSpinner"
[2026-09-10 23:33:39.230] +63039ms MENU_OPEN name="HUD Menu"
[2026-09-10 23:33:39.231] +63040ms MENU_CLOSE name="Cursor Menu"
[2026-09-10 23:33:39.232] +63041ms MENU_OPEN name="Cursor Menu"
[2026-09-10 23:33:40.828] +64637ms MENU_CLOSE name="Fader Menu"
[2026-09-10 23:33:40.828] +64637ms MENU_CLOSE name="BTPS Ovelay Menu"
[2026-09-10 23:33:40.830] +64639ms MENU_CLOSE name="Main Menu"
[2026-09-10 23:33:40.830] +64639ms MENU_CLOSE name="BTPS Menu"
[2026-09-10 23:33:40.830] +64639ms MENU_CLOSE name="Cursor Menu"
[2026-09-10 23:33:40.830] +64639ms MENU_OPEN name="Loading Menu"
[2026-09-10 23:33:40.830] +64640ms MENU_OPEN name="Fader Menu"
[2026-09-10 23:33:45.688] +69497ms MENU_CLOSE name="Loading Menu"
[2026-09-10 23:33:45.691] +69500ms MENU_OPEN name="BTPS Ovelay Menu"
[2026-09-10 23:33:45.691] +69500ms MENU_OPEN name="BTPS Menu"
[2026-09-10 23:33:45.712] +69521ms MENU_CLOSE name="Mist Menu"
[2026-09-10 23:33:48.317] +72126ms MENU_OPEN name="RaceSex Menu"
[2026-09-10 23:33:48.318] +72127ms MENU_OPEN name="Cursor Menu"
[2026-09-10 23:34:11.688] +95497ms MENU_OPEN name="MessageBoxMenu"
[2026-09-10 23:34:12.370] +96179ms MENU_CLOSE name="MessageBoxMenu"
[2026-09-10 23:34:14.720] +98530ms MENU_CLOSE name="RaceSex Menu"
[2026-09-10 23:34:14.721] +98531ms MENU_CLOSE name="Fader Menu"
[2026-09-10 23:34:14.722] +98531ms MENU_CLOSE name="Cursor Menu"
[2026-09-10 23:34:14.965] +98774ms SKSE_MESSAGE name="kSaveGame" sender="SKSE" save="Save1_B2610D66_0_416476656E7475726572_SkyrimUnboundRoom01_000001_20260911043414_1_1"
[2026-09-10 23:34:15.107] +98916ms MENU_OPEN name="LoadWaitSpinner"
[2026-09-10 23:34:15.131] +98940ms MENU_CLOSE name="LoadWaitSpinner"
[2026-09-10 23:34:17.519] +101328ms MENU_OPEN name="Journal Menu"
[2026-09-10 23:34:17.520] +101329ms MENU_OPEN name="Cursor Menu"
[2026-09-10 23:36:15.375] +219184ms MENU_CLOSE name="Journal Menu"
[2026-09-10 23:36:15.375] +219184ms MENU_CLOSE name="Cursor Menu"
[2026-09-10 23:36:15.674] +219483ms MENU_OPEN name="Fader Menu"
[2026-09-10 23:36:18.556] +222365ms SKSE_MESSAGE name="kSaveGame" sender="SKSE" save="Save2_B2610D66_0_416476656E7475726572_SkyrimUnboundRoom01_000003_20260911043618_1_1"
[2026-09-10 23:36:18.761] +222570ms MENU_OPEN name="LoadWaitSpinner"
[2026-09-10 23:36:18.788] +222597ms MENU_CLOSE name="LoadWaitSpinner"
[2026-09-10 23:36:18.913] +222722ms MENU_CLOSE name="Fader Menu"
[2026-09-10 23:36:18.913] +222723ms MENU_CLOSE name="BTPS Ovelay Menu"
[2026-09-10 23:36:18.913] +222723ms MENU_CLOSE name="BTPS Menu"
[2026-09-10 23:36:18.914] +222723ms MENU_OPEN name="Loading Menu"
[2026-09-10 23:36:18.914] +222723ms MENU_OPEN name="Mist Menu"
[2026-09-10 23:36:18.914] +222723ms MENU_OPEN name="Fader Menu"
[2026-09-10 23:36:31.339] +235148ms MENU_CLOSE name="Loading Menu"
[2026-09-10 23:36:31.344] +235153ms MENU_OPEN name="BTPS Ovelay Menu"
[2026-09-10 23:36:31.344] +235153ms MENU_OPEN name="BTPS Menu"
[2026-09-10 23:36:31.367] +235176ms MENU_CLOSE name="Mist Menu"
[2026-09-10 23:36:33.992] +237801ms SKSE_MESSAGE name="kSaveGame" sender="SKSE" save="Save3_B2610D66_0_416476656E7475726572_SolitudeWorld_000003_20260911043633_1_1"
[2026-09-10 23:36:34.415] +238224ms MENU_OPEN name="LoadWaitSpinner"
[2026-09-10 23:36:34.440] +238249ms MENU_CLOSE name="LoadWaitSpinner"
[2026-09-10 23:36:34.867] +238676ms MENU_CLOSE name="Fader Menu"
[2026-09-10 23:39:55.942] +439751ms MENU_OPEN name="TweenMenu"
[2026-09-10 23:39:55.945] +439754ms MENU_OPEN name="Cursor Menu"
[2026-09-10 23:39:57.634] +441443ms MENU_OPEN name="InventoryMenu"
[2026-09-10 23:39:58.627] +442436ms MENU_CLOSE name="TweenMenu"
[2026-09-10 23:39:58.686] +442495ms MENU_CLOSE name="InventoryMenu"
[2026-09-10 23:39:58.686] +442495ms MENU_CLOSE name="Cursor Menu"
[2026-09-10 23:40:01.165] +444974ms MENU_OPEN name="Journal Menu"
[2026-09-10 23:40:01.167] +444976ms MENU_OPEN name="Cursor Menu"
