[2026-09-01 23:41:09.877] +1ms POPUP_PATCHED api="MessageBoxW" scope="LaunchProbe.dll import table"
[2026-09-01 23:41:09.878] +2ms POPUP_PATCHED api="MessageBoxA" scope="LaunchProbe.dll import table"
[2026-09-01 23:41:09.878] +2ms PROBE_OPEN plugin="LaunchProbe" plugin_version="1.0.0.0" log="C:\Users\danjo\Documents\My Games\Skyrim Special Edition\SKSE\LaunchProbe.log"
[2026-09-01 23:41:09.878] +2ms DLL_ATTACH wall="2026-09-01 23:41:09.876" detail="static initializer; SKSE skips SKSEPlugin_Query for PluginVersionData plug-ins"
[2026-09-01 23:41:09.878] +2ms PLUGIN_LOAD runtime_skse="1.7.104.0" runtime_module="1.7.104.0" skse_version=33751056 is_editor=0 pid=49836
[2026-09-01 23:41:09.878] +2ms CONFIG autoload_enabled=1 autoload_save="Autosave1_389B9F8E_0_416476656E747572657233_Tamriel_000016_20260902024535_1_1" delay_ms=1500 heartbeat_ms=0
[2026-09-01 23:41:09.879] +3ms LISTENER_REGISTERED sender="SKSE"
[2026-09-01 23:41:09.879] +3ms PROBE_READY
[2026-09-01 23:41:10.048] +172ms SKSE_MESSAGE name="kPostLoad" sender="SKSE" type=0 data_len=0
[2026-09-01 23:41:10.048] +172ms SINK_REGISTERED stage="kPostLoad" event="RE::MenuOpenCloseEvent"
[2026-09-01 23:41:10.221] +345ms SKSE_MESSAGE name="kPostPostLoad" sender="SKSE" type=1 data_len=0
[2026-09-01 23:41:32.173] +22297ms SKSE_MESSAGE name="kInputLoaded" sender="SKSE" type=6 data_len=0
[2026-09-01 23:41:33.527] +23651ms MENU_OPEN name="SkyParkour"
[2026-09-01 23:41:33.531] +23655ms MENU_OPEN name="Loading Menu"
[2026-09-01 23:41:33.544] +23668ms MENU_OPEN name="Mist Menu"
[2026-09-01 23:41:33.548] +23672ms MENU_OPEN name="Fader Menu"
[2026-09-01 23:41:33.557] +23681ms MENU_OPEN name="LoadWaitSpinner"
[2026-09-01 23:41:42.880] +33004ms SKSE_MESSAGE name="kDataLoaded" sender="SKSE" type=8 data_len=0
[2026-09-01 23:41:43.556] +33680ms MENU_OPEN name="Main Menu"
[2026-09-01 23:41:43.557] +33680ms MAIN_MENU_OPEN constant="Main Menu" ui_is_menu_open=1 has_movie_view=1
[2026-09-01 23:41:43.557] +33680ms AUTOLOAD_ARMED save="Autosave1_389B9F8E_0_416476656E747572657233_Tamriel_000016_20260902024535_1_1" delay_ms=1500
[2026-09-01 23:41:43.563] +33686ms MENU_OPEN name="Cursor Menu"
[2026-09-01 23:41:43.567] +33690ms MENU_OPEN name="Console"
[2026-09-01 23:41:43.567] +33690ms MENU_CLOSE name="Console"
[2026-09-01 23:41:43.567] +33691ms MENU_CLOSE name="Cursor Menu"
[2026-09-01 23:41:43.568] +33692ms MENU_CLOSE name="LoadWaitSpinner"
[2026-09-01 23:41:43.568] +33692ms MENU_CLOSE name="Loading Menu"
[2026-09-01 23:41:43.575] +33699ms MENU_OPEN name="Cursor Menu"
[2026-09-01 23:41:45.063] +35187ms AUTOLOAD_SETTLED detail="queueing main-thread task"
[2026-09-01 23:41:45.107] +35231ms AUTOLOAD_TASK_RUNNING detail="on main thread"
[2026-09-01 23:41:45.107] +35231ms AUTOLOAD_CALL api="RE::BGSSaveLoadManager::Load(const char*, bool)" save="Autosave1_389B9F8E_0_416476656E747572657233_Tamriel_000016_20260902024535_1_1" check_for_mods=0
[2026-09-01 23:41:45.112] +35236ms AUTOLOAD_RETURNED save="Autosave1_389B9F8E_0_416476656E747572657233_Tamriel_000016_20260902024535_1_1" detail="call returned; watch for kPreLoadGame/kPostLoadGame"
[2026-09-01 23:41:45.113] +35237ms MENU_OPEN name="LoadWaitSpinner"
[2026-09-01 23:41:45.114] +35237ms MENU_CLOSE name="LoadWaitSpinner"
[2026-09-01 23:41:45.114] +35238ms MENU_CLOSE name="Cursor Menu"
[2026-09-01 23:41:45.115] +35239ms MENU_OPEN name="Cursor Menu"
[2026-09-01 23:41:45.268] +35392ms SKSE_MESSAGE name="kPreLoadGame" sender="SKSE" save="Autosave1_389B9F8E_0_416476656E747572657233_Tamriel_000016_20260902024535_1_1.ess"
[2026-09-01 23:41:45.271] +35395ms MENU_CLOSE name="Main Menu"
[2026-09-01 23:41:45.271] +35395ms MENU_CLOSE name="Cursor Menu"
[2026-09-01 23:41:45.271] +35395ms MENU_CLOSE name="Fader Menu"
[2026-09-01 23:41:45.298] +35422ms MENU_OPEN name="Loading Menu"
[2026-09-01 23:41:45.298] +35422ms MENU_OPEN name="Fader Menu"
[2026-09-01 23:41:45.353] +35477ms MENU_OPEN name="HUD Menu"
[2026-09-01 23:41:46.240] +36363ms MENU_OPEN name="LoadWaitSpinner"
[2026-09-01 23:41:46.256] +36380ms MENU_CLOSE name="LoadWaitSpinner"
[2026-09-01 23:41:54.991] +45114ms SKSE_MESSAGE name="kPostLoadGame" sender="SKSE" success=1
[2026-09-01 23:41:55.144] +45268ms MENU_CLOSE name="Loading Menu"
[2026-09-01 23:41:55.173] +45297ms MENU_CLOSE name="Mist Menu"
[2026-09-01 23:41:58.190] +48314ms MENU_CLOSE name="Fader Menu"
[2026-09-01 23:42:01.909] +52032ms MENU_OPEN name="Journal Menu"
[2026-09-01 23:42:01.912] +52036ms MENU_OPEN name="Cursor Menu"
[2026-09-01 23:42:06.155] +56279ms MENU_CLOSE name="Journal Menu"
[2026-09-01 23:42:06.157] +56280ms MENU_CLOSE name="Cursor Menu"
[2026-09-01 23:42:07.811] +57935ms MENU_OPEN name="Console"
[2026-09-01 23:42:07.813] +57937ms MENU_OPEN name="Cursor Menu"
[2026-09-01 23:42:19.644] +69768ms MENU_CLOSE name="Console"
[2026-09-01 23:42:19.644] +69768ms MENU_CLOSE name="Cursor Menu"
[2026-09-01 23:42:20.747] +70871ms MENU_OPEN name="Console"
[2026-09-01 23:42:20.749] +70873ms MENU_OPEN name="Cursor Menu"
[2026-09-01 23:42:21.349] +71473ms MENU_CLOSE name="Console"
[2026-09-01 23:42:21.349] +71473ms MENU_CLOSE name="Cursor Menu"
[2026-09-01 23:42:48.219] +98343ms MENU_OPEN name="Journal Menu"
[2026-09-01 23:42:48.221] +98345ms MENU_OPEN name="Cursor Menu"
[2026-09-01 23:42:57.590] +107714ms MENU_OPEN name="LoadWaitSpinner"
[2026-09-01 23:42:57.590] +107714ms MENU_CLOSE name="LoadWaitSpinner"
[2026-09-01 23:42:57.590] +107714ms MENU_CLOSE name="Cursor Menu"
[2026-09-01 23:42:57.591] +107715ms MENU_OPEN name="Cursor Menu"
[2026-09-01 23:42:58.607] +108731ms MENU_CLOSE name="Journal Menu"
[2026-09-01 23:42:58.608] +108732ms MENU_CLOSE name="Cursor Menu"
[2026-09-01 23:43:22.954] +133078ms MENU_OPEN name="TweenMenu"
[2026-09-01 23:43:22.956] +133080ms MENU_OPEN name="Cursor Menu"
[2026-09-01 23:43:23.446] +133569ms MENU_OPEN name="InventoryMenu"
[2026-09-01 23:43:25.030] +135154ms MENU_CLOSE name="TweenMenu"
[2026-09-01 23:43:25.082] +135206ms MENU_CLOSE name="InventoryMenu"
[2026-09-01 23:43:25.082] +135206ms MENU_CLOSE name="Cursor Menu"
[2026-09-01 23:43:38.027] +148150ms MENU_OPEN name="TweenMenu"
[2026-09-01 23:43:38.029] +148153ms MENU_OPEN name="Cursor Menu"
[2026-09-01 23:43:38.628] +148752ms MENU_OPEN name="InventoryMenu"
[2026-09-01 23:43:40.066] +150190ms MENU_CLOSE name="TweenMenu"
[2026-09-01 23:43:40.119] +150243ms MENU_CLOSE name="InventoryMenu"
[2026-09-01 23:43:40.120] +150243ms MENU_CLOSE name="Cursor Menu"
[2026-09-01 23:45:44.150] +274274ms MENU_OPEN name="Console"
[2026-09-01 23:45:44.152] +274276ms MENU_OPEN name="Cursor Menu"
