[2026-09-01 23:41:09.892] +1ms POPUP_PATCHED api="MessageBoxW" scope="MenuPilot.dll import table"
[2026-09-01 23:41:09.893] +1ms POPUP_PATCHED api="MessageBoxA" scope="MenuPilot.dll import table"
[2026-09-01 23:41:09.893] +1ms PILOT_OPEN plugin="MenuPilot" version="1.0.0.0" log="C:\Users\danjo\Documents\My Games\Skyrim Special Edition\SKSE\MenuPilot\menupilot.log" pid=49836
[2026-09-01 23:41:09.893] +1ms PLUGIN_LOAD runtime="1.7.104.0" skse_version=33751056
[2026-09-01 23:41:09.893] +2ms PILOT_READY detail="inert until a commands.jsonl appears after kInputLoaded"
[2026-09-01 23:41:32.173] +22282ms STAGE name="kInputLoaded"
[2026-09-01 23:41:32.176] +22284ms POLL_START file="C:\Users\danjo\Documents\My Games\Skyrim Special Edition\SKSE\MenuPilot\commands.jsonl" interval_ms=250
[2026-09-01 23:41:42.880] +32989ms STAGE name="kDataLoaded"
[2026-09-01 23:42:07.783] +57892ms BATCH_CLAIMED n=0 stamp="20260902-044207"
[2026-09-01 23:42:07.784] +57893ms COMMAND id=1 op="ping" raw="{'op':'ping'}"
[2026-09-01 23:42:07.789] +57898ms RESULT id=1 op="ping" ok=1 runtime="1.7.104.0" ui=1 paused=0 menus_on_stack=2
[2026-09-01 23:42:07.789] +57898ms COMMAND id=2 op="menu.open" raw="{'op':'menu.open','menu':'Console'}"
[2026-09-01 23:42:07.805] +57913ms RESULT id=2 op="menu.open" ok=1 menu="Console" detail="queued; MENU_OPEN/MENU_CLOSE event confirms"
[2026-09-01 23:42:07.805] +57913ms COMMAND id=3 op="wait" raw="{'op':'wait','ms':600}"
[2026-09-01 23:42:08.405] +58514ms RESULT id=3 op="wait" ok=1 ms=600
[2026-09-01 23:42:08.406] +58514ms COMMAND id=4 op="menu.query" raw="{'op':'menu.query','menu':'Console'}"
[2026-09-01 23:42:08.415] +58523ms RESULT id=4 op="menu.query" ok=1 menu="Console" open=1 has_view=1 swf="Interface/Console.swf"
[2026-09-01 23:42:08.415] +58523ms COMMAND id=5 op="gfx.dump" raw="{'op':'gfx.dump','menu':'Console','path':'_root','depth':1,'max':120}"
[2026-09-01 23:42:08.432] +58541ms MEMBER id=5 path="_root" type="displayobject" value="{...}"
[2026-09-01 23:42:08.432] +58541ms MEMBER id=5 path="_root.instance1" type="displayobject" value="{...}"
[2026-09-01 23:42:08.432] +58541ms MEMBER id=5 path="_root.CurrentTime" type="number" value="58669"
[2026-09-01 23:42:08.432] +58541ms MEMBER id=5 path="_root.InitExtensions" type="object" value="{...}"
[2026-09-01 23:42:08.432] +58541ms RESULT id=5 op="gfx.dump" ok=1 menu="Console" path="_root" depth=1 members_logged=4
[2026-09-01 23:42:08.433] +58542ms BATCH_DONE n=0 commands=5 archived=1
[2026-09-01 23:42:14.701] +64809ms BATCH_CLAIMED n=1 stamp="20260902-044214"
[2026-09-01 23:42:14.701] +64810ms COMMAND id=6 op="gfx.dump" raw="{'op':'gfx.dump','menu':'Console','path':'_root.instance1','depth':1,'max':150}"
[2026-09-01 23:42:14.710] +64819ms MEMBER id=6 path="_root.instance1" type="displayobject" value="{...}"
[2026-09-01 23:42:14.710] +64819ms MEMBER id=6 path="_root.instance1.instance2" type="displayobject" value="{...}"
[2026-09-01 23:42:14.710] +64819ms RESULT id=6 op="gfx.dump" ok=1 menu="Console" path="_root.instance1" depth=1 members_logged=2
[2026-09-01 23:42:14.710] +64819ms COMMAND id=7 op="gfx.dump" raw="{'op':'gfx.dump','menu':'Console','path':'_root.instance1.CommandEntry','depth':0,'max':20}"
[2026-09-01 23:42:14.728] +64836ms RESULT id=7 op="gfx.dump" ok=0 menu="Console" path="_root.instance1.CommandEntry" reason="GetVariable failed"
[2026-09-01 23:42:14.728] +64837ms BATCH_DONE n=1 commands=2 archived=1
[2026-09-01 23:42:27.017] +77125ms BATCH_CLAIMED n=2 stamp="20260902-044227"
[2026-09-01 23:42:27.017] +77125ms COMMAND id=8 op="gfx.dump" raw="{'op':'gfx.dump','menu':'Console','path':'_root.instance1.instance2','depth':2,'max':200}"
[2026-09-01 23:42:27.018] +77127ms MEMBER id=8 path="_root.instance1.instance2" type="displayobject" value="{...}"
[2026-09-01 23:42:27.018] +77127ms MEMBER id=8 path="_root.instance1.instance2.Background" type="displayobject" value="{...}"
[2026-09-01 23:42:27.018] +77127ms MEMBER id=8 path="_root.instance1.instance2.CommandEntry" type="displayobject" value="{...}"
[2026-09-01 23:42:27.018] +77127ms MEMBER id=8 path="_root.instance1.instance2.CommandEntry.bottomScroll" type="number" value="1"
[2026-09-01 23:42:27.018] +77127ms MEMBER id=8 path="_root.instance1.instance2.CommandEntry.scroll" type="number" value="1"
[2026-09-01 23:42:27.018] +77127ms MEMBER id=8 path="_root.instance1.instance2.CommandEntry.tabIndex" type="number" value="0"
[2026-09-01 23:42:27.018] +77127ms MEMBER id=8 path="_root.instance1.instance2.CommandEntry.html" type="bool" value="true"
[2026-09-01 23:42:27.018] +77127ms MEMBER id=8 path="_root.instance1.instance2.CommandEntry.minFontSize" type="number" value="10"
[2026-09-01 23:42:27.018] +77127ms MEMBER id=8 path="_root.instance1.instance2.CommandEntry.maxChars" type="null" value=""
[2026-09-01 23:42:27.018] +77127ms MEMBER id=8 path="_root.instance1.instance2.CommandEntry.antiAliasType" type="string" value="advanced"
[2026-09-01 23:42:27.018] +77127ms MEMBER id=8 path="_root.instance1.instance2.CommandEntry.textWidth" type="number" value="0"
[2026-09-01 23:42:27.018] +77127ms MEMBER id=8 path="_root.instance1.instance2.CommandEntry.type" type="string" value="input"
[2026-09-01 23:42:27.018] +77127ms MEMBER id=8 path="_root.instance1.instance2.CommandEntry.enableShrinkToFit" type="bool" value="false"
[2026-09-01 23:42:27.018] +77127ms MEMBER id=8 path="_root.instance1.instance2.CommandEntry.htmlText" type="string" value=""
[2026-09-01 23:42:27.018] +77127ms MEMBER id=8 path="_root.instance1.instance2.CommandEntry.textColor" type="number" value="16777215"
[2026-09-01 23:42:27.018] +77127ms MEMBER id=8 path="_root.instance1.instance2.CommandEntry.maxHeightExpand" type="number" value="0"
[2026-09-01 23:42:27.018] +77127ms MEMBER id=8 path="_root.instance1.instance2.CommandEntry.text" type="string" value=""
[2026-09-01 23:42:27.018] +77127ms MEMBER id=8 path="_root.instance1.instance2.CommandEntry.SetText" type="object" value="{...}"
[2026-09-01 23:42:27.018] +77127ms MEMBER id=8 path="_root.instance1.instance2.CommandEntry.wordWrap" type="bool" value="false"
[2026-09-01 23:42:27.018] +77127ms MEMBER id=8 path="_root.instance1.instance2.CommandEntry.autoSize" type="string" value="none"
[2026-09-01 23:42:27.018] +77127ms MEMBER id=8 path="_root.instance1.instance2.CommandEntry.condenseWhite" type="bool" value="false"
[2026-09-01 23:42:27.018] +77127ms MEMBER id=8 path="_root.instance1.instance2.CommandEntry.restrict" type="null" value=""
[2026-09-01 23:42:27.018] +77127ms MEMBER id=8 path="_root.instance1.instance2.CommandEntry.length" type="number" value="0"
[2026-09-01 23:42:27.018] +77127ms MEMBER id=8 path="_root.instance1.instance2.CommandEntry.maxscroll" type="number" value="1"
[2026-09-01 23:42:27.018] +77127ms MEMBER id=8 path="_root.instance1.instance2.CommandEntry.styleSheet" type="undefined" value=""
[2026-09-01 23:42:27.018] +77127ms MEMBER id=8 path="_root.instance1.instance2.CommandEntry.multiline" type="bool" value="false"
[2026-09-01 23:42:27.018] +77127ms MEMBER id=8 path="_root.instance1.instance2.CommandEntry.variable" type="null" value=""
[2026-09-01 23:42:27.018] +77127ms MEMBER id=8 path="_root.instance1.instance2.CommandEntry.hscroll" type="number" value="0"
[2026-09-01 23:42:27.018] +77127ms MEMBER id=8 path="_root.instance1.instance2.CommandEntry.selectable" type="bool" value="true"
[2026-09-01 23:42:27.018] +77127ms MEMBER id=8 path="_root.instance1.instance2.CommandEntry.textHeight" type="number" value="23"
[2026-09-01 23:42:27.018] +77127ms MEMBER id=8 path="_root.instance1.instance2.CommandEntry.border" type="bool" value="false"
[2026-09-01 23:42:27.018] +77127ms MEMBER id=8 path="_root.instance1.instance2.CommandEntry.background" type="bool" value="false"
[2026-09-01 23:42:27.018] +77127ms MEMBER id=8 path="_root.instance1.instance2.CommandEntry.embedFonts" type="bool" value="true"
[2026-09-01 23:42:27.018] +77127ms MEMBER id=8 path="_root.instance1.instance2.CommandEntry.mouseWheelEnabled" type="bool" value="true"
[2026-09-01 23:42:27.018] +77127ms MEMBER id=8 path="_root.instance1.instance2.CommandEntry.borderColor" type="number" value="0"
[2026-09-01 23:42:27.018] +77127ms MEMBER id=8 path="_root.instance1.instance2.CommandEntry.maxhscroll" type="number" value="0"
[2026-09-01 23:42:27.018] +77127ms MEMBER id=8 path="_root.instance1.instance2.CommandEntry.backgroundColor" type="number" value="16777215"
[2026-09-01 23:42:27.018] +77127ms MEMBER id=8 path="_root.instance1.instance2.CommandEntry.overflowMode" type="string" value="none"
[2026-09-01 23:42:27.018] +77127ms MEMBER id=8 path="_root.instance1.instance2.CommandEntry.password" type="bool" value="false"
[2026-09-01 23:42:27.018] +77127ms MEMBER id=8 path="_root.instance1.instance2.CommandHistory" type="displayobject" value="{...}"
[2026-09-01 23:42:27.018] +77127ms MEMBER id=8 path="_root.instance1.instance2.CommandHistory.bottomScroll" type="number" value="17"
[2026-09-01 23:42:27.018] +77127ms MEMBER id=8 path="_root.instance1.instance2.CommandHistory.scroll" type="number" value="1"
[2026-09-01 23:42:27.019] +77127ms MEMBER id=8 path="_root.instance1.instance2.CommandHistory.tabIndex" type="number" value="0"
[2026-09-01 23:42:27.019] +77127ms MEMBER id=8 path="_root.instance1.instance2.CommandHistory.html" type="bool" value="true"
[2026-09-01 23:42:27.019] +77127ms MEMBER id=8 path="_root.instance1.instance2.CommandHistory.minFontSize" type="number" value="10"
[2026-09-01 23:42:27.019] +77127ms MEMBER id=8 path="_root.instance1.instance2.CommandHistory.maxChars" type="null" value=""
[2026-09-01 23:42:27.019] +77127ms MEMBER id=8 path="_root.instance1.instance2.CommandHistory.antiAliasType" type="string" value="advanced"
[2026-09-01 23:42:27.019] +77127ms MEMBER id=8 path="_root.instance1.instance2.CommandHistory.textWidth" type="number" value="1582"
[2026-09-01 23:42:27.019] +77127ms MEMBER id=8 path="_root.instance1.instance2.CommandHistory.type" type="string" value="dynamic"
[2026-09-01 23:42:27.019] +77127ms MEMBER id=8 path="_root.instance1.instance2.CommandHistory.enableShrinkToFit" type="bool" value="false"
[2026-09-01 23:42:27.019] +77127ms MEMBER id=8 path="_root.instance1.instance2.CommandHistory.htmlText" type="string" value="<TEXTFORMAT INDENT='0' LEFTMARGIN='0' RIGHTMARGIN='0' LEADING='2'><P ALIGN='LEFT'><FONT FACE='$ConsoleFont' SIZE='18' COLOR='#999999' LETTERSPACING='2.000000' KERNING='0'><B>Registering functions star..."
[2026-09-01 23:42:27.019] +77127ms MEMBER id=8 path="_root.instance1.instance2.CommandHistory.textColor" type="number" value="10066329"
[2026-09-01 23:42:27.019] +77127ms MEMBER id=8 path="_root.instance1.instance2.CommandHistory.maxHeightExpand" type="number" value="0"
[2026-09-01 23:42:27.019] +77127ms MEMBER id=8 path="_root.instance1.instance2.CommandHistory.text" type="string" value="Registering functions started Registering functions finished in 0.006000 sec [BOS] Conflicts found, check po3_BaseObjectSwapper.log in C:\Users\danjo\Documents\My Games\Skyrim Special Edition\SKSE for..."
[2026-09-01 23:42:27.019] +77127ms MEMBER id=8 path="_root.instance1.instance2.CommandHistory.SetText" type="object" value="{...}"
[2026-09-01 23:42:27.019] +77127ms MEMBER id=8 path="_root.instance1.instance2.CommandHistory.wordWrap" type="bool" value="true"
[2026-09-01 23:42:27.019] +77127ms MEMBER id=8 path="_root.instance1.instance2.CommandHistory.autoSize" type="string" value="none"
[2026-09-01 23:42:27.019] +77127ms MEMBER id=8 path="_root.instance1.instance2.CommandHistory.condenseWhite" type="bool" value="false"
[2026-09-01 23:42:27.019] +77127ms MEMBER id=8 path="_root.instance1.instance2.CommandHistory.restrict" type="null" value=""
[2026-09-01 23:42:27.019] +77127ms MEMBER id=8 path="_root.instance1.instance2.CommandHistory.length" type="number" value="554"
[2026-09-01 23:42:27.019] +77127ms MEMBER id=8 path="_root.instance1.instance2.CommandHistory.maxscroll" type="number" value="1"
[2026-09-01 23:42:27.019] +77127ms MEMBER id=8 path="_root.instance1.instance2.CommandHistory.styleSheet" type="undefined" value=""
[2026-09-01 23:42:27.019] +77127ms MEMBER id=8 path="_root.instance1.instance2.CommandHistory.multiline" type="bool" value="true"
[2026-09-01 23:42:27.019] +77128ms MEMBER id=8 path="_root.instance1.instance2.CommandHistory.variable" type="null" value=""
[2026-09-01 23:42:27.019] +77128ms MEMBER id=8 path="_root.instance1.instance2.CommandHistory.hscroll" type="number" value="0"
[2026-09-01 23:42:27.019] +77128ms MEMBER id=8 path="_root.instance1.instance2.CommandHistory.selectable" type="bool" value="false"
[2026-09-01 23:42:27.019] +77128ms MEMBER id=8 path="_root.instance1.instance2.CommandHistory.textHeight" type="number" value="367"
[2026-09-01 23:42:27.019] +77128ms MEMBER id=8 path="_root.instance1.instance2.CommandHistory.border" type="bool" value="false"
[2026-09-01 23:42:27.019] +77128ms MEMBER id=8 path="_root.instance1.instance2.CommandHistory.background" type="bool" value="false"
[2026-09-01 23:42:27.019] +77128ms MEMBER id=8 path="_root.instance1.instance2.CommandHistory.embedFonts" type="bool" value="true"
[2026-09-01 23:42:27.019] +77128ms MEMBER id=8 path="_root.instance1.instance2.CommandHistory.mouseWheelEnabled" type="bool" value="true"
[2026-09-01 23:42:27.019] +77128ms MEMBER id=8 path="_root.instance1.instance2.CommandHistory.borderColor" type="number" value="0"
[2026-09-01 23:42:27.019] +77128ms MEMBER id=8 path="_root.instance1.instance2.CommandHistory.maxhscroll" type="number" value="0"
[2026-09-01 23:42:27.019] +77128ms MEMBER id=8 path="_root.instance1.instance2.CommandHistory.backgroundColor" type="number" value="16777215"
[2026-09-01 23:42:27.019] +77128ms MEMBER id=8 path="_root.instance1.instance2.CommandHistory.overflowMode" type="string" value="none"
[2026-09-01 23:42:27.019] +77128ms MEMBER id=8 path="_root.instance1.instance2.CommandHistory.password" type="bool" value="false"
[2026-09-01 23:42:27.019] +77128ms MEMBER id=8 path="_root.instance1.instance2.CurrentSelection" type="displayobject" value="{...}"
[2026-09-01 23:42:27.019] +77128ms MEMBER id=8 path="_root.instance1.instance2.CurrentSelection.bottomScroll" type="number" value="1"
[2026-09-01 23:42:27.019] +77128ms MEMBER id=8 path="_root.instance1.instance2.CurrentSelection.scroll" type="number" value="1"
[2026-09-01 23:42:27.019] +77128ms MEMBER id=8 path="_root.instance1.instance2.CurrentSelection.tabIndex" type="number" value="0"
[2026-09-01 23:42:27.019] +77128ms MEMBER id=8 path="_root.instance1.instance2.CurrentSelection.html" type="bool" value="true"
[2026-09-01 23:42:27.019] +77128ms MEMBER id=8 path="_root.instance1.instance2.CurrentSelection.minFontSize" type="number" value="10"
[2026-09-01 23:42:27.019] +77128ms MEMBER id=8 path="_root.instance1.instance2.CurrentSelection.maxChars" type="null" value=""
[2026-09-01 23:42:27.019] +77128ms MEMBER id=8 path="_root.instance1.instance2.CurrentSelection.antiAliasType" type="string" value="advanced"
[2026-09-01 23:42:27.019] +77128ms MEMBER id=8 path="_root.instance1.instance2.CurrentSelection.textWidth" type="number" value="546"
[2026-09-01 23:42:27.019] +77128ms MEMBER id=8 path="_root.instance1.instance2.CurrentSelection.type" type="string" value="dynamic"
[2026-09-01 23:42:27.019] +77128ms MEMBER id=8 path="_root.instance1.instance2.CurrentSelection.enableShrinkToFit" type="bool" value="false"
[2026-09-01 23:42:27.019] +77128ms MEMBER id=8 path="_root.instance1.instance2.CurrentSelection.htmlText" type="string" value="<TEXTFORMAT INDENT='0' LEFTMARGIN='0' RIGHTMARGIN='0' LEADING='2'><P ALIGN='CENTER'><FONT FACE='$ConsoleFont' SIZE='20' COLOR='#FFFFFF' LETTERSPACING='2.000000' KERNING='0'><B>&apos;&apos; RefID: (000..."
[2026-09-01 23:42:27.019] +77128ms MEMBER id=8 path="_root.instance1.instance2.CurrentSelection.textColor" type="number" value="16777215"
[2026-09-01 23:42:27.019] +77128ms MEMBER id=8 path="_root.instance1.instance2.CurrentSelection.maxHeightExpand" type="number" value="0"
[2026-09-01 23:42:27.019] +77128ms MEMBER id=8 path="_root.instance1.instance2.CurrentSelection.text" type="string" value="'' RefID: (000888ae) | BaseID: (000226ba) "
[2026-09-01 23:42:27.019] +77128ms MEMBER id=8 path="_root.instance1.instance2.CurrentSelection.SetText" type="object" value="{...}"
[2026-09-01 23:42:27.019] +77128ms MEMBER id=8 path="_root.instance1.instance2.CurrentSelection.wordWrap" type="bool" value="false"
[2026-09-01 23:42:27.019] +77128ms MEMBER id=8 path="_root.instance1.instance2.CurrentSelection.autoSize" type="string" value="none"
[2026-09-01 23:42:27.019] +77128ms MEMBER id=8 path="_root.instance1.instance2.CurrentSelection.condenseWhite" type="bool" value="false"
[2026-09-01 23:42:27.019] +77128ms MEMBER id=8 path="_root.instance1.instance2.CurrentSelection.restrict" type="null" value=""
[2026-09-01 23:42:27.019] +77128ms MEMBER id=8 path="_root.instance1.instance2.CurrentSelection.length" type="number" value="42"
[2026-09-01 23:42:27.019] +77128ms MEMBER id=8 path="_root.instance1.instance2.CurrentSelection.maxscroll" type="number" value="1"
[2026-09-01 23:42:27.019] +77128ms MEMBER id=8 path="_root.instance1.instance2.CurrentSelection.styleSheet" type="undefined" value=""
[2026-09-01 23:42:27.019] +77128ms MEMBER id=8 path="_root.instance1.instance2.CurrentSelection.multiline" type="bool" value="false"
[2026-09-01 23:42:27.019] +77128ms MEMBER id=8 path="_root.instance1.instance2.CurrentSelection.variable" type="null" value=""
[2026-09-01 23:42:27.019] +77128ms MEMBER id=8 path="_root.instance1.instance2.CurrentSelection.hscroll" type="number" value="0"
[2026-09-01 23:42:27.019] +77128ms MEMBER id=8 path="_root.instance1.instance2.CurrentSelection.selectable" type="bool" value="false"
[2026-09-01 23:42:27.019] +77128ms MEMBER id=8 path="_root.instance1.instance2.CurrentSelection.textHeight" type="number" value="23"
[2026-09-01 23:42:27.019] +77128ms MEMBER id=8 path="_root.instance1.instance2.CurrentSelection.border" type="bool" value="false"
[2026-09-01 23:42:27.019] +77128ms MEMBER id=8 path="_root.instance1.instance2.CurrentSelection.background" type="bool" value="false"
[2026-09-01 23:42:27.019] +77128ms MEMBER id=8 path="_root.instance1.instance2.CurrentSelection.embedFonts" type="bool" value="true"
[2026-09-01 23:42:27.019] +77128ms MEMBER id=8 path="_root.instance1.instance2.CurrentSelection.mouseWheelEnabled" type="bool" value="true"
[2026-09-01 23:42:27.019] +77128ms MEMBER id=8 path="_root.instance1.instance2.CurrentSelection.borderColor" type="number" value="0"
[2026-09-01 23:42:27.019] +77128ms MEMBER id=8 path="_root.instance1.instance2.CurrentSelection.maxhscroll" type="number" value="0"
[2026-09-01 23:42:27.019] +77128ms MEMBER id=8 path="_root.instance1.instance2.CurrentSelection.backgroundColor" type="number" value="16777215"
[2026-09-01 23:42:27.019] +77128ms MEMBER id=8 path="_root.instance1.instance2.CurrentSelection.overflowMode" type="string" value="none"
[2026-09-01 23:42:27.019] +77128ms MEMBER id=8 path="_root.instance1.instance2.CurrentSelection.password" type="bool" value="false"
[2026-09-01 23:42:27.019] +77128ms MEMBER id=8 path="_root.instance1.instance2.Hiding" type="bool" value="false"
[2026-09-01 23:42:27.019] +77128ms MEMBER id=8 path="_root.instance1.instance2.CommandHistory" type="displayobject" value="{...}"
[2026-09-01 23:42:27.019] +77128ms MEMBER id=8 path="_root.instance1.instance2.CommandHistory.bottomScroll" type="number" value="17"
[2026-09-01 23:42:27.019] +77128ms MEMBER id=8 path="_root.instance1.instance2.CommandHistory.scroll" type="number" value="1"
[2026-09-01 23:42:27.019] +77128ms MEMBER id=8 path="_root.instance1.instance2.CommandHistory.tabIndex" type="number" value="0"
[2026-09-01 23:42:27.019] +77128ms MEMBER id=8 path="_root.instance1.instance2.CommandHistory.html" type="bool" value="true"
[2026-09-01 23:42:27.019] +77128ms MEMBER id=8 path="_root.instance1.instance2.CommandHistory.minFontSize" type="number" value="10"
[2026-09-01 23:42:27.019] +77128ms MEMBER id=8 path="_root.instance1.instance2.CommandHistory.maxChars" type="null" value=""
[2026-09-01 23:42:27.019] +77128ms MEMBER id=8 path="_root.instance1.instance2.CommandHistory.antiAliasType" type="string" value="advanced"
[2026-09-01 23:42:27.019] +77128ms MEMBER id=8 path="_root.instance1.instance2.CommandHistory.textWidth" type="number" value="1582"
[2026-09-01 23:42:27.019] +77128ms MEMBER id=8 path="_root.instance1.instance2.CommandHistory.type" type="string" value="dynamic"
[2026-09-01 23:42:27.019] +77128ms MEMBER id=8 path="_root.instance1.instance2.CommandHistory.enableShrinkToFit" type="bool" value="false"
[2026-09-01 23:42:27.019] +77128ms MEMBER id=8 path="_root.instance1.instance2.CommandHistory.htmlText" type="string" value="<TEXTFORMAT INDENT='0' LEFTMARGIN='0' RIGHTMARGIN='0' LEADING='2'><P ALIGN='LEFT'><FONT FACE='$ConsoleFont' SIZE='18' COLOR='#999999' LETTERSPACING='2.000000' KERNING='0'><B>Registering functions star..."
[2026-09-01 23:42:27.019] +77128ms MEMBER id=8 path="_root.instance1.instance2.CommandHistory.textColor" type="number" value="10066329"
[2026-09-01 23:42:27.019] +77128ms MEMBER id=8 path="_root.instance1.instance2.CommandHistory.maxHeightExpand" type="number" value="0"
[2026-09-01 23:42:27.019] +77128ms MEMBER id=8 path="_root.instance1.instance2.CommandHistory.text" type="string" value="Registering functions started Registering functions finished in 0.006000 sec [BOS] Conflicts found, check po3_BaseObjectSwapper.log in C:\Users\danjo\Documents\My Games\Skyrim Special Edition\SKSE for..."
[2026-09-01 23:42:27.020] +77128ms MEMBER id=8 path="_root.instance1.instance2.CommandHistory.SetText" type="object" value="{...}"
[2026-09-01 23:42:27.020] +77128ms MEMBER id=8 path="_root.instance1.instance2.CommandHistory.wordWrap" type="bool" value="true"
[2026-09-01 23:42:27.020] +77128ms MEMBER id=8 path="_root.instance1.instance2.CommandHistory.autoSize" type="string" value="none"
[2026-09-01 23:42:27.020] +77128ms MEMBER id=8 path="_root.instance1.instance2.CommandHistory.condenseWhite" type="bool" value="false"
[2026-09-01 23:42:27.020] +77128ms MEMBER id=8 path="_root.instance1.instance2.CommandHistory.restrict" type="null" value=""
[2026-09-01 23:42:27.020] +77128ms MEMBER id=8 path="_root.instance1.instance2.CommandHistory.length" type="number" value="554"
[2026-09-01 23:42:27.020] +77128ms MEMBER id=8 path="_root.instance1.instance2.CommandHistory.maxscroll" type="number" value="1"
[2026-09-01 23:42:27.020] +77128ms MEMBER id=8 path="_root.instance1.instance2.CommandHistory.styleSheet" type="undefined" value=""
[2026-09-01 23:42:27.020] +77128ms MEMBER id=8 path="_root.instance1.instance2.CommandHistory.multiline" type="bool" value="true"
[2026-09-01 23:42:27.020] +77128ms MEMBER id=8 path="_root.instance1.instance2.CommandHistory.variable" type="null" value=""
[2026-09-01 23:42:27.020] +77128ms MEMBER id=8 path="_root.instance1.instance2.CommandHistory.hscroll" type="number" value="0"
[2026-09-01 23:42:27.020] +77128ms MEMBER id=8 path="_root.instance1.instance2.CommandHistory.selectable" type="bool" value="false"
[2026-09-01 23:42:27.020] +77128ms MEMBER id=8 path="_root.instance1.instance2.CommandHistory.textHeight" type="number" value="367"
[2026-09-01 23:42:27.020] +77128ms MEMBER id=8 path="_root.instance1.instance2.CommandHistory.border" type="bool" value="false"
[2026-09-01 23:42:27.020] +77128ms MEMBER id=8 path="_root.instance1.instance2.CommandHistory.background" type="bool" value="false"
[2026-09-01 23:42:27.020] +77128ms MEMBER id=8 path="_root.instance1.instance2.CommandHistory.embedFonts" type="bool" value="true"
[2026-09-01 23:42:27.020] +77128ms MEMBER id=8 path="_root.instance1.instance2.CommandHistory.mouseWheelEnabled" type="bool" value="true"
[2026-09-01 23:42:27.020] +77128ms MEMBER id=8 path="_root.instance1.instance2.CommandHistory.borderColor" type="number" value="0"
[2026-09-01 23:42:27.020] +77128ms MEMBER id=8 path="_root.instance1.instance2.CommandHistory.maxhscroll" type="number" value="0"
[2026-09-01 23:42:27.020] +77128ms MEMBER id=8 path="_root.instance1.instance2.CommandHistory.backgroundColor" type="number" value="16777215"
[2026-09-01 23:42:27.020] +77128ms MEMBER id=8 path="_root.instance1.instance2.CommandHistory.overflowMode" type="string" value="none"
[2026-09-01 23:42:27.020] +77128ms MEMBER id=8 path="_root.instance1.instance2.CommandHistory.password" type="bool" value="false"
[2026-09-01 23:42:27.020] +77128ms MEMBER id=8 path="_root.instance1.instance2.OriginalHeight" type="number" value="720"
[2026-09-01 23:42:27.020] +77128ms MEMBER id=8 path="_root.instance1.instance2.Shown" type="bool" value="false"
[2026-09-01 23:42:27.020] +77128ms MEMBER id=8 path="_root.instance1.instance2.Background" type="displayobject" value="{...}"
[2026-09-01 23:42:27.020] +77128ms MEMBER id=8 path="_root.instance1.instance2.CurrentSelection" type="displayobject" value="{...}"
[2026-09-01 23:42:27.020] +77128ms MEMBER id=8 path="_root.instance1.instance2.CurrentSelection.bottomScroll" type="number" value="1"
[2026-09-01 23:42:27.020] +77128ms MEMBER id=8 path="_root.instance1.instance2.CurrentSelection.scroll" type="number" value="1"
[2026-09-01 23:42:27.020] +77128ms MEMBER id=8 path="_root.instance1.instance2.CurrentSelection.tabIndex" type="number" value="0"
[2026-09-01 23:42:27.020] +77128ms MEMBER id=8 path="_root.instance1.instance2.CurrentSelection.html" type="bool" value="true"
[2026-09-01 23:42:27.020] +77128ms MEMBER id=8 path="_root.instance1.instance2.CurrentSelection.minFontSize" type="number" value="10"
[2026-09-01 23:42:27.020] +77128ms MEMBER id=8 path="_root.instance1.instance2.CurrentSelection.maxChars" type="null" value=""
[2026-09-01 23:42:27.020] +77128ms MEMBER id=8 path="_root.instance1.instance2.CurrentSelection.antiAliasType" type="string" value="advanced"
[2026-09-01 23:42:27.020] +77128ms MEMBER id=8 path="_root.instance1.instance2.CurrentSelection.textWidth" type="number" value="546"
[2026-09-01 23:42:27.020] +77128ms MEMBER id=8 path="_root.instance1.instance2.CurrentSelection.type" type="string" value="dynamic"
[2026-09-01 23:42:27.020] +77128ms MEMBER id=8 path="_root.instance1.instance2.CurrentSelection.enableShrinkToFit" type="bool" value="false"
[2026-09-01 23:42:27.020] +77129ms MEMBER id=8 path="_root.instance1.instance2.CurrentSelection.htmlText" type="string" value="<TEXTFORMAT INDENT='0' LEFTMARGIN='0' RIGHTMARGIN='0' LEADING='2'><P ALIGN='CENTER'><FONT FACE='$ConsoleFont' SIZE='20' COLOR='#FFFFFF' LETTERSPACING='2.000000' KERNING='0'><B>&apos;&apos; RefID: (000..."
[2026-09-01 23:42:27.020] +77129ms MEMBER id=8 path="_root.instance1.instance2.CurrentSelection.textColor" type="number" value="16777215"
[2026-09-01 23:42:27.020] +77129ms MEMBER id=8 path="_root.instance1.instance2.CurrentSelection.maxHeightExpand" type="number" value="0"
[2026-09-01 23:42:27.020] +77129ms MEMBER id=8 path="_root.instance1.instance2.CurrentSelection.text" type="string" value="'' RefID: (000888ae) | BaseID: (000226ba) "
[2026-09-01 23:42:27.020] +77129ms MEMBER id=8 path="_root.instance1.instance2.CurrentSelection.SetText" type="object" value="{...}"
[2026-09-01 23:42:27.020] +77129ms MEMBER id=8 path="_root.instance1.instance2.CurrentSelection.wordWrap" type="bool" value="false"
[2026-09-01 23:42:27.020] +77129ms MEMBER id=8 path="_root.instance1.instance2.CurrentSelection.autoSize" type="string" value="none"
[2026-09-01 23:42:27.020] +77129ms MEMBER id=8 path="_root.instance1.instance2.CurrentSelection.condenseWhite" type="bool" value="false"
[2026-09-01 23:42:27.020] +77129ms MEMBER id=8 path="_root.instance1.instance2.CurrentSelection.restrict" type="null" value=""
[2026-09-01 23:42:27.020] +77129ms MEMBER id=8 path="_root.instance1.instance2.CurrentSelection.length" type="number" value="42"
[2026-09-01 23:42:27.020] +77129ms MEMBER id=8 path="_root.instance1.instance2.CurrentSelection.maxscroll" type="number" value="1"
[2026-09-01 23:42:27.020] +77129ms MEMBER id=8 path="_root.instance1.instance2.CurrentSelection.styleSheet" type="undefined" value=""
[2026-09-01 23:42:27.020] +77129ms MEMBER id=8 path="_root.instance1.instance2.CurrentSelection.multiline" type="bool" value="false"
[2026-09-01 23:42:27.020] +77129ms MEMBER id=8 path="_root.instance1.instance2.CurrentSelection.variable" type="null" value=""
[2026-09-01 23:42:27.020] +77129ms MEMBER id=8 path="_root.instance1.instance2.CurrentSelection.hscroll" type="number" value="0"
[2026-09-01 23:42:27.020] +77129ms MEMBER id=8 path="_root.instance1.instance2.CurrentSelection.selectable" type="bool" value="false"
[2026-09-01 23:42:27.020] +77129ms MEMBER id=8 path="_root.instance1.instance2.CurrentSelection.textHeight" type="number" value="23"
[2026-09-01 23:42:27.020] +77129ms MEMBER id=8 path="_root.instance1.instance2.CurrentSelection.border" type="bool" value="false"
[2026-09-01 23:42:27.020] +77129ms MEMBER id=8 path="_root.instance1.instance2.CurrentSelection.background" type="bool" value="false"
[2026-09-01 23:42:27.020] +77129ms MEMBER id=8 path="_root.instance1.instance2.CurrentSelection.embedFonts" type="bool" value="true"
[2026-09-01 23:42:27.020] +77129ms MEMBER id=8 path="_root.instance1.instance2.CurrentSelection.mouseWheelEnabled" type="bool" value="true"
[2026-09-01 23:42:27.020] +77129ms MEMBER id=8 path="_root.instance1.instance2.CurrentSelection.borderColor" type="number" value="0"
[2026-09-01 23:42:27.020] +77129ms MEMBER id=8 path="_root.instance1.instance2.CurrentSelection.maxhscroll" type="number" value="0"
[2026-09-01 23:42:27.020] +77129ms MEMBER id=8 path="_root.instance1.instance2.CurrentSelection.backgroundColor" type="number" value="16777215"
[2026-09-01 23:42:27.020] +77129ms MEMBER id=8 path="_root.instance1.instance2.CurrentSelection.overflowMode" type="string" value="none"
[2026-09-01 23:42:27.020] +77129ms MEMBER id=8 path="_root.instance1.instance2.CurrentSelection.password" type="bool" value="false"
[2026-09-01 23:42:27.020] +77129ms MEMBER id=8 path="_root.instance1.instance2.TextXOffset" type="number" value="70"
[2026-09-01 23:42:27.020] +77129ms MEMBER id=8 path="_root.instance1.instance2.ScreenPercent" type="number" value="40"
[2026-09-01 23:42:27.020] +77129ms MEMBER id=8 path="_root.instance1.instance2.CommandEntry" type="displayobject" value="{...}"
[2026-09-01 23:42:27.020] +77129ms MEMBER id=8 path="_root.instance1.instance2.CommandEntry.bottomScroll" type="number" value="1"
[2026-09-01 23:42:27.020] +77129ms MEMBER id=8 path="_root.instance1.instance2.CommandEntry.scroll" type="number" value="1"
[2026-09-01 23:42:27.020] +77129ms MEMBER id=8 path="_root.instance1.instance2.CommandEntry.tabIndex" type="number" value="0"
[2026-09-01 23:42:27.020] +77129ms MEMBER id=8 path="_root.instance1.instance2.CommandEntry.html" type="bool" value="true"
[2026-09-01 23:42:27.020] +77129ms MEMBER id=8 path="_root.instance1.instance2.CommandEntry.minFontSize" type="number" value="10"
[2026-09-01 23:42:27.020] +77129ms MEMBER id=8 path="_root.instance1.instance2.CommandEntry.maxChars" type="null" value=""
[2026-09-01 23:42:27.020] +77129ms RESULT id=8 op="gfx.dump" ok=1 menu="Console" path="_root.instance1.instance2" depth=2 members_logged=200
[2026-09-01 23:42:27.020] +77129ms COMMAND id=9 op="gfx.dump" raw="{'op':'gfx.dump','menu':'Console','path':'_global','depth':1,'max':200}"
[2026-09-01 23:42:27.034] +77143ms MEMBER id=9 path="_global" type="object" value="{...}"
[2026-09-01 23:42:27.034] +77143ms MEMBER id=9 path="_global.skse" type="object" value="{...}"
[2026-09-01 23:42:27.034] +77143ms MEMBER id=9 path="_global.gfxExtensions" type="bool" value="true"
[2026-09-01 23:42:27.034] +77143ms MEMBER id=9 path="_global.gfx" type="object" value="{...}"
[2026-09-01 23:42:27.034] +77143ms MEMBER id=9 path="_global.Shared" type="object" value="{...}"
[2026-09-01 23:42:27.034] +77143ms MEMBER id=9 path="_global.Console" type="object" value="{...}"
[2026-09-01 23:42:27.034] +77143ms MEMBER id=9 path="_global.gfxVersion" type="string" value="3.3.92"
[2026-09-01 23:42:27.034] +77143ms RESULT id=9 op="gfx.dump" ok=1 menu="Console" path="_global" depth=1 members_logged=7
[2026-09-01 23:42:27.035] +77144ms BATCH_DONE n=2 commands=2 archived=1
[2026-09-01 23:42:44.330] +94439ms BATCH_CLAIMED n=3 stamp="20260902-044244"
[2026-09-01 23:42:44.331] +94439ms COMMAND id=10 op="gfx.set" raw="{'op':'gfx.set','menu':'Console','path':'_root.instance1.instance2.CommandEntry.text','value':'player.getlevel'}"
[2026-09-01 23:42:44.331] +94440ms RESULT id=10 op="gfx.set" ok=1 menu="Console" path="_root.instance1.instance2.CommandEntry.text"
[2026-09-01 23:42:44.331] +94440ms COMMAND id=11 op="wait" raw="{'op':'wait','ms':200}"
[2026-09-01 23:42:44.532] +94641ms RESULT id=11 op="wait" ok=1 ms=200
[2026-09-01 23:42:44.532] +94641ms COMMAND id=12 op="input.tap" raw="{'op':'input.tap','event':'Accept','code':28,'hold_ms':80}"
[2026-09-01 23:42:44.533] +94642ms INPUT_SENT id=12 device=0 user_event="Accept" code=28 value=1 held=0
[2026-09-01 23:42:44.624] +94733ms INPUT_SENT id=12 device=0 user_event="Accept" code=28 value=0 held=0.08
[2026-09-01 23:42:44.624] +94733ms RESULT id=12 op="input.tap" ok=1 down_ok=1 up_ok=1 hold_ms=80
[2026-09-01 23:42:44.624] +94733ms COMMAND id=13 op="wait" raw="{'op':'wait','ms':700}"
[2026-09-01 23:42:45.325] +95433ms RESULT id=13 op="wait" ok=1 ms=700
[2026-09-01 23:42:45.325] +95433ms COMMAND id=14 op="gfx.get" raw="{'op':'gfx.get','menu':'Console','path':'_root.instance1.instance2.CommandEntry.text'}"
[2026-09-01 23:42:45.326] +95435ms RESULT id=14 op="gfx.get" ok=1 menu="Console" path="_root.instance1.instance2.CommandEntry.text" type="string" value="player.getlevel"
[2026-09-01 23:42:45.326] +95435ms COMMAND id=15 op="gfx.get" raw="{'op':'gfx.get','menu':'Console','path':'_root.instance1.instance2.CommandHistory.text'}"
[2026-09-01 23:42:45.344] +95452ms RESULT id=15 op="gfx.get" ok=1 menu="Console" path="_root.instance1.instance2.CommandHistory.text" type="string" value="Registering functions started Registering functions finished in 0.006000 sec [BOS] Conflicts found, check po3_BaseObjectSwapper.log in C:\Users\danjo\Documents\My Games\Skyrim Special Edition\SKSE for..."
[2026-09-01 23:42:45.345] +95454ms BATCH_DONE n=3 commands=6 archived=1
[2026-09-01 23:43:19.937] +130046ms BATCH_CLAIMED n=4 stamp="20260902-044319"
[2026-09-01 23:43:19.938] +130046ms COMMAND id=16 op="gfx.dump" raw="{'op':'gfx.dump','menu':'Console','path':'_root.instance1.instance2','depth':1,'max':300}"
[2026-09-01 23:43:19.946] +130055ms MEMBER id=16 path="_root.instance1.instance2" type="displayobject" value="{...}"
[2026-09-01 23:43:19.946] +130055ms MEMBER id=16 path="_root.instance1.instance2.Background" type="displayobject" value="{...}"
[2026-09-01 23:43:19.946] +130055ms MEMBER id=16 path="_root.instance1.instance2.CommandEntry" type="displayobject" value="{...}"
[2026-09-01 23:43:19.946] +130055ms MEMBER id=16 path="_root.instance1.instance2.CommandHistory" type="displayobject" value="{...}"
[2026-09-01 23:43:19.946] +130055ms MEMBER id=16 path="_root.instance1.instance2.CurrentSelection" type="displayobject" value="{...}"
[2026-09-01 23:43:19.946] +130055ms MEMBER id=16 path="_root.instance1.instance2.Hiding" type="bool" value="false"
[2026-09-01 23:43:19.946] +130055ms MEMBER id=16 path="_root.instance1.instance2.CommandHistory" type="displayobject" value="{...}"
[2026-09-01 23:43:19.946] +130055ms MEMBER id=16 path="_root.instance1.instance2.OriginalHeight" type="number" value="720"
[2026-09-01 23:43:19.946] +130055ms MEMBER id=16 path="_root.instance1.instance2.Shown" type="bool" value="false"
[2026-09-01 23:43:19.946] +130055ms MEMBER id=16 path="_root.instance1.instance2.Background" type="displayobject" value="{...}"
[2026-09-01 23:43:19.946] +130055ms MEMBER id=16 path="_root.instance1.instance2.CurrentSelection" type="displayobject" value="{...}"
[2026-09-01 23:43:19.946] +130055ms MEMBER id=16 path="_root.instance1.instance2.TextXOffset" type="number" value="70"
[2026-09-01 23:43:19.946] +130055ms MEMBER id=16 path="_root.instance1.instance2.ScreenPercent" type="number" value="40"
[2026-09-01 23:43:19.946] +130055ms MEMBER id=16 path="_root.instance1.instance2.CommandEntry" type="displayobject" value="{...}"
[2026-09-01 23:43:19.946] +130055ms MEMBER id=16 path="_root.instance1.instance2.CurrentSelectionYOffset" type="number" value="16.5"
[2026-09-01 23:43:19.946] +130055ms MEMBER id=16 path="_root.instance1.instance2.OriginalWidth" type="number" value="1280"
[2026-09-01 23:43:19.946] +130055ms MEMBER id=16 path="_root.instance1.instance2.Animating" type="bool" value="false"
[2026-09-01 23:43:19.946] +130055ms MEMBER id=16 path="_root.instance1.instance2.PreviousCommandOffset" type="number" value="0"
[2026-09-01 23:43:19.947] +130055ms RESULT id=16 op="gfx.dump" ok=1 menu="Console" path="_root.instance1.instance2" depth=1 members_logged=18
[2026-09-01 23:43:19.948] +130056ms BATCH_DONE n=4 commands=1 archived=1
[2026-09-01 23:43:47.777] +157885ms BATCH_CLAIMED n=5 stamp="20260902-044347"
[2026-09-01 23:43:47.777] +157886ms COMMAND id=17 op="gfx.get" raw="{'op':'gfx.get','menu':'Console','path':'_root.instance1.instance2.CommandEntry.text'}"
[2026-09-01 23:43:47.783] +157892ms RESULT id=17 op="gfx.get" ok=1 menu="Console" path="_root.instance1.instance2.CommandEntry.text" type="string" value="player.getlevel"
[2026-09-01 23:43:47.783] +157892ms COMMAND id=18 op="gfx.invoke" raw="{'op':'gfx.invoke','menu':'Console','method':'_root.instance1.instance2.ExecuteCommand','args':[]}"
[2026-09-01 23:43:47.797] +157905ms RESULT id=18 op="gfx.invoke" ok=0 menu="Console" method="_root.instance1.instance2.ExecuteCommand" args=0 ret_type="undefined" ret=""
[2026-09-01 23:43:47.797] +157906ms COMMAND id=19 op="wait" raw="{'op':'wait','ms':800}"
[2026-09-01 23:43:48.597] +158706ms RESULT id=19 op="wait" ok=1 ms=800
[2026-09-01 23:43:48.597] +158706ms COMMAND id=20 op="gfx.get" raw="{'op':'gfx.get','menu':'Console','path':'_root.instance1.instance2.CommandEntry.text'}"
[2026-09-01 23:43:48.600] +158709ms RESULT id=20 op="gfx.get" ok=1 menu="Console" path="_root.instance1.instance2.CommandEntry.text" type="string" value="player.getlevel"
[2026-09-01 23:43:48.600] +158709ms COMMAND id=21 op="gfx.get" raw="{'op':'gfx.get','menu':'Console','path':'_root.instance1.instance2.CommandHistory.text'}"
[2026-09-01 23:43:48.612] +158721ms RESULT id=21 op="gfx.get" ok=1 menu="Console" path="_root.instance1.instance2.CommandHistory.text" type="string" value="Registering functions started Registering functions finished in 0.006000 sec [BOS] Conflicts found, check po3_BaseObjectSwapper.log in C:\Users\danjo\Documents\My Games\Skyrim Special Edition\SKSE for..."
[2026-09-01 23:43:48.613] +158722ms BATCH_DONE n=5 commands=5 archived=1
[2026-09-01 23:43:49.868] +159976ms BATCH_CLAIMED n=6 stamp="20260902-044349"
[2026-09-01 23:43:49.868] +159977ms COMMAND id=22 op="ping" raw="{'op':'ping'}"
[2026-09-01 23:43:49.876] +159985ms RESULT id=22 op="ping" ok=1 runtime="1.7.104.0" ui=1 paused=0 menus_on_stack=2
[2026-09-01 23:43:49.877] +159986ms BATCH_DONE n=6 commands=1 archived=1
[2026-09-01 23:44:36.506] +206615ms BATCH_CLAIMED n=7 stamp="20260902-044436"
[2026-09-01 23:44:36.506] +206615ms COMMAND id=23 op="gfx.dump" raw="{'op':'gfx.dump','menu':'Console','path':'_global.Console','depth':1,'max':80}"
[2026-09-01 23:44:36.517] +206626ms MEMBER id=23 path="_global.Console" type="object" value="{...}"
[2026-09-01 23:44:36.517] +206626ms MEMBER id=23 path="_global.Console.SetTextSize" type="object" value="{...}"
[2026-09-01 23:44:36.517] +206626ms MEMBER id=23 path="_global.Console.SetSize" type="object" value="{...}"
[2026-09-01 23:44:36.517] +206626ms MEMBER id=23 path="_global.Console.SetHistoryTextColor" type="object" value="{...}"
[2026-09-01 23:44:36.517] +206626ms MEMBER id=23 path="_global.Console.AddHistory" type="object" value="{...}"
[2026-09-01 23:44:36.517] +206626ms MEMBER id=23 path="_global.Console.SetTextColor" type="object" value="{...}"
[2026-09-01 23:44:36.517] +206626ms MEMBER id=23 path="_global.Console.Show" type="object" value="{...}"
[2026-09-01 23:44:36.517] +206626ms MEMBER id=23 path="_global.Console.NextCommand" type="object" value="{...}"
[2026-09-01 23:44:36.517] +206626ms MEMBER id=23 path="_global.Console.Hide" type="object" value="{...}"
[2026-09-01 23:44:36.517] +206626ms MEMBER id=23 path="_global.Console.HideComplete" type="object" value="{...}"
[2026-09-01 23:44:36.517] +206626ms MEMBER id=23 path="_global.Console.SetCurrentSelection" type="object" value="{...}"
[2026-09-01 23:44:36.517] +206626ms MEMBER id=23 path="_global.Console.ShowComplete" type="object" value="{...}"
[2026-09-01 23:44:36.517] +206626ms MEMBER id=23 path="_global.Console.PositionTextFields" type="object" value="{...}"
[2026-09-01 23:44:36.517] +206626ms MEMBER id=23 path="_global.Console.QHiding" type="object" value="{...}"
[2026-09-01 23:44:36.517] +206626ms MEMBER id=23 path="_global.Console.PreviousCommand" type="object" value="{...}"
[2026-09-01 23:44:36.517] +206626ms MEMBER id=23 path="_global.Console.SetHistoryCharBufferSize" type="object" value="{...}"
[2026-09-01 23:44:36.517] +206626ms MEMBER id=23 path="_global.Console.QShown" type="object" value="{...}"
[2026-09-01 23:44:36.517] +206626ms MEMBER id=23 path="_global.Console.HistoryCharBufferSize" type="number" value="16384"
[2026-09-01 23:44:36.517] +206626ms MEMBER id=23 path="_global.Console.ConsoleInstance" type="displayobject" value="{...}"
[2026-09-01 23:44:36.517] +206626ms MEMBER id=23 path="_global.Console.Minimize" type="object" value="{...}"
[2026-09-01 23:44:36.517] +206626ms MEMBER id=23 path="_global.Console.ClearHistory" type="object" value="{...}"
[2026-09-01 23:44:36.517] +206626ms MEMBER id=23 path="_global.Console.PREVIOUS_COMMANDS" type="number" value="32"
[2026-09-01 23:44:36.517] +206626ms RESULT id=23 op="gfx.dump" ok=1 menu="Console" path="_global.Console" depth=1 members_logged=22
[2026-09-01 23:44:36.517] +206626ms COMMAND id=24 op="gfx.get" raw="{'op':'gfx.get','menu':'Console','path':'_global.Console.ConsoleInstance.Shown'}"
[2026-09-01 23:44:36.528] +206637ms RESULT id=24 op="gfx.get" ok=1 menu="Console" path="_global.Console.ConsoleInstance.Shown" type="bool" value="false"
[2026-09-01 23:44:36.528] +206637ms COMMAND id=25 op="gfx.get" raw="{'op':'gfx.get','menu':'Console','path':'_root.ConsoleInstance.Shown'}"
[2026-09-01 23:44:36.539] +206648ms RESULT id=25 op="gfx.get" ok=0 menu="Console" path="_root.ConsoleInstance.Shown" type="undefined" value=""
[2026-09-01 23:44:36.541] +206649ms BATCH_DONE n=7 commands=3 archived=1
[2026-09-01 23:44:54.843] +224952ms BATCH_CLAIMED n=8 stamp="20260902-044454"
[2026-09-01 23:44:54.843] +224952ms COMMAND id=26 op="gfx.invoke" raw="{'op':'gfx.invoke','menu':'Console','method':'_global.Console.ConsoleInstance.ExecuteCommand','args':[]}"
[2026-09-01 23:44:54.847] +224956ms RESULT id=26 op="gfx.invoke" ok=0 menu="Console" method="_global.Console.ConsoleInstance.ExecuteCommand" args=0 ret_type="undefined" ret=""
[2026-09-01 23:44:54.847] +224956ms COMMAND id=27 op="wait" raw="{'op':'wait','ms':700}"
[2026-09-01 23:44:55.548] +225657ms RESULT id=27 op="wait" ok=1 ms=700
[2026-09-01 23:44:55.548] +225657ms COMMAND id=28 op="gfx.get" raw="{'op':'gfx.get','menu':'Console','path':'_global.Console.ConsoleInstance.CommandEntry.text'}"
[2026-09-01 23:44:55.558] +225666ms RESULT id=28 op="gfx.get" ok=1 menu="Console" path="_global.Console.ConsoleInstance.CommandEntry.text" type="string" value="player.getlevel"
[2026-09-01 23:44:55.558] +225666ms COMMAND id=29 op="gfx.get" raw="{'op':'gfx.get','menu':'Console','path':'_global.Console.ConsoleInstance.CommandHistory.length'}"
[2026-09-01 23:44:55.571] +225679ms RESULT id=29 op="gfx.get" ok=1 menu="Console" path="_global.Console.ConsoleInstance.CommandHistory.length" type="number" value="554"
[2026-09-01 23:44:55.571] +225680ms BATCH_DONE n=8 commands=4 archived=1
[2026-09-01 23:45:16.881] +246990ms BATCH_CLAIMED n=9 stamp="20260902-044516"
[2026-09-01 23:45:16.881] +246990ms COMMAND id=30 op="gfx.invoke" raw="{'op':'gfx.invoke','menu':'Console','method':'_global.Console.Show','args':[]}"
[2026-09-01 23:45:16.884] +246993ms RESULT id=30 op="gfx.invoke" ok=1 menu="Console" method="_global.Console.Show" args=0 ret_type="undefined" ret=""
[2026-09-01 23:45:16.884] +246993ms COMMAND id=31 op="wait" raw="{'op':'wait','ms':900}"
[2026-09-01 23:45:17.785] +247894ms RESULT id=31 op="wait" ok=1 ms=900
[2026-09-01 23:45:17.785] +247894ms COMMAND id=32 op="gfx.get" raw="{'op':'gfx.get','menu':'Console','path':'_global.Console.ConsoleInstance.Shown'}"
[2026-09-01 23:45:17.788] +247897ms RESULT id=32 op="gfx.get" ok=1 menu="Console" path="_global.Console.ConsoleInstance.Shown" type="bool" value="false"
[2026-09-01 23:45:17.788] +247897ms COMMAND id=33 op="input.tap" raw="{'op':'input.tap','event':'Accept','code':28,'hold_ms':80}"
[2026-09-01 23:45:17.802] +247911ms INPUT_SENT id=33 device=0 user_event="Accept" code=28 value=1 held=0
[2026-09-01 23:45:17.887] +247996ms INPUT_SENT id=33 device=0 user_event="Accept" code=28 value=0 held=0.08
[2026-09-01 23:45:17.887] +247996ms RESULT id=33 op="input.tap" ok=1 down_ok=1 up_ok=1 hold_ms=80
[2026-09-01 23:45:17.887] +247996ms COMMAND id=34 op="wait" raw="{'op':'wait','ms':800}"
[2026-09-01 23:45:18.688] +248797ms RESULT id=34 op="wait" ok=1 ms=800
[2026-09-01 23:45:18.688] +248797ms COMMAND id=35 op="gfx.get" raw="{'op':'gfx.get','menu':'Console','path':'_global.Console.ConsoleInstance.CommandEntry.text'}"
[2026-09-01 23:45:18.697] +248806ms RESULT id=35 op="gfx.get" ok=1 menu="Console" path="_global.Console.ConsoleInstance.CommandEntry.text" type="string" value="player.getlevel"
[2026-09-01 23:45:18.697] +248806ms COMMAND id=36 op="gfx.get" raw="{'op':'gfx.get','menu':'Console','path':'_global.Console.ConsoleInstance.CommandHistory.length'}"
[2026-09-01 23:45:18.710] +248819ms RESULT id=36 op="gfx.get" ok=1 menu="Console" path="_global.Console.ConsoleInstance.CommandHistory.length" type="number" value="554"
[2026-09-01 23:45:18.711] +248820ms BATCH_DONE n=9 commands=7 archived=1
[2026-09-01 23:45:46.291] +276399ms BATCH_CLAIMED n=10 stamp="20260902-044546"
[2026-09-01 23:45:46.291] +276400ms COMMAND id=37 op="gfx.set" raw="{'op':'gfx.set','menu':'Console','path':'_global.Console.ConsoleInstance.CommandEntry.text','value':''}"
[2026-09-01 23:45:46.293] +276402ms RESULT id=37 op="gfx.set" ok=1 menu="Console" path="_global.Console.ConsoleInstance.CommandEntry.text"
[2026-09-01 23:45:46.294] +276403ms BATCH_DONE n=10 commands=1 archived=1
