[2026-09-10 23:10:56.451] +1ms POPUP_PATCHED api="MessageBoxW" scope="LaunchProbe.dll import table"
[2026-09-10 23:10:56.451] +1ms POPUP_PATCHED api="MessageBoxA" scope="LaunchProbe.dll import table"
[2026-09-10 23:10:56.451] +1ms PROBE_OPEN plugin="LaunchProbe" plugin_version="1.0.0.0" log="C:\Users\danjo\Documents\My Games\Skyrim Special Edition\SKSE\LaunchProbe.log"
[2026-09-10 23:10:56.451] +1ms DLL_ATTACH wall="2026-09-10 23:10:56.449" detail="static initializer; SKSE skips SKSEPlugin_Query for PluginVersionData plug-ins"
[2026-09-10 23:10:56.452] +2ms PLUGIN_LOAD runtime_skse="1.7.104.0" runtime_module="1.7.104.0" skse_version=33751056 is_editor=0 pid=29276
[2026-09-10 23:10:56.452] +2ms CONFIG autoload_enabled=0 autoload_save="" delay_ms=1500 heartbeat_ms=0
[2026-09-10 23:10:56.452] +2ms LISTENER_REGISTERED sender="SKSE"
[2026-09-10 23:10:56.452] +2ms PROBE_READY
[2026-09-10 23:10:56.721] +271ms SKSE_MESSAGE name="kPostLoad" sender="SKSE" type=0 data_len=0
[2026-09-10 23:10:56.721] +271ms SINK_REGISTERED stage="kPostLoad" event="RE::MenuOpenCloseEvent"
[2026-09-10 23:10:57.126] +676ms SKSE_MESSAGE name="kPostPostLoad" sender="SKSE" type=1 data_len=0
[2026-09-10 23:11:22.599] +26149ms SKSE_MESSAGE name="kInputLoaded" sender="SKSE" type=6 data_len=0
[2026-09-10 23:11:25.154] +28704ms MENU_OPEN name="SkyParkour"
[2026-09-10 23:11:25.161] +28711ms MENU_OPEN name="Loading Menu"
[2026-09-10 23:11:25.178] +28728ms MENU_OPEN name="Mist Menu"
[2026-09-10 23:11:25.182] +28732ms MENU_OPEN name="Fader Menu"
[2026-09-10 23:11:25.193] +28743ms MENU_OPEN name="LoadWaitSpinner"
[2026-09-10 23:11:41.376] +44926ms MENU_OPEN name="BTPS Ovelay Menu"
[2026-09-10 23:11:41.764] +45314ms SKSE_MESSAGE name="kDataLoaded" sender="SKSE" type=8 data_len=0
[2026-09-10 23:11:43.218] +46768ms MENU_OPEN name="Main Menu"
[2026-09-10 23:11:43.218] +46768ms MAIN_MENU_OPEN constant="Main Menu" ui_is_menu_open=1 has_movie_view=1
[2026-09-10 23:11:43.222] +46772ms MENU_OPEN name="Cursor Menu"
[2026-09-10 23:11:43.228] +46778ms MENU_OPEN name="Console"
[2026-09-10 23:11:43.228] +46778ms MENU_CLOSE name="Console"
[2026-09-10 23:11:43.229] +46779ms MENU_CLOSE name="Cursor Menu"
[2026-09-10 23:11:43.230] +46780ms MENU_CLOSE name="LoadWaitSpinner"
[2026-09-10 23:11:43.230] +46780ms MENU_CLOSE name="Loading Menu"
[2026-09-10 23:11:43.238] +46788ms MENU_OPEN name="Cursor Menu"
[2026-09-10 23:11:43.253] +46803ms MENU_OPEN name="BTPS Menu"
[2026-09-10 23:11:43.253] +46803ms MENU_CLOSE name="Cursor Menu"
[2026-09-10 23:11:43.254] +46804ms MENU_OPEN name="Cursor Menu"
[2026-09-10 23:12:25.863] +89413ms SKSE_MESSAGE name="kNewGame" sender="SKSE" type=7 data_len=8
[2026-09-10 23:12:25.927] +89477ms MENU_OPEN name="LoadWaitSpinner"
[2026-09-10 23:12:25.928] +89478ms MENU_CLOSE name="LoadWaitSpinner"
[2026-09-10 23:12:26.027] +89578ms MENU_OPEN name="HUD Menu"
[2026-09-10 23:12:26.028] +89578ms MENU_CLOSE name="Cursor Menu"
[2026-09-10 23:12:26.031] +89582ms MENU_OPEN name="Cursor Menu"
[2026-09-10 23:12:26.614] +90164ms MENU_CLOSE name="BTPS Ovelay Menu"
[2026-09-10 23:12:26.618] +90168ms MENU_CLOSE name="Main Menu"
[2026-09-10 23:12:26.618] +90168ms MENU_CLOSE name="Fader Menu"
[2026-09-10 23:12:26.618] +90168ms MENU_CLOSE name="BTPS Menu"
[2026-09-10 23:12:26.618] +90168ms MENU_CLOSE name="Cursor Menu"
[2026-09-10 23:12:26.618] +90168ms MENU_OPEN name="Loading Menu"
[2026-09-10 23:12:26.618] +90168ms MENU_OPEN name="Fader Menu"
[2026-09-10 23:12:34.507] +98057ms MENU_CLOSE name="Loading Menu"
[2026-09-10 23:12:34.512] +98062ms MENU_OPEN name="BTPS Ovelay Menu"
[2026-09-10 23:12:34.512] +98062ms MENU_OPEN name="BTPS Menu"
[2026-09-10 23:12:34.534] +98084ms MENU_CLOSE name="Mist Menu"
[2026-09-10 23:12:40.409] +103959ms MENU_OPEN name="RaceSex Menu"
[2026-09-10 23:12:40.412] +103962ms MENU_OPEN name="Cursor Menu"
[2026-09-10 23:12:51.880] +115430ms MENU_OPEN name="MessageBoxMenu"
[2026-09-10 23:12:52.809] +116359ms MENU_CLOSE name="MessageBoxMenu"
[2026-09-10 23:12:54.912] +118462ms MENU_CLOSE name="RaceSex Menu"
[2026-09-10 23:12:54.914] +118464ms MENU_CLOSE name="Fader Menu"
[2026-09-10 23:12:54.914] +118464ms MENU_CLOSE name="Cursor Menu"
[2026-09-10 23:12:55.158] +118708ms SKSE_MESSAGE name="kSaveGame" sender="SKSE" save="Save1_A05880D8_0_416476656E7475726572_SkyrimUnboundRoom01_000001_20260911041255_1_1"
[2026-09-10 23:12:55.288] +118838ms MENU_OPEN name="LoadWaitSpinner"
[2026-09-10 23:12:55.307] +118857ms MENU_CLOSE name="LoadWaitSpinner"
[2026-09-10 23:12:57.713] +121263ms MENU_OPEN name="Journal Menu"
[2026-09-10 23:12:57.715] +121265ms MENU_OPEN name="Cursor Menu"
[2026-09-10 23:13:13.455] +137005ms MENU_CLOSE name="Journal Menu"
[2026-09-10 23:13:13.455] +137005ms MENU_CLOSE name="Cursor Menu"
[2026-09-10 23:13:13.695] +137245ms MENU_OPEN name="Fader Menu"
[2026-09-10 23:13:19.423] +142973ms SKSE_MESSAGE name="kSaveGame" sender="SKSE" save="Save2_A05880D8_0_416476656E7475726572_SkyrimUnboundRoom01_000001_20260911041319_1_1"
[2026-09-10 23:13:19.547] +143097ms MENU_OPEN name="LoadWaitSpinner"
[2026-09-10 23:13:19.567] +143117ms MENU_CLOSE name="LoadWaitSpinner"
[2026-09-10 23:13:19.610] +143160ms MENU_CLOSE name="BTPS Ovelay Menu"
[2026-09-10 23:13:19.610] +143160ms MENU_CLOSE name="Fader Menu"
[2026-09-10 23:13:19.610] +143160ms MENU_CLOSE name="BTPS Menu"
[2026-09-10 23:13:19.610] +143160ms MENU_OPEN name="Loading Menu"
[2026-09-10 23:13:19.610] +143160ms MENU_OPEN name="Mist Menu"
[2026-09-10 23:13:19.610] +143160ms MENU_OPEN name="Fader Menu"
[2026-09-10 23:13:20.330] +143880ms MENU_CLOSE name="Loading Menu"
[2026-09-10 23:13:20.334] +143884ms MENU_OPEN name="BTPS Ovelay Menu"
[2026-09-10 23:13:20.334] +143884ms MENU_OPEN name="BTPS Menu"
[2026-09-10 23:13:20.358] +143908ms MENU_CLOSE name="Mist Menu"
[2026-09-10 23:13:20.813] +144363ms SKSE_MESSAGE name="kSaveGame" sender="SKSE" save="Save3_A05880D8_0_416476656E7475726572_MorthalGuardhouseJail_000001_20260911041320_1_1"
[2026-09-10 23:13:20.937] +144487ms MENU_OPEN name="LoadWaitSpinner"
[2026-09-10 23:13:20.957] +144507ms MENU_CLOSE name="LoadWaitSpinner"
[2026-09-10 23:13:22.714] +146264ms MENU_CLOSE name="Fader Menu"
[2026-09-10 23:16:55.688] +359238ms MENU_OPEN name="TweenMenu"
[2026-09-10 23:16:55.690] +359240ms MENU_OPEN name="Cursor Menu"
[2026-09-10 23:17:06.421] +369971ms MENU_OPEN name="InventoryMenu"
[2026-09-10 23:17:22.401] +385951ms MENU_CLOSE name="TweenMenu"
[2026-09-10 23:17:22.446] +385996ms MENU_CLOSE name="InventoryMenu"
[2026-09-10 23:17:22.446] +385996ms MENU_CLOSE name="Cursor Menu"
[2026-09-10 23:17:24.739] +388289ms MENU_OPEN name="Journal Menu"
[2026-09-10 23:17:24.741] +388291ms MENU_OPEN name="Cursor Menu"
