[2026-09-11 16:37:09.531] +1ms POPUP_PATCHED api="MessageBoxW" scope="LaunchProbe.dll import table"
[2026-09-11 16:37:09.531] +1ms POPUP_PATCHED api="MessageBoxA" scope="LaunchProbe.dll import table"
[2026-09-11 16:37:09.531] +1ms PROBE_OPEN plugin="LaunchProbe" plugin_version="1.0.0.0" log="C:\Users\danjo\Documents\My Games\Skyrim Special Edition\SKSE\LaunchProbe.log"
[2026-09-11 16:37:09.531] +1ms DLL_ATTACH wall="2026-09-11 16:37:09.530" detail="static initializer; SKSE skips SKSEPlugin_Query for PluginVersionData plug-ins"
[2026-09-11 16:37:09.531] +1ms PLUGIN_LOAD runtime_skse="1.7.104.0" runtime_module="1.7.104.0" skse_version=33751056 is_editor=0 pid=36812
[2026-09-11 16:37:09.532] +1ms CONFIG autoload_enabled=0 autoload_save="" delay_ms=1500 heartbeat_ms=0
[2026-09-11 16:37:09.532] +1ms LISTENER_REGISTERED sender="SKSE"
[2026-09-11 16:37:09.532] +1ms PROBE_READY
[2026-09-11 16:37:09.708] +177ms SKSE_MESSAGE name="kPostLoad" sender="SKSE" type=0 data_len=0
[2026-09-11 16:37:09.708] +177ms SINK_REGISTERED stage="kPostLoad" event="RE::MenuOpenCloseEvent"
[2026-09-11 16:37:09.963] +432ms SKSE_MESSAGE name="kPostPostLoad" sender="SKSE" type=1 data_len=0
[2026-09-11 16:37:28.569] +19039ms SKSE_MESSAGE name="kInputLoaded" sender="SKSE" type=6 data_len=0
[2026-09-11 16:37:29.929] +20399ms MENU_OPEN name="SkyParkour"
[2026-09-11 16:37:29.933] +20403ms MENU_OPEN name="Loading Menu"
[2026-09-11 16:37:29.945] +20414ms MENU_OPEN name="Mist Menu"
[2026-09-11 16:37:29.948] +20417ms MENU_OPEN name="Fader Menu"
[2026-09-11 16:37:29.956] +20426ms MENU_OPEN name="LoadWaitSpinner"
[2026-09-11 16:37:40.822] +31291ms SKSE_MESSAGE name="kDataLoaded" sender="SKSE" type=8 data_len=0
[2026-09-11 16:37:41.912] +32382ms MENU_OPEN name="Main Menu"
[2026-09-11 16:37:41.912] +32382ms MAIN_MENU_OPEN constant="Main Menu" ui_is_menu_open=1 has_movie_view=1
[2026-09-11 16:37:41.916] +32385ms MENU_OPEN name="Cursor Menu"
[2026-09-11 16:37:41.920] +32389ms MENU_OPEN name="Console"
[2026-09-11 16:37:41.920] +32389ms MENU_CLOSE name="Console"
[2026-09-11 16:37:41.920] +32389ms MENU_CLOSE name="Cursor Menu"
[2026-09-11 16:37:41.920] +32390ms MENU_CLOSE name="LoadWaitSpinner"
[2026-09-11 16:37:41.921] +32390ms MENU_CLOSE name="Loading Menu"
[2026-09-11 16:37:41.927] +32396ms MENU_OPEN name="Cursor Menu"
[2026-09-11 16:37:49.971] +40440ms SKSE_MESSAGE name="kNewGame" sender="SKSE" type=7 data_len=8
[2026-09-11 16:37:50.002] +40471ms MENU_OPEN name="LoadWaitSpinner"
[2026-09-11 16:37:50.002] +40471ms MENU_CLOSE name="LoadWaitSpinner"
[2026-09-11 16:37:50.068] +40537ms MENU_OPEN name="HUD Menu"
[2026-09-11 16:37:50.068] +40538ms MENU_CLOSE name="Cursor Menu"
[2026-09-11 16:37:50.070] +40540ms MENU_OPEN name="Cursor Menu"
[2026-09-11 16:37:50.414] +40883ms MENU_CLOSE name="Cursor Menu"
[2026-09-11 16:37:50.416] +40885ms MENU_CLOSE name="Main Menu"
[2026-09-11 16:37:50.416] +40886ms MENU_CLOSE name="Fader Menu"
[2026-09-11 16:37:50.416] +40886ms MENU_OPEN name="Loading Menu"
[2026-09-11 16:37:50.418] +40888ms MENU_OPEN name="Cursor Menu"
[2026-09-11 16:37:50.418] +40888ms MENU_CLOSE name="Cursor Menu"
[2026-09-11 16:37:50.418] +40888ms MENU_OPEN name="Fader Menu"
[2026-09-11 16:37:55.065] +45534ms MENU_CLOSE name="Loading Menu"
[2026-09-11 16:37:55.083] +45552ms MENU_CLOSE name="Mist Menu"
[2026-09-11 16:37:57.563] +48033ms MENU_OPEN name="RaceSex Menu"
[2026-09-11 16:37:57.565] +48034ms MENU_OPEN name="Cursor Menu"
[2026-09-11 16:38:04.265] +54735ms MENU_OPEN name="MessageBoxMenu"
[2026-09-11 16:38:04.940] +55409ms MENU_CLOSE name="MessageBoxMenu"
[2026-09-11 16:38:07.297] +57766ms MENU_CLOSE name="RaceSex Menu"
[2026-09-11 16:38:07.298] +57767ms MENU_CLOSE name="Fader Menu"
[2026-09-11 16:38:07.298] +57767ms MENU_CLOSE name="Cursor Menu"
[2026-09-11 16:38:07.534] +58004ms SKSE_MESSAGE name="kSaveGame" sender="SKSE" save="Save1_137DF790_0_416476656E7475726572_SkyrimUnboundRoom01_000000_20260911213807_1_1"
[2026-09-11 16:38:07.684] +58154ms MENU_OPEN name="LoadWaitSpinner"
[2026-09-11 16:38:07.705] +58174ms MENU_CLOSE name="LoadWaitSpinner"
[2026-09-11 16:38:13.348] +63817ms MENU_OPEN name="Journal Menu"
[2026-09-11 16:38:13.350] +63819ms MENU_OPEN name="Cursor Menu"
[2026-09-11 16:38:21.450] +71920ms MENU_CLOSE name="Journal Menu"
[2026-09-11 16:38:21.451] +71920ms MENU_CLOSE name="Cursor Menu"
[2026-09-11 16:38:21.707] +72177ms MENU_OPEN name="Fader Menu"
[2026-09-11 16:38:27.210] +77680ms SKSE_MESSAGE name="kSaveGame" sender="SKSE" save="Save2_137DF790_0_416476656E7475726572_SkyrimUnboundRoom01_000000_20260911213827_1_1"
[2026-09-11 16:38:27.344] +77814ms MENU_OPEN name="LoadWaitSpinner"
[2026-09-11 16:38:27.367] +77836ms MENU_CLOSE name="LoadWaitSpinner"
[2026-09-11 16:38:27.616] +78086ms MENU_CLOSE name="Fader Menu"
[2026-09-11 16:38:27.617] +78086ms MENU_OPEN name="Loading Menu"
[2026-09-11 16:38:27.617] +78086ms MENU_OPEN name="Mist Menu"
[2026-09-11 16:38:27.617] +78086ms MENU_OPEN name="Fader Menu"
[2026-09-11 16:38:28.900] +79369ms MENU_CLOSE name="Loading Menu"
[2026-09-11 16:38:28.924] +79394ms MENU_CLOSE name="Mist Menu"
[2026-09-11 16:38:29.334] +79803ms SKSE_MESSAGE name="kSaveGame" sender="SKSE" save="Save3_137DF790_0_416476656E7475726572_BoulderfallCave01_000000_20260911213829_1_1"
[2026-09-11 16:38:29.505] +79975ms MENU_OPEN name="LoadWaitSpinner"
[2026-09-11 16:38:29.542] +80012ms MENU_CLOSE name="LoadWaitSpinner"
[2026-09-11 16:38:31.269] +81739ms MENU_CLOSE name="Fader Menu"
[2026-09-11 16:43:56.160] +406629ms MENU_OPEN name="Journal Menu"
[2026-09-11 16:43:56.161] +406631ms MENU_OPEN name="Cursor Menu"
