[2026-09-10 22:14:14.826] +1ms POPUP_PATCHED api="MessageBoxW" scope="LaunchProbe.dll import table"
[2026-09-10 22:14:14.826] +1ms POPUP_PATCHED api="MessageBoxA" scope="LaunchProbe.dll import table"
[2026-09-10 22:14:14.827] +1ms PROBE_OPEN plugin="LaunchProbe" plugin_version="1.0.0.0" log="C:\Users\danjo\Documents\My Games\Skyrim Special Edition\SKSE\LaunchProbe.log"
[2026-09-10 22:14:14.827] +1ms DLL_ATTACH wall="2026-09-10 22:14:14.825" detail="static initializer; SKSE skips SKSEPlugin_Query for PluginVersionData plug-ins"
[2026-09-10 22:14:14.827] +1ms PLUGIN_LOAD runtime_skse="1.7.104.0" runtime_module="1.7.104.0" skse_version=33751056 is_editor=0 pid=25748
[2026-09-10 22:14:14.827] +1ms CONFIG autoload_enabled=0 autoload_save="" delay_ms=1500 heartbeat_ms=0
[2026-09-10 22:14:14.827] +1ms LISTENER_REGISTERED sender="SKSE"
[2026-09-10 22:14:14.827] +1ms PROBE_READY
[2026-09-10 22:14:14.995] +169ms SKSE_MESSAGE name="kPostLoad" sender="SKSE" type=0 data_len=0
[2026-09-10 22:14:14.995] +169ms SINK_REGISTERED stage="kPostLoad" event="RE::MenuOpenCloseEvent"
[2026-09-10 22:14:15.231] +405ms SKSE_MESSAGE name="kPostPostLoad" sender="SKSE" type=1 data_len=0
[2026-09-10 22:14:34.448] +19623ms SKSE_MESSAGE name="kInputLoaded" sender="SKSE" type=6 data_len=0
[2026-09-10 22:14:35.836] +21010ms MENU_OPEN name="SkyParkour"
[2026-09-10 22:14:35.839] +21014ms MENU_OPEN name="Loading Menu"
[2026-09-10 22:14:35.851] +21025ms MENU_OPEN name="Mist Menu"
[2026-09-10 22:14:35.854] +21029ms MENU_OPEN name="Fader Menu"
[2026-09-10 22:14:35.864] +21038ms MENU_OPEN name="LoadWaitSpinner"
[2026-09-10 22:14:46.632] +31806ms MENU_OPEN name="BTPS Ovelay Menu"
[2026-09-10 22:14:47.062] +32236ms SKSE_MESSAGE name="kDataLoaded" sender="SKSE" type=8 data_len=0
[2026-09-10 22:14:48.197] +33371ms MENU_OPEN name="Main Menu"
[2026-09-10 22:14:48.197] +33371ms MAIN_MENU_OPEN constant="Main Menu" ui_is_menu_open=1 has_movie_view=1
[2026-09-10 22:14:48.199] +33373ms MENU_OPEN name="Cursor Menu"
[2026-09-10 22:14:48.202] +33376ms MENU_OPEN name="Console"
[2026-09-10 22:14:48.202] +33376ms MENU_CLOSE name="Console"
[2026-09-10 22:14:48.202] +33376ms MENU_CLOSE name="Cursor Menu"
[2026-09-10 22:14:48.203] +33377ms MENU_CLOSE name="LoadWaitSpinner"
[2026-09-10 22:14:48.203] +33377ms MENU_CLOSE name="Loading Menu"
[2026-09-10 22:14:48.207] +33382ms MENU_OPEN name="Cursor Menu"
[2026-09-10 22:14:48.219] +33394ms MENU_OPEN name="BTPS Menu"
[2026-09-10 22:14:48.220] +33394ms MENU_CLOSE name="Cursor Menu"
[2026-09-10 22:14:48.221] +33395ms MENU_OPEN name="Cursor Menu"
[2026-09-10 22:15:07.502] +52677ms SKSE_MESSAGE name="kNewGame" sender="SKSE" type=7 data_len=8
[2026-09-10 22:15:07.539] +52713ms MENU_OPEN name="LoadWaitSpinner"
[2026-09-10 22:15:07.539] +52713ms MENU_CLOSE name="LoadWaitSpinner"
[2026-09-10 22:15:07.605] +52779ms MENU_OPEN name="HUD Menu"
[2026-09-10 22:15:07.605] +52779ms MENU_CLOSE name="Cursor Menu"
[2026-09-10 22:15:07.607] +52781ms MENU_OPEN name="Cursor Menu"
[2026-09-10 22:15:07.938] +53112ms MENU_CLOSE name="BTPS Menu"
[2026-09-10 22:15:07.938] +53112ms MENU_CLOSE name="BTPS Ovelay Menu"
[2026-09-10 22:15:07.938] +53112ms MENU_CLOSE name="Cursor Menu"
[2026-09-10 22:15:07.938] +53112ms MENU_CLOSE name="Fader Menu"
[2026-09-10 22:15:07.940] +53114ms MENU_CLOSE name="Main Menu"
[2026-09-10 22:15:07.940] +53114ms MENU_OPEN name="Loading Menu"
[2026-09-10 22:15:07.941] +53116ms MENU_OPEN name="Cursor Menu"
[2026-09-10 22:15:07.942] +53116ms MENU_CLOSE name="Cursor Menu"
[2026-09-10 22:15:07.942] +53116ms MENU_OPEN name="Fader Menu"
[2026-09-10 22:15:12.614] +57788ms MENU_CLOSE name="Loading Menu"
[2026-09-10 22:15:12.617] +57791ms MENU_OPEN name="BTPS Ovelay Menu"
[2026-09-10 22:15:12.617] +57791ms MENU_OPEN name="BTPS Menu"
[2026-09-10 22:15:12.637] +57811ms MENU_CLOSE name="Mist Menu"
[2026-09-10 22:15:15.152] +60326ms MENU_OPEN name="RaceSex Menu"
[2026-09-10 22:15:15.154] +60328ms MENU_OPEN name="Cursor Menu"
[2026-09-10 22:15:25.191] +70365ms MENU_OPEN name="MessageBoxMenu"
[2026-09-10 22:15:25.861] +71035ms MENU_CLOSE name="MessageBoxMenu"
[2026-09-10 22:15:28.232] +73406ms MENU_CLOSE name="RaceSex Menu"
[2026-09-10 22:15:28.233] +73407ms MENU_CLOSE name="Fader Menu"
[2026-09-10 22:15:28.233] +73407ms MENU_CLOSE name="Cursor Menu"
[2026-09-10 22:15:28.467] +73641ms SKSE_MESSAGE name="kSaveGame" sender="SKSE" save="Save1_5086323A_0_416476656E7475726572_SkyrimUnboundRoom01_000000_20260911031528_1_1"
[2026-09-10 22:15:28.597] +73771ms MENU_OPEN name="LoadWaitSpinner"
[2026-09-10 22:15:28.618] +73792ms MENU_CLOSE name="LoadWaitSpinner"
[2026-09-10 22:15:37.053] +82228ms MENU_OPEN name="Journal Menu"
[2026-09-10 22:15:37.055] +82229ms MENU_OPEN name="Cursor Menu"
[2026-09-10 22:15:54.132] +99306ms MENU_CLOSE name="Journal Menu"
[2026-09-10 22:15:54.132] +99307ms MENU_CLOSE name="Cursor Menu"
[2026-09-10 22:15:54.345] +99519ms MENU_OPEN name="Fader Menu"
