[2026-09-10 23:49:08.622] +1ms POPUP_PATCHED api="MessageBoxW" scope="LaunchProbe.dll import table"
[2026-09-10 23:49:08.622] +2ms POPUP_PATCHED api="MessageBoxA" scope="LaunchProbe.dll import table"
[2026-09-10 23:49:08.622] +2ms PROBE_OPEN plugin="LaunchProbe" plugin_version="1.0.0.0" log="C:\Users\danjo\Documents\My Games\Skyrim Special Edition\SKSE\LaunchProbe.log"
[2026-09-10 23:49:08.622] +2ms DLL_ATTACH wall="2026-09-10 23:49:08.620" detail="static initializer; SKSE skips SKSEPlugin_Query for PluginVersionData plug-ins"
[2026-09-10 23:49:08.623] +2ms PLUGIN_LOAD runtime_skse="1.7.104.0" runtime_module="1.7.104.0" skse_version=33751056 is_editor=0 pid=42764
[2026-09-10 23:49:08.623] +2ms CONFIG autoload_enabled=0 autoload_save="" delay_ms=1500 heartbeat_ms=0
[2026-09-10 23:49:08.623] +3ms LISTENER_REGISTERED sender="SKSE"
[2026-09-10 23:49:08.623] +3ms PROBE_READY
[2026-09-10 23:49:08.901] +280ms SKSE_MESSAGE name="kPostLoad" sender="SKSE" type=0 data_len=0
[2026-09-10 23:49:08.901] +280ms SINK_REGISTERED stage="kPostLoad" event="RE::MenuOpenCloseEvent"
[2026-09-10 23:49:09.264] +643ms SKSE_MESSAGE name="kPostPostLoad" sender="SKSE" type=1 data_len=0
[2026-09-10 23:49:31.237] +22616ms SKSE_MESSAGE name="kInputLoaded" sender="SKSE" type=6 data_len=0
[2026-09-10 23:49:32.625] +24004ms MENU_OPEN name="SkyParkour"
[2026-09-10 23:49:32.630] +24009ms MENU_OPEN name="Loading Menu"
[2026-09-10 23:49:32.640] +24019ms MENU_OPEN name="Mist Menu"
[2026-09-10 23:49:32.643] +24022ms MENU_OPEN name="Fader Menu"
[2026-09-10 23:49:32.654] +24034ms MENU_OPEN name="LoadWaitSpinner"
[2026-09-10 23:49:41.967] +33347ms MENU_OPEN name="BTPS Ovelay Menu"
[2026-09-10 23:49:42.088] +33468ms SKSE_MESSAGE name="kDataLoaded" sender="SKSE" type=8 data_len=0
[2026-09-10 23:49:43.097] +34476ms MENU_OPEN name="Main Menu"
[2026-09-10 23:49:43.097] +34476ms MAIN_MENU_OPEN constant="Main Menu" ui_is_menu_open=1 has_movie_view=1
[2026-09-10 23:49:43.100] +34479ms MENU_OPEN name="Cursor Menu"
[2026-09-10 23:49:43.103] +34482ms MENU_OPEN name="Console"
[2026-09-10 23:49:43.103] +34482ms MENU_CLOSE name="Console"
[2026-09-10 23:49:43.103] +34482ms MENU_CLOSE name="Cursor Menu"
[2026-09-10 23:49:43.104] +34483ms MENU_CLOSE name="LoadWaitSpinner"
[2026-09-10 23:49:43.104] +34483ms MENU_CLOSE name="Loading Menu"
[2026-09-10 23:49:43.110] +34489ms MENU_OPEN name="Cursor Menu"
[2026-09-10 23:49:43.122] +34501ms MENU_OPEN name="BTPS Menu"
[2026-09-10 23:49:43.122] +34501ms MENU_CLOSE name="Cursor Menu"
[2026-09-10 23:49:43.124] +34503ms MENU_OPEN name="Cursor Menu"
[2026-09-10 23:49:49.027] +40406ms SKSE_MESSAGE name="kNewGame" sender="SKSE" type=7 data_len=8
[2026-09-10 23:49:49.053] +40433ms MENU_OPEN name="LoadWaitSpinner"
[2026-09-10 23:49:49.053] +40433ms MENU_CLOSE name="LoadWaitSpinner"
[2026-09-10 23:49:49.111] +40491ms MENU_OPEN name="HUD Menu"
[2026-09-10 23:49:49.112] +40491ms MENU_CLOSE name="Cursor Menu"
[2026-09-10 23:49:49.113] +40493ms MENU_OPEN name="Cursor Menu"
[2026-09-10 23:49:49.432] +40812ms MENU_CLOSE name="BTPS Menu"
[2026-09-10 23:49:49.433] +40812ms MENU_CLOSE name="Cursor Menu"
[2026-09-10 23:49:49.435] +40814ms MENU_CLOSE name="Main Menu"
[2026-09-10 23:49:49.435] +40814ms MENU_CLOSE name="Fader Menu"
[2026-09-10 23:49:49.435] +40814ms MENU_CLOSE name="BTPS Ovelay Menu"
[2026-09-10 23:49:49.435] +40814ms MENU_OPEN name="Loading Menu"
[2026-09-10 23:49:49.436] +40816ms MENU_OPEN name="Cursor Menu"
[2026-09-10 23:49:49.436] +40816ms MENU_CLOSE name="Cursor Menu"
[2026-09-10 23:49:49.436] +40816ms MENU_OPEN name="Fader Menu"
[2026-09-10 23:49:53.880] +45259ms MENU_CLOSE name="Loading Menu"
[2026-09-10 23:49:53.883] +45262ms MENU_OPEN name="BTPS Ovelay Menu"
[2026-09-10 23:49:53.883] +45262ms MENU_OPEN name="BTPS Menu"
[2026-09-10 23:49:53.899] +45278ms MENU_CLOSE name="Mist Menu"
[2026-09-10 23:49:56.657] +48037ms MENU_OPEN name="RaceSex Menu"
[2026-09-10 23:49:56.659] +48038ms MENU_OPEN name="Cursor Menu"
[2026-09-10 23:50:06.942] +58321ms MENU_OPEN name="MessageBoxMenu"
[2026-09-10 23:50:07.616] +58995ms MENU_CLOSE name="MessageBoxMenu"
[2026-09-10 23:50:09.943] +61322ms MENU_CLOSE name="RaceSex Menu"
[2026-09-10 23:50:09.944] +61323ms MENU_CLOSE name="Fader Menu"
[2026-09-10 23:50:09.944] +61323ms MENU_CLOSE name="Cursor Menu"
[2026-09-10 23:50:10.173] +61552ms SKSE_MESSAGE name="kSaveGame" sender="SKSE" save="Save1_A69B80CD_0_416476656E7475726572_SkyrimUnboundRoom01_000000_20260911045010_1_1"
[2026-09-10 23:50:10.298] +61677ms MENU_OPEN name="LoadWaitSpinner"
[2026-09-10 23:50:10.319] +61698ms MENU_CLOSE name="LoadWaitSpinner"
[2026-09-10 23:50:16.003] +67383ms MENU_OPEN name="Journal Menu"
[2026-09-10 23:50:16.005] +67384ms MENU_OPEN name="Cursor Menu"
[2026-09-10 23:50:50.530] +101909ms MENU_CLOSE name="Journal Menu"
[2026-09-10 23:50:50.530] +101909ms MENU_CLOSE name="Cursor Menu"
[2026-09-10 23:50:50.838] +102217ms MENU_OPEN name="Fader Menu"
[2026-09-10 23:50:54.736] +106115ms SKSE_MESSAGE name="kSaveGame" sender="SKSE" save="Save2_A69B80CD_0_416476656E7475726572_SkyrimUnboundRoom01_000001_20260911045054_1_1"
[2026-09-10 23:50:54.876] +106255ms MENU_OPEN name="LoadWaitSpinner"
[2026-09-10 23:50:54.896] +106275ms MENU_CLOSE name="LoadWaitSpinner"
[2026-09-10 23:50:55.145] +106524ms MENU_CLOSE name="BTPS Menu"
[2026-09-10 23:50:55.145] +106525ms MENU_CLOSE name="Fader Menu"
[2026-09-10 23:50:55.145] +106525ms MENU_CLOSE name="BTPS Ovelay Menu"
[2026-09-10 23:50:55.145] +106525ms MENU_OPEN name="Loading Menu"
[2026-09-10 23:50:55.146] +106525ms MENU_OPEN name="Mist Menu"
[2026-09-10 23:50:55.146] +106525ms MENU_OPEN name="Fader Menu"
[2026-09-10 23:51:03.074] +114454ms MENU_CLOSE name="Loading Menu"
[2026-09-10 23:51:03.078] +114457ms MENU_OPEN name="BTPS Ovelay Menu"
[2026-09-10 23:51:03.078] +114457ms MENU_OPEN name="BTPS Menu"
[2026-09-10 23:51:03.102] +114481ms MENU_CLOSE name="Mist Menu"
[2026-09-10 23:51:04.396] +115775ms SKSE_MESSAGE name="kSaveGame" sender="SKSE" save="Save3_A69B80CD_0_416476656E7475726572_SolitudeWorld_000001_20260911045104_1_1"
[2026-09-10 23:51:04.704] +116083ms MENU_OPEN name="LoadWaitSpinner"
[2026-09-10 23:51:04.723] +116102ms MENU_CLOSE name="LoadWaitSpinner"
[2026-09-10 23:51:06.069] +117449ms MENU_CLOSE name="Fader Menu"
[2026-09-10 23:54:38.434] +329814ms MENU_OPEN name="TweenMenu"
[2026-09-10 23:54:38.436] +329816ms MENU_OPEN name="Cursor Menu"
[2026-09-10 23:54:40.076] +331455ms MENU_OPEN name="InventoryMenu"
[2026-09-10 23:54:41.064] +332443ms MENU_CLOSE name="TweenMenu"
[2026-09-10 23:54:41.108] +332488ms MENU_CLOSE name="InventoryMenu"
[2026-09-10 23:54:41.109] +332488ms MENU_CLOSE name="Cursor Menu"
[2026-09-10 23:54:43.307] +334686ms MENU_OPEN name="Journal Menu"
[2026-09-10 23:54:43.309] +334688ms MENU_OPEN name="Cursor Menu"
