[09/10/2026 - 11:49:32PM] Papyrus log opened (PC)
[09/10/2026 - 11:49:32PM] Update budget: 1.200000ms (Extra tasklet budget: 1.200000ms, Load screen budget: 500.000000ms)
[09/10/2026 - 11:49:32PM] Memory page: 128 (min) 512 (max) 153600 (max total)
[09/10/2026 - 11:49:32PM] warning: Failed to load script order file - initial load time may be slow
[09/10/2026 - 11:49:35PM] Cannot open store for class "MAG_BlessingStorageScript", missing file?
[09/10/2026 - 11:49:35PM] Cannot open store for class "ccBGSSSE038_AssassinEnableScript", missing file?
[09/10/2026 - 11:49:35PM] Cannot open store for class "DefaultDebugMagicEffect", missing file?
[09/10/2026 - 11:49:35PM] Cannot open store for class "ccBGSSSE067_ScourgeDremoraScript", missing file?
[09/10/2026 - 11:49:37PM] Cannot open store for class "BSKAsylumDispelScript", missing file?
[09/10/2026 - 11:49:37PM] Cannot open store for class "CYR_SF_CYRMountainWatchMS02Av_020E5B6C", missing file?
[09/10/2026 - 11:49:37PM] error: Unable to bind script CYR_SF_CYRMountainWatchMS02Av_020E5B6C to  (190E5B6C) because their base types do not match
[09/10/2026 - 11:49:37PM] Cannot open store for class "ddunequiphandlerscript", missing file?
[09/10/2026 - 11:49:37PM] Cannot open store for class "ddunequipmcmscript", missing file?
[09/10/2026 - 11:49:38PM] Cannot open store for class "fissinterface", missing file?
[09/10/2026 - 11:49:39PM] Cannot open store for class "TensionPickScript", missing file?
[09/10/2026 - 11:49:39PM] Cannot open store for class "ww42hugfollowerscript", missing file?
[09/10/2026 - 11:49:41PM] Cannot open store for class "CYRKvatchMS05VarondoLabDoorScript", missing file?
[09/10/2026 - 11:49:41PM] error: Unable to bind script CYRKvatchMS05VarondoLabDoorScript to  (190F68DB) because their base types do not match
[09/10/2026 - 11:49:48PM] error: Unable to bind script AnvilDencheckjusticar to alias Justicar on quest AnvilDenQuest (1E01ED3C) because their base types do not match
[09/10/2026 - 11:49:48PM] error: Property Remi on script HLIOCombatPackageEvalScript attached to alias Remi on quest HLIORemiFollower (31014C11) cannot be bound because alias Remi on quest HLIORemiFollower (31014C11) is not the right type
[09/10/2026 - 11:49:48PM] error: Unable to bind script HLIOMQ1Script to alias PC on quest HLIOMQ1 (3146FA55) because their base types do not match
[09/10/2026 - 11:49:48PM] warning: Property C2LLine on script HLIOScrapAttackContScript attached to alias Remi on quest HLIORedcapBanter (3157CB7D) cannot be initialized because the script no longer contains that property
[09/10/2026 - 11:49:48PM] error: Unable to bind script HLIORedcapScrapDeath to alias scrap on quest HLIORedcapBanter (3157CB7D) because their base types do not match
[09/10/2026 - 11:49:48PM] error: Unable to bind script HLIONimhekilled to alias Nimhe on quest HLIOStartingQuest (310E4852) because their base types do not match
[09/10/2026 - 11:49:48PM] warning: Property USSEPElevatorPowerRequiredMessage on script blackreachExitElevatorScript attached to  (000EF7BA) cannot be initialized because the script no longer contains that property
[09/10/2026 - 11:49:48PM] warning: Property USSEPElevatorPowerRequiredMessage on script blackreachExitElevatorScript attached to  (000EF7AA) cannot be initialized because the script no longer contains that property
[09/10/2026 - 11:49:48PM] warning: Property USSEPElevatorPowerRequiredMessage on script blackreachExitElevatorScript attached to  (000EF7B9) cannot be initialized because the script no longer contains that property
[09/10/2026 - 11:49:48PM] warning: Property Alias_CaravanLeaderA on script QF_MQ201Malborn_0004CECE attached to MQ201Malborn (0004CECE) cannot be initialized because the script no longer contains that property
[09/10/2026 - 11:49:48PM] warning: Property nwsInterpolate on script nwsfollowercontrollerscript attached to nwsFollowerController (4500434F) cannot be initialized because the script no longer contains that property
[09/10/2026 - 11:49:48PM] warning: Property WIDeadBodyCleanupCell on script SHO_PickUpCarCass attached to SimpleHuntingOverhaul (FE0AFE7F) cannot be initialized because the script no longer contains that property
[09/10/2026 - 11:49:48PM] warning: Property LocTypeCity on script byohrelationshipadoptionscript attached to BYOHRelationshipAdoption (030042B4) cannot be initialized because the script no longer contains that property
[09/10/2026 - 11:49:48PM] warning: Property USSEPElevatorPowerRequiredMessage on script blackreachExitElevatorScript attached to  (000EF7B8) cannot be initialized because the script no longer contains that property
[09/10/2026 - 11:49:49PM] warning: Property USSEPElevatorPowerRequiredMessage on script blackreachExitElevatorScript attached to  (000EF933) cannot be initialized because the script no longer contains that property
[09/10/2026 - 11:49:49PM] warning: Property USSEPElevatorPowerRequiredMessage on script blackreachExitElevatorScript attached to  (000EF79B) cannot be initialized because the script no longer contains that property
[09/10/2026 - 11:49:49PM] error: Native static function StopNFCDetection could find no matching static function on linked type Game. Function will not be bound.
[09/10/2026 - 11:49:49PM] error: Native static function StartNFCDetection could find no matching static function on linked type Game. Function will not be bound.
[09/10/2026 - 11:49:49PM] error: Native static function SaveSuccessfulAmiiboUsage could find no matching static function on linked type Game. Function will not be bound.
[09/10/2026 - 11:49:49PM] error: Native static function GetSecondsSinceLastAmiiboUsage could find no matching static function on linked type Game. Function will not be bound.
[09/10/2026 - 11:49:49PM] error: Native static function GetLocalizedNameForAmiibo could find no matching static function on linked type Game. Function will not be bound.
[09/10/2026 - 11:49:49PM] error: Native static function IsAmiiboSupported could find no matching static function on linked type Game. Function will not be bound.
[09/10/2026 - 11:49:49PM] BEYOND REACH: ArnimaFactSetUpdateCheckQuestScript: First time loading game. Setting factions. Faction script version is 0
[09/10/2026 - 11:49:49PM] =====[ VioLens - A Killmove Mod: JContainers Detected & Version Valid, Profile System Enabled ]=====
[09/10/2026 - 11:49:49PM] [ahzconfigmenu <AHZConfigMenu02 (FE05180E)>] INITIALIZED
[09/10/2026 - 11:49:49PM] [BetterThirdPersonSelection_MCM <BetterThirdPersonSelection_MCM (FE0F2D62)>] INITIALIZED
[09/10/2026 - 11:49:49PM] [ProteusMCMScript <ZZProteusMCMQuest (3217DC8D)>] INITIALIZED
[09/10/2026 - 11:49:49PM] [VigMCMScript <zzzVigMCM (1C4881EA)>] INITIALIZED
[09/10/2026 - 11:49:49PM] [nwsfollowermcmscript <nwsFollowerMCM (45034A76)>] INITIALIZED
[09/10/2026 - 11:49:49PM] [ski_activeeffectswidget <SKI_ActiveEffectsWidgetInstance (FE056822)>] INITIALIZED
[09/10/2026 - 11:49:49PM] [ski_activeeffectswidget <SKI_ActiveEffectsWidgetInstance (FE056822)>]: Updating to script version 2
[09/10/2026 - 11:49:49PM] [WB_MCMQuest_Script <WB_SkyUI_Quest (3404013A)>] INITIALIZED
[09/10/2026 - 11:49:49PM] [ski_favoritesmanager <SKI_FavoritesManagerInstance (FE05682A)>]: Updating to script version 2
[09/10/2026 - 11:49:49PM] [ski_favoritesmanager <SKI_FavoritesManagerInstance (FE05682A)>]: Updating to script version 3
[09/10/2026 - 11:49:49PM] [ski_favoritesmanager <SKI_FavoritesManagerInstance (FE05682A)>]: Updating to script version 4
[09/10/2026 - 11:49:49PM] error: File "ImGladYoureHere.esp" does not exist or is not currently loaded.
stack:
	<unknown self>.Game.GetFormFromFile() - "<native>" Line ?
	[alias playerAlias on quest HLIOModChecker (312B1B38)].HLIOModCheckerScript.CheckForInstalledMods() - "HLIOModCheckerScript.psc" Line 61
	[alias playerAlias on quest HLIOModChecker (312B1B38)].HLIOModCheckerScript.OnInit() - "HLIOModCheckerScript.psc" Line 52
[09/10/2026 - 11:49:49PM] error: File "018Auri.esp" does not exist or is not currently loaded.
stack:
	<unknown self>.Game.GetFormFromFile() - "<native>" Line ?
	[alias playerAlias on quest HLIOModChecker (312B1B38)].HLIOModCheckerScript.ModCheck() - "HLIOModCheckerScript.psc" Line 33
	[alias playerAlias on quest HLIOModChecker (312B1B38)].HLIOModCheckerScript.CheckForInstalledMods() - "HLIOModCheckerScript.psc" Line 74
	[alias playerAlias on quest HLIOModChecker (312B1B38)].HLIOModCheckerScript.OnInit() - "HLIOModCheckerScript.psc" Line 52
[09/10/2026 - 11:49:49PM] error: File "Khash The Argonian.esp" does not exist or is not currently loaded.
stack:
	<unknown self>.Game.GetFormFromFile() - "<native>" Line ?
	[alias playerAlias on quest HLIOModChecker (312B1B38)].HLIOModCheckerScript.ModCheck() - "HLIOModCheckerScript.psc" Line 33
	[alias playerAlias on quest HLIOModChecker (312B1B38)].HLIOModCheckerScript.CheckForInstalledMods() - "HLIOModCheckerScript.psc" Line 76
	[alias playerAlias on quest HLIOModChecker (312B1B38)].HLIOModCheckerScript.OnInit() - "HLIOModCheckerScript.psc" Line 52
[09/10/2026 - 11:49:49PM] error: File "BPUFXelzazFollower.esp" does not exist or is not currently loaded.
stack:
	<unknown self>.Game.GetFormFromFile() - "<native>" Line ?
	[alias playerAlias on quest HLIOModChecker (312B1B38)].HLIOModCheckerScript.ModCheck() - "HLIOModCheckerScript.psc" Line 33
	[alias playerAlias on quest HLIOModChecker (312B1B38)].HLIOModCheckerScript.CheckForInstalledMods() - "HLIOModCheckerScript.psc" Line 78
	[alias playerAlias on quest HLIOModChecker (312B1B38)].HLIOModCheckerScript.OnInit() - "HLIOModCheckerScript.psc" Line 52
[09/10/2026 - 11:49:49PM] error: File "BPUFXelzazFollower.esp" does not exist or is not currently loaded.
stack:
	<unknown self>.Game.GetFormFromFile() - "<native>" Line ?
	[alias playerAlias on quest HLIOModChecker (312B1B38)].HLIOModCheckerScript.ModCheck() - "HLIOModCheckerScript.psc" Line 33
	[alias playerAlias on quest HLIOModChecker (312B1B38)].HLIOModCheckerScript.CheckForInstalledMods() - "HLIOModCheckerScript.psc" Line 80
	[alias playerAlias on quest HLIOModChecker (312B1B38)].HLIOModCheckerScript.OnInit() - "HLIOModCheckerScript.psc" Line 52
[09/10/2026 - 11:49:49PM] error: File "BPUFXelzazFollower.esp" does not exist or is not currently loaded.
stack:
	<unknown self>.Game.GetFormFromFile() - "<native>" Line ?
	[alias playerAlias on quest HLIOModChecker (312B1B38)].HLIOModCheckerScript.ModCheck() - "HLIOModCheckerScript.psc" Line 33
	[alias playerAlias on quest HLIOModChecker (312B1B38)].HLIOModCheckerScript.CheckForInstalledMods() - "HLIOModCheckerScript.psc" Line 82
	[alias playerAlias on quest HLIOModChecker (312B1B38)].HLIOModCheckerScript.OnInit() - "HLIOModCheckerScript.psc" Line 52
[09/10/2026 - 11:49:49PM] error: File "FA01RedcapFollower.esp" does not exist or is not currently loaded.
stack:
	<unknown self>.Game.GetFormFromFile() - "<native>" Line ?
	[alias playerAlias on quest HLIOModChecker (312B1B38)].HLIOModCheckerScript.ModCheck() - "HLIOModCheckerScript.psc" Line 33
	[alias playerAlias on quest HLIOModChecker (312B1B38)].HLIOModCheckerScript.CheckForInstalledMods() - "HLIOModCheckerScript.psc" Line 92
	[alias playerAlias on quest HLIOModChecker (312B1B38)].HLIOModCheckerScript.OnInit() - "HLIOModCheckerScript.psc" Line 52
[09/10/2026 - 11:49:49PM] error: File "FA01RedcapFollower.esp" does not exist or is not currently loaded.
stack:
	<unknown self>.Game.GetFormFromFile() - "<native>" Line ?
	[alias playerAlias on quest HLIOModChecker (312B1B38)].HLIOModCheckerScript.ModCheck() - "HLIOModCheckerScript.psc" Line 33
	[alias playerAlias on quest HLIOModChecker (312B1B38)].HLIOModCheckerScript.CheckForInstalledMods() - "HLIOModCheckerScript.psc" Line 94
	[alias playerAlias on quest HLIOModChecker (312B1B38)].HLIOModCheckerScript.OnInit() - "HLIOModCheckerScript.psc" Line 52
[09/10/2026 - 11:49:49PM] error: File "GORE.esp" does not exist or is not currently loaded.
stack:
	<unknown self>.Game.GetFormFromFile() - "<native>" Line ?
	[alias playerAlias on quest HLIOModChecker (312B1B38)].HLIOModCheckerScript.ModCheck() - "HLIOModCheckerScript.psc" Line 33
	[alias playerAlias on quest HLIOModChecker (312B1B38)].HLIOModCheckerScript.CheckForInstalledMods() - "HLIOModCheckerScript.psc" Line 96
	[alias playerAlias on quest HLIOModChecker (312B1B38)].HLIOModCheckerScript.OnInit() - "HLIOModCheckerScript.psc" Line 52
[09/10/2026 - 11:49:49PM] error: File "Yazakh.esp" does not exist or is not currently loaded.
stack:
	<unknown self>.Game.GetFormFromFile() - "<native>" Line ?
	[alias playerAlias on quest HLIOModChecker (312B1B38)].HLIOModCheckerScript.ModCheck() - "HLIOModCheckerScript.psc" Line 33
	[alias playerAlias on quest HLIOModChecker (312B1B38)].HLIOModCheckerScript.CheckForInstalledMods() - "HLIOModCheckerScript.psc" Line 98
	[alias playerAlias on quest HLIOModChecker (312B1B38)].HLIOModCheckerScript.OnInit() - "HLIOModCheckerScript.psc" Line 52
[09/10/2026 - 11:49:49PM] error: File "DK_Thogra.esp" does not exist or is not currently loaded.
stack:
	<unknown self>.Game.GetFormFromFile() - "<native>" Line ?
	[alias playerAlias on quest HLIOModChecker (312B1B38)].HLIOModCheckerScript.ModCheck() - "HLIOModCheckerScript.psc" Line 33
	[alias playerAlias on quest HLIOModChecker (312B1B38)].HLIOModCheckerScript.CheckForInstalledMods() - "HLIOModCheckerScript.psc" Line 100
	[alias playerAlias on quest HLIOModChecker (312B1B38)].HLIOModCheckerScript.OnInit() - "HLIOModCheckerScript.psc" Line 52
[09/10/2026 - 11:49:49PM] error: File "AX ValSerano.esp" does not exist or is not currently loaded.
stack:
	<unknown self>.Game.GetFormFromFile() - "<native>" Line ?
	[alias playerAlias on quest HLIOModChecker (312B1B38)].HLIOModCheckerScript.ModCheck() - "HLIOModCheckerScript.psc" Line 33
	[alias playerAlias on quest HLIOModChecker (312B1B38)].HLIOModCheckerScript.CheckForInstalledMods() - "HLIOModCheckerScript.psc" Line 110
	[alias playerAlias on quest HLIOModChecker (312B1B38)].HLIOModCheckerScript.OnInit() - "HLIOModCheckerScript.psc" Line 52
[09/10/2026 - 11:49:49PM] [ARTH_RFYL_ConfigMenu <ARTHRFYLMCMQuest (43000005)>] INITIALIZED
[09/10/2026 - 11:49:49PM] [ColHlp_MCMScript <ColHlp_MCM (FE077D63)>] INITIALIZED
[09/10/2026 - 11:49:49PM] error: Native static function GetNodeTransformScaleMode does not match existing signature on linked type NiOverride. Function will not be bound.
[09/10/2026 - 11:49:49PM] [WT_MCMScript <WTMCM (20AC1487)>] INITIALIZED
[09/10/2026 - 11:49:49PM] Setting pet and player relationship to ally
[09/10/2026 - 11:49:49PM] [SmoothCamMCM <SmoothCamMCM (FE054800)>] INITIALIZED
[09/10/2026 - 11:49:49PM] [Precision_MCM <Precision_MCM_Quest (FE0ED800)>] INITIALIZED
[09/10/2026 - 11:49:49PM] error: Cannot call RegisterDragonAttack() on a None object, aborting function call
stack:
	[ (1701D3B2)].dragonactorscript.OnLocationChange() - "dragonActorSCRIPT.psc" Line 135
[09/10/2026 - 11:49:49PM] warning: Assigning None to a non-object variable named "::temp10"
stack:
	[ (1701D3B2)].dragonactorscript.OnLocationChange() - "dragonActorSCRIPT.psc" Line 135
[09/10/2026 - 11:49:49PM] [JR_LucienConfigMenu <JRLucienMCM (3E326B34)>] INITIALIZED
[09/10/2026 - 11:49:49PM] [_camp_skyuiconfigpanelscript <_Camp_SkyUIConfigPanel (1B0225A6)>] INITIALIZED
[09/10/2026 - 11:49:49PM] [Campfire][Info] Upgrading MCM script to version 4
[09/10/2026 - 11:49:49PM] [TNG_MCM <TNG_MCM (FE04EF00)>] INITIALIZED
[09/10/2026 - 11:49:49PM] [XPMSEMCM <XPMSEMCM (39000888)>] INITIALIZED
[09/10/2026 - 11:49:49PM] [VL_ConfigMenu <VL_ConfigMenu (3A005901)>] INITIALIZED
[09/10/2026 - 11:49:49PM] error: Native static function GetFlags could find no matching static function on linked type FNIS. Function will not be bound.
[09/10/2026 - 11:49:53PM] DLC1: Starting DLC1 Initialization quest.
[09/10/2026 - 11:49:53PM] PATCH 1.9 QUEST HAS STARTED
[09/10/2026 - 11:49:53PM] [DLC2_QF_DLC2_MQ04_02016E02 <DLC2Init (04016E02)>] DLC2Init quest START
[09/10/2026 - 11:49:54PM] [Campfire] Performing first-time setup.
[09/10/2026 - 11:49:54PM] [_camp_skyuiconfigpanelscript <_Camp_SkyUIConfigPanel (1B0225A6)>]: Registered campfire at MCM.
[09/10/2026 - 11:49:54PM] [Campfire]======================================================================================================
[09/10/2026 - 11:49:54PM] [Campfire]     Campfire is now performing compatibility checks. Papyrus warnings about missing or               
[09/10/2026 - 11:49:54PM] [Campfire]             unloaded files may follow. This is NORMAL and can be ignored.   		                   
[09/10/2026 - 11:49:54PM] [Campfire]======================================================================================================
[09/10/2026 - 11:49:54PM] [TNG_MCM <TNG_MCM (FE04EF00)>]: Registered T.N.G. at MCM.
[09/10/2026 - 11:49:54PM] [XPMSEMCM <XPMSEMCM (39000888)>]: Registered XPMSE at MCM.
[09/10/2026 - 11:49:54PM] InitWidgetLoader()
[09/10/2026 - 11:49:54PM] [Campfire] Registered Campfire Skill System mod: Campfire.esm
[09/10/2026 - 11:49:54PM] [Campfire] Detected SKSE version 2.030100 (expected 1.070300 or newer, success!)
[09/10/2026 - 11:49:54PM] error: File "SkyUI.esp" does not exist or is not currently loaded.
stack:
	<unknown self>.Game.GetFormFromFile() - "<native>" Line ?
	[alias _Camp_PlayerAlias on quest _Camp_MainQuest (1B022033)]._camp_compatibility.IsPluginLoaded() - "_Camp_Compatibility.psc" Line 645
	[alias _Camp_PlayerAlias on quest _Camp_MainQuest (1B022033)]._camp_compatibility.RunCompatibility() - "_Camp_Compatibility.psc" Line 266
	[alias _Camp_PlayerAlias on quest _Camp_MainQuest (1B022033)]._camp_compatibility.OnPlayerLoadGame() - "_Camp_Compatibility.psc" Line 133
	[_Camp_MainQuest (1B022033)]._camp_main.OnInit() - "_Camp_Main.psc" Line 22
[09/10/2026 - 11:49:54PM] [Campfire] Loaded: SkyUI_SE.esp
[09/10/2026 - 11:49:54PM] error: File "SkyrimVR.esm" does not exist or is not currently loaded.
stack:
	<unknown self>.Game.GetFormFromFile() - "<native>" Line ?
	[alias _Camp_PlayerAlias on quest _Camp_MainQuest (1B022033)]._camp_compatibility.IsPluginLoaded() - "_Camp_Compatibility.psc" Line 645
	[alias _Camp_PlayerAlias on quest _Camp_MainQuest (1B022033)]._camp_compatibility.RunCompatibility() - "_Camp_Compatibility.psc" Line 272
	[alias _Camp_PlayerAlias on quest _Camp_MainQuest (1B022033)]._camp_compatibility.OnPlayerLoadGame() - "_Camp_Compatibility.psc" Line 133
	[_Camp_MainQuest (1B022033)]._camp_main.OnInit() - "_Camp_Main.psc" Line 22
[09/10/2026 - 11:49:54PM] [Campfire] Loaded: Dawnguard.esm
[09/10/2026 - 11:49:54PM] [Campfire] Loaded: Dragonborn.esm
[09/10/2026 - 11:49:54PM] [Campfire] Loaded: HearthFires.esm
[09/10/2026 - 11:49:54PM] error: File "Imp's More Complex Needs.esp" does not exist or is not currently loaded.
stack:
	<unknown self>.Game.GetFormFromFile() - "<native>" Line ?
	[alias _Camp_PlayerAlias on quest _Camp_MainQuest (1B022033)]._camp_compatibility.IsPluginLoaded() - "_Camp_Compatibility.psc" Line 645
	[alias _Camp_PlayerAlias on quest _Camp_MainQuest (1B022033)]._camp_compatibility.RunCompatibility() - "_Camp_Compatibility.psc" Line 335
	[alias _Camp_PlayerAlias on quest _Camp_MainQuest (1B022033)]._camp_compatibility.OnPlayerLoadGame() - "_Camp_Compatibility.psc" Line 133
	[_Camp_MainQuest (1B022033)]._camp_main.OnInit() - "_Camp_Main.psc" Line 22
[09/10/2026 - 11:49:54PM] error: File "RealisticNeedsandDiseases.esp" does not exist or is not currently loaded.
stack:
	<unknown self>.Game.GetFormFromFile() - "<native>" Line ?
	[alias _Camp_PlayerAlias on quest _Camp_MainQuest (1B022033)]._camp_compatibility.IsPluginLoaded() - "_Camp_Compatibility.psc" Line 645
	[alias _Camp_PlayerAlias on quest _Camp_MainQuest (1B022033)]._camp_compatibility.RunCompatibility() - "_Camp_Compatibility.psc" Line 351
	[alias _Camp_PlayerAlias on quest _Camp_MainQuest (1B022033)]._camp_compatibility.OnPlayerLoadGame() - "_Camp_Compatibility.psc" Line 133
	[_Camp_MainQuest (1B022033)]._camp_main.OnInit() - "_Camp_Main.psc" Line 22
[09/10/2026 - 11:49:54PM] error: File "iNeed.esp" does not exist or is not currently loaded.
stack:
	<unknown self>.Game.GetFormFromFile() - "<native>" Line ?
	[alias _Camp_PlayerAlias on quest _Camp_MainQuest (1B022033)]._camp_compatibility.IsPluginLoaded() - "_Camp_Compatibility.psc" Line 645
	[alias _Camp_PlayerAlias on quest _Camp_MainQuest (1B022033)]._camp_compatibility.RunCompatibility() - "_Camp_Compatibility.psc" Line 377
	[alias _Camp_PlayerAlias on quest _Camp_MainQuest (1B022033)]._camp_compatibility.OnPlayerLoadGame() - "_Camp_Compatibility.psc" Line 133
	[_Camp_MainQuest (1B022033)]._camp_main.OnInit() - "_Camp_Main.psc" Line 22
[09/10/2026 - 11:49:54PM] error: File "Frostfall.esp" does not exist or is not currently loaded.
stack:
	<unknown self>.Game.GetFormFromFile() - "<native>" Line ?
	[alias _Camp_PlayerAlias on quest _Camp_MainQuest (1B022033)]._camp_compatibility.IsPluginLoaded() - "_Camp_Compatibility.psc" Line 645
	[alias _Camp_PlayerAlias on quest _Camp_MainQuest (1B022033)]._camp_compatibility.RunCompatibility() - "_Camp_Compatibility.psc" Line 399
	[alias _Camp_PlayerAlias on quest _Camp_MainQuest (1B022033)]._camp_compatibility.OnPlayerLoadGame() - "_Camp_Compatibility.psc" Line 133
	[_Camp_MainQuest (1B022033)]._camp_main.OnInit() - "_Camp_Main.psc" Line 22
[09/10/2026 - 11:49:54PM] error: File "LastSeed.esp" does not exist or is not currently loaded.
stack:
	<unknown self>.Game.GetFormFromFile() - "<native>" Line ?
	[alias _Camp_PlayerAlias on quest _Camp_MainQuest (1B022033)]._camp_compatibility.IsPluginLoaded() - "_Camp_Compatibility.psc" Line 645
	[alias _Camp_PlayerAlias on quest _Camp_MainQuest (1B022033)]._camp_compatibility.RunCompatibility() - "_Camp_Compatibility.psc" Line 418
	[alias _Camp_PlayerAlias on quest _Camp_MainQuest (1B022033)]._camp_compatibility.OnPlayerLoadGame() - "_Camp_Compatibility.psc" Line 133
	[_Camp_MainQuest (1B022033)]._camp_main.OnInit() - "_Camp_Main.psc" Line 22
[09/10/2026 - 11:49:54PM] [VL_ConfigMenu <VL_ConfigMenu (3A005901)>]: Registered VioLens at MCM.
[09/10/2026 - 11:49:54PM] [SKI_ConfigMenu <SKI_ConfigMenuInstance (FE056820)>] INITIALIZED
[09/10/2026 - 11:49:55PM] [SmoothCamMCM <SmoothCamMCM (FE054800)>]: Registered SmoothCam at MCM.
[09/10/2026 - 11:49:55PM] [ahzconfigmenu <AHZConfigMenu02 (FE05180E)>]: Registered moreHUD at MCM.
[09/10/2026 - 11:49:55PM] [ProteusMCMScript <ZZProteusMCMQuest (3217DC8D)>]: Registered PROTEUS at MCM.
[09/10/2026 - 11:49:55PM] [Precision_MCM <Precision_MCM_Quest (FE0ED800)>]: Registered precision at MCM.
[09/10/2026 - 11:49:55PM] [BetterThirdPersonSelection_MCM <BetterThirdPersonSelection_MCM (FE0F2D62)>]: Registered Better Third Person Selection at MCM.
[09/10/2026 - 11:49:56PM] error: File "Equipping Overhaul.esp" does not exist or is not currently loaded.
stack:
	<unknown self>.Game.GetFormFromFile() - "<native>" Line ?
	[alias _Camp_PlayerAlias on quest _Camp_MainQuest (1B022033)]._camp_compatibility.IsPluginLoaded() - "_Camp_Compatibility.psc" Line 645
	[alias _Camp_PlayerAlias on quest _Camp_MainQuest (1B022033)]._camp_compatibility.RunCompatibility() - "_Camp_Compatibility.psc" Line 623
	[alias _Camp_PlayerAlias on quest _Camp_MainQuest (1B022033)]._camp_compatibility.OnPlayerLoadGame() - "_Camp_Compatibility.psc" Line 133
	[_Camp_MainQuest (1B022033)]._camp_main.OnInit() - "_Camp_Main.psc" Line 22
[09/10/2026 - 11:49:56PM] [Campfire]======================================================================================================
[09/10/2026 - 11:49:56PM] [Campfire]                            Campfire compatibility check complete.   		                           
[09/10/2026 - 11:49:56PM] [Campfire]======================================================================================================
[09/10/2026 - 11:49:56PM] FISHING: Checking for updates.
[09/10/2026 - 11:49:57PM] PATCH 1.4 QUEST HAS STARTED
[09/10/2026 - 11:49:57PM] [DLC2_QF_DLC2_MQ04_02016E02 <DLC2Init (04016E02)>] DLC2Init quest DONE
[09/10/2026 - 11:49:57PM] UHFP 1.0.3 Retroactive Updates Complete
[09/10/2026 - 11:49:57PM] UHFP 1.1.0 Retroactive Updates Complete
[09/10/2026 - 11:49:57PM] UHFP 1.1.1 Retroactive Updates Complete
[09/10/2026 - 11:49:57PM] XPMSE MainQuest Initialization successful.
[09/10/2026 - 11:49:57PM] UHFP 1.1.2 Retroactive Updates Complete
[09/10/2026 - 11:49:57PM] UHFP 2.0.0 Retroactive Updates Complete
[09/10/2026 - 11:49:57PM] UHFP 2.0.1 Retroactive Updates Complete
[09/10/2026 - 11:49:57PM] UHFP 2.0.2 Retroactive Updates Complete
[09/10/2026 - 11:49:57PM] UHFP 2.0.3 Retroactive Updates Complete
[09/10/2026 - 11:49:57PM] UHFP 2.0.4 Retroactive Updates Complete
[09/10/2026 - 11:49:57PM] UHFP 2.0.8 Retroactive Updates Complete
[09/10/2026 - 11:49:57PM] All retroactive updates for UHFP fixes have been processed.
[09/10/2026 - 11:49:57PM] USKP 1.0 through 1.0.3 Retroactive Updates Complete
[09/10/2026 - 11:49:57PM] USKP 1.1 Retroactive Updates Complete
[09/10/2026 - 11:49:57PM] USKP 1.2 Retroactive Updates Complete
[09/10/2026 - 11:49:57PM] USKP 1.2.1 Retroactive Updates Complete
[09/10/2026 - 11:49:57PM] USKP 1.2.2 Retroactive Updates Complete
[09/10/2026 - 11:49:57PM] USKP 1.2.3 Retroactive Updates Complete
[09/10/2026 - 11:49:57PM] USKP 1.2.4 Retroactive Updates Complete
[09/10/2026 - 11:49:57PM] USKP 1.2.5 Retroactive Updates Complete
[09/10/2026 - 11:49:57PM] USKP 1.2.6 Retroactive Updates Complete
[09/10/2026 - 11:49:57PM] USKP 1.2.7 Retroactive Updates Complete
[09/10/2026 - 11:49:57PM] USKP 1.3.0 Retroactive Updates Complete
[09/10/2026 - 11:49:57PM] USKP 1.3.1 Retroactive Updates Complete
[09/10/2026 - 11:49:57PM] USKP 1.3.2 Retroactive Updates Complete
[09/10/2026 - 11:49:57PM] UDGP 1.1 Retroactive Updates Complete
[09/10/2026 - 11:49:57PM] UDGP 1.1.1 Retroactive Updates Complete
[09/10/2026 - 11:49:58PM] UDGP 1.1.2 Retroactive Updates Complete
[09/10/2026 - 11:49:58PM] UDGP 1.1.3 Retroactive Updates Complete
[09/10/2026 - 11:49:58PM] UDGP 1.2.0 Retroactive Updates Complete
[09/10/2026 - 11:49:58PM] UDGP 1.2.1 Retroactive Updates Complete
[09/10/2026 - 11:49:58PM] USKP 1.3.3 Retroactive Updates Complete
[09/10/2026 - 11:49:58PM] USKP 2.0.0 Retroactive Updates Complete
[09/10/2026 - 11:49:58PM] USKP 2.0.1 Retroactive Updates Complete
[09/10/2026 - 11:49:58PM] USKP 2.0.2 Retroactive Updates Complete
[09/10/2026 - 11:49:58PM] USKP 2.0.3 Retroactive Updates Complete
[09/10/2026 - 11:49:58PM] USKP 2.0.4 Retroactive Updates Complete
[09/10/2026 - 11:49:58PM] UDBP 1.0.1 Retroactive Updates Complete
[09/10/2026 - 11:49:58PM] UDBP 1.0.3 Retroactive Updates Complete
[09/10/2026 - 11:49:58PM] USKP 2.0.5 Retroactive Updates Complete
[09/10/2026 - 11:49:58PM] USKP 2.0.6 Retroactive Updates Complete
[09/10/2026 - 11:49:58PM] USKP 2.0.7 Retroactive Updates Complete
[09/10/2026 - 11:49:58PM] USKP 2.0.8 Retroactive Updates Complete
[09/10/2026 - 11:49:58PM] USKP 2.0.9 Retroactive Updates Complete
[09/10/2026 - 11:49:58PM] USKP 2.1.0 Retroactive Updates Complete
[09/10/2026 - 11:49:58PM] USKP 2.1.1 Retroactive Updates Complete
[09/10/2026 - 11:49:58PM] USKP 2.1.2 Retroactive Updates Complete
[09/10/2026 - 11:49:58PM] USKP 2.1.3 Retroactive Updates Complete
[09/10/2026 - 11:49:58PM] All retroactive updates for USKP fixes have been processed.
[09/10/2026 - 11:49:58PM] UDGP 1.2.2 Retroactive Updates Complete
[09/10/2026 - 11:49:58PM] UDGP 1.2.3 Retroactive Updates Complete
[09/10/2026 - 11:49:58PM] UDGP 1.2.4 Retroactive Updates Complete
[09/10/2026 - 11:49:58PM] UDGP 2.0.0 Retroactive Updates Complete
[09/10/2026 - 11:49:58PM] UDGP 2.0.1 Retroactive Updates Complete
[09/10/2026 - 11:49:58PM] UDGP 2.0.2 Retroactive Updates Complete
[09/10/2026 - 11:49:58PM] DLC1: DLC1 Initialization quest done.
[09/10/2026 - 11:49:58PM] UDGP 2.0.3 Retroactive Updates Complete
[09/10/2026 - 11:49:58PM] UDGP 2.0.4 Retroactive Updates Complete
[09/10/2026 - 11:49:58PM] UDGP 2.0.6 Retroactive Updates Complete
[09/10/2026 - 11:49:58PM] UDBP 1.0.5 Retroactive Updates Complete
[09/10/2026 - 11:49:58PM] UDBP 2.0.1 Retroactive Updates Complete
[09/10/2026 - 11:49:58PM] UDBP 2.0.2 Retroactive Updates Complete
[09/10/2026 - 11:49:58PM] UDBP 1.0.5 Retroactive Updates Complete
[09/10/2026 - 11:49:58PM] UDBP 2.0.1 Retroactive Updates Complete
[09/10/2026 - 11:49:58PM] UDBP 2.0.2 Retroactive Updates Complete
[09/10/2026 - 11:49:58PM] UDBP 2.0.3 Retroactive Updates Complete
[09/10/2026 - 11:49:58PM] UDBP 2.0.4 Retroactive Updates Complete
[09/10/2026 - 11:49:58PM] [skyrimunboundmcmscript <SkyrimUnboundMCM (440012C6)>] INITIALIZED
[09/10/2026 - 11:49:58PM] UDBP 2.0.8 Retroactive Updates Complete
[09/10/2026 - 11:49:58PM] UDBP 2.0.9 Retroactive Updates Complete
[09/10/2026 - 11:49:58PM] UDBP 2.0.3 Retroactive Updates Complete
[09/10/2026 - 11:49:58PM] UDBP 2.0.4 Retroactive Updates Complete
[09/10/2026 - 11:49:58PM] UDBP 2.0.8 Retroactive Updates Complete
[09/10/2026 - 11:49:58PM] [VigMCMScript <zzzVigMCM (1C4881EA)>] INITIALIZED
[09/10/2026 - 11:49:58PM] UDBP 2.0.9 Retroactive Updates Complete
[09/10/2026 - 11:49:58PM] UDGP 2.1.1 Retroactive Updates Complete
[09/10/2026 - 11:49:58PM] All retroactive updates for UDGP fixes have been processed.
[09/10/2026 - 11:49:58PM] [WT_MCMScript <WTMCM (20AC1487)>] INITIALIZED
[09/10/2026 - 11:49:58PM] [VigMCMScript <zzzVigMCM (1C4881EA)>]: Registered Vigilant at MCM.
[09/10/2026 - 11:49:59PM] [ColHlp_MCMScript <ColHlp_MCM (FE077D63)>] INITIALIZED
[09/10/2026 - 11:49:59PM] [WB_MCMQuest_Script <WB_SkyUI_Quest (3404013A)>] INITIALIZED
[09/10/2026 - 11:49:59PM] APOC 7.05 DEBUG: Reset Ritual tracker!
[09/10/2026 - 11:49:59PM] UDBP 2.1.1 Retroactive Updates Complete
[09/10/2026 - 11:49:59PM] UDBP 2.1.2 Retroactive Updates Complete
[09/10/2026 - 11:49:59PM] All retroactive updates for UDBP fixes have been processed.
[09/10/2026 - 11:49:59PM] warning: Property WIDeadBodyCleanupCell on script SHO_PickUpCarCass attached to SimpleHuntingOverhaul (FE0AFE7F) cannot be initialized because the script no longer contains that property
[09/10/2026 - 11:49:59PM] [WT_MCMScript <WTMCM (20AC1487)>]: Registered Wyrmstooth at MCM.
[09/10/2026 - 11:49:59PM] warning: Property nwsInterpolate on script nwsfollowercontrollerscript attached to nwsFollowerController (4500434F) cannot be initialized because the script no longer contains that property
[09/10/2026 - 11:49:59PM] [ARTH_RFYL_ConfigMenu <ARTHRFYLMCMQuest (43000005)>] INITIALIZED
[09/10/2026 - 11:49:59PM] [JR_LucienConfigMenu <JRLucienMCM (3E326B34)>] INITIALIZED
[09/10/2026 - 11:49:59PM] [nwsfollowermcmscript <nwsFollowerMCM (45034A76)>] INITIALIZED
[09/10/2026 - 11:49:59PM] UDBP 2.1.1 Retroactive Updates Complete
[09/10/2026 - 11:49:59PM] UDBP 2.1.2 Retroactive Updates Complete
[09/10/2026 - 11:49:59PM] All retroactive updates for UDBP fixes have been processed.
[09/10/2026 - 11:49:59PM] [ColHlp_MCMScript <ColHlp_MCM (FE077D63)>]: Registered Collectibles Helper at MCM.
[09/10/2026 - 11:49:59PM] [JR_LucienConfigMenu <JRLucienMCM (3E326B34)>]: Registered Lucien at MCM.
[09/10/2026 - 11:49:59PM] [WB_MCMQuest_Script <WB_SkyUI_Quest (3404013A)>]: Registered Apocalypse Spells at MCM.
[09/10/2026 - 11:49:59PM] [ARTH_RFYL_ConfigMenu <ARTHRFYLMCMQuest (43000005)>]: Registered Run For Your Lives at MCM.
[09/10/2026 - 11:49:59PM] [nwsfollowermcmscript <nwsFollowerMCM (45034A76)>]: Registered $FF_ModName at MCM.
[09/10/2026 - 11:50:10PM] CRF: Initialization Script Complete.
[09/10/2026 - 11:50:10PM] VM is freezing...
[09/10/2026 - 11:50:10PM] VM is frozen
[09/10/2026 - 11:50:10PM] Saving game...
[09/10/2026 - 11:50:10PM] VM is thawing...
[09/10/2026 - 11:50:10PM] APOC 7.05 DEBUG: Reset Ritual tracker!
[09/10/2026 - 11:50:10PM] USLEEP 3.0.0 Retroactive Updates Complete
[09/10/2026 - 11:50:10PM] USLEEP 3.0.1 Retroactive Updates Complete
[09/10/2026 - 11:50:10PM] USLEEP 3.0.3 Retroactive Updates Complete
[09/10/2026 - 11:50:10PM] USLEEP 3.0.4 Retroactive Updates Complete
[09/10/2026 - 11:50:10PM] USLEEP 3.0.6 Retroactive Updates Complete
[09/10/2026 - 11:50:10PM] USLEEP 3.0.7 Retroactive Updates Complete
[09/10/2026 - 11:50:10PM] All retroactive updates for USLEEP fixes have been processed.
[09/10/2026 - 11:50:10PM] error: File "018Auri.esp" does not exist or is not currently loaded.
stack:
	<unknown self>.Game.GetFormFromFile() - "<native>" Line ?
	[alias playerAlias on quest HLIOModChecker (312B1B38)].HLIOBackupChecker.ModCheck() - "HLIOBackupChecker.psc" Line 59
	[alias playerAlias on quest HLIOModChecker (312B1B38)].HLIOBackupChecker.CheckForInstalledMods() - "HLIOBackupChecker.psc" Line 81
	[alias playerAlias on quest HLIOModChecker (312B1B38)].HLIOBackupChecker.OnInit() - "HLIOBackupChecker.psc" Line 68
[09/10/2026 - 11:50:10PM] error: File "Khash The Argonian.esp" does not exist or is not currently loaded.
stack:
	<unknown self>.Game.GetFormFromFile() - "<native>" Line ?
	[alias playerAlias on quest HLIOModChecker (312B1B38)].HLIOBackupChecker.ModCheck() - "HLIOBackupChecker.psc" Line 59
	[alias playerAlias on quest HLIOModChecker (312B1B38)].HLIOBackupChecker.CheckForInstalledMods() - "HLIOBackupChecker.psc" Line 85
	[alias playerAlias on quest HLIOModChecker (312B1B38)].HLIOBackupChecker.OnInit() - "HLIOBackupChecker.psc" Line 68
[09/10/2026 - 11:50:10PM] error: File "BPUFXelzazFollower.esp" does not exist or is not currently loaded.
stack:
	<unknown self>.Game.GetFormFromFile() - "<native>" Line ?
	[alias playerAlias on quest HLIOModChecker (312B1B38)].HLIOBackupChecker.ModCheck() - "HLIOBackupChecker.psc" Line 59
	[alias playerAlias on quest HLIOModChecker (312B1B38)].HLIOBackupChecker.CheckForInstalledMods() - "HLIOBackupChecker.psc" Line 89
	[alias playerAlias on quest HLIOModChecker (312B1B38)].HLIOBackupChecker.OnInit() - "HLIOBackupChecker.psc" Line 68
[09/10/2026 - 11:50:10PM] error: File "BPUFXelzazFollower.esp" does not exist or is not currently loaded.
stack:
	<unknown self>.Game.GetFormFromFile() - "<native>" Line ?
	[alias playerAlias on quest HLIOModChecker (312B1B38)].HLIOBackupChecker.ModCheck() - "HLIOBackupChecker.psc" Line 59
	[alias playerAlias on quest HLIOModChecker (312B1B38)].HLIOBackupChecker.CheckForInstalledMods() - "HLIOBackupChecker.psc" Line 93
	[alias playerAlias on quest HLIOModChecker (312B1B38)].HLIOBackupChecker.OnInit() - "HLIOBackupChecker.psc" Line 68
[09/10/2026 - 11:50:10PM] error: File "BPUFXelzazFollower.esp" does not exist or is not currently loaded.
stack:
	<unknown self>.Game.GetFormFromFile() - "<native>" Line ?
	[alias playerAlias on quest HLIOModChecker (312B1B38)].HLIOBackupChecker.ModCheck() - "HLIOBackupChecker.psc" Line 59
	[alias playerAlias on quest HLIOModChecker (312B1B38)].HLIOBackupChecker.CheckForInstalledMods() - "HLIOBackupChecker.psc" Line 97
	[alias playerAlias on quest HLIOModChecker (312B1B38)].HLIOBackupChecker.OnInit() - "HLIOBackupChecker.psc" Line 68
[09/10/2026 - 11:50:10PM] error: File "FA01RedcapFollower.esp" does not exist or is not currently loaded.
stack:
	<unknown self>.Game.GetFormFromFile() - "<native>" Line ?
	[alias playerAlias on quest HLIOModChecker (312B1B38)].HLIOBackupChecker.ModCheck() - "HLIOBackupChecker.psc" Line 59
	[alias playerAlias on quest HLIOModChecker (312B1B38)].HLIOBackupChecker.CheckForInstalledMods() - "HLIOBackupChecker.psc" Line 117
	[alias playerAlias on quest HLIOModChecker (312B1B38)].HLIOBackupChecker.OnInit() - "HLIOBackupChecker.psc" Line 68
[09/10/2026 - 11:50:10PM] error: File "FA01RedcapFollower.esp" does not exist or is not currently loaded.
stack:
	<unknown self>.Game.GetFormFromFile() - "<native>" Line ?
	[alias playerAlias on quest HLIOModChecker (312B1B38)].HLIOBackupChecker.ModCheck() - "HLIOBackupChecker.psc" Line 59
	[alias playerAlias on quest HLIOModChecker (312B1B38)].HLIOBackupChecker.CheckForInstalledMods() - "HLIOBackupChecker.psc" Line 121
	[alias playerAlias on quest HLIOModChecker (312B1B38)].HLIOBackupChecker.OnInit() - "HLIOBackupChecker.psc" Line 68
[09/10/2026 - 11:50:10PM] error: File "GORE.esp" does not exist or is not currently loaded.
stack:
	<unknown self>.Game.GetFormFromFile() - "<native>" Line ?
	[alias playerAlias on quest HLIOModChecker (312B1B38)].HLIOBackupChecker.ModCheck() - "HLIOBackupChecker.psc" Line 59
	[alias playerAlias on quest HLIOModChecker (312B1B38)].HLIOBackupChecker.CheckForInstalledMods() - "HLIOBackupChecker.psc" Line 125
	[alias playerAlias on quest HLIOModChecker (312B1B38)].HLIOBackupChecker.OnInit() - "HLIOBackupChecker.psc" Line 68
[09/10/2026 - 11:50:10PM] error: File "Yazakh.esp" does not exist or is not currently loaded.
stack:
	<unknown self>.Game.GetFormFromFile() - "<native>" Line ?
	[alias playerAlias on quest HLIOModChecker (312B1B38)].HLIOBackupChecker.ModCheck() - "HLIOBackupChecker.psc" Line 59
	[alias playerAlias on quest HLIOModChecker (312B1B38)].HLIOBackupChecker.CheckForInstalledMods() - "HLIOBackupChecker.psc" Line 129
	[alias playerAlias on quest HLIOModChecker (312B1B38)].HLIOBackupChecker.OnInit() - "HLIOBackupChecker.psc" Line 68
[09/10/2026 - 11:50:10PM] error: File "DK_Thogra.esp" does not exist or is not currently loaded.
stack:
	<unknown self>.Game.GetFormFromFile() - "<native>" Line ?
	[alias playerAlias on quest HLIOModChecker (312B1B38)].HLIOBackupChecker.ModCheck() - "HLIOBackupChecker.psc" Line 59
	[alias playerAlias on quest HLIOModChecker (312B1B38)].HLIOBackupChecker.CheckForInstalledMods() - "HLIOBackupChecker.psc" Line 133
	[alias playerAlias on quest HLIOModChecker (312B1B38)].HLIOBackupChecker.OnInit() - "HLIOBackupChecker.psc" Line 68
[09/10/2026 - 11:50:10PM] error: File "AX ValSerano.esp" does not exist or is not currently loaded.
stack:
	<unknown self>.Game.GetFormFromFile() - "<native>" Line ?
	[alias playerAlias on quest HLIOModChecker (312B1B38)].HLIOBackupChecker.ModCheck() - "HLIOBackupChecker.psc" Line 59
	[alias playerAlias on quest HLIOModChecker (312B1B38)].HLIOBackupChecker.CheckForInstalledMods() - "HLIOBackupChecker.psc" Line 153
	[alias playerAlias on quest HLIOModChecker (312B1B38)].HLIOBackupChecker.OnInit() - "HLIOBackupChecker.psc" Line 68
[09/10/2026 - 11:50:11PM] USSEP 4.0.6 Retroactive Updates Complete
[09/10/2026 - 11:50:11PM] USSEP 4.0.7 Retroactive Updates Complete
[09/10/2026 - 11:50:11PM] USSEP 4.0.8 Retroactive Updates Complete
[09/10/2026 - 11:50:11PM] USSEP 4.1.3 Retroactive Updates Complete
[09/10/2026 - 11:50:11PM] USSEP 4.1.4 Retroactive Updates Complete
[09/10/2026 - 11:50:11PM] USSEP 4.1.5 Retroactive Updates Complete
[09/10/2026 - 11:50:11PM] USSEP 4.1.7 Retroactive Updates Complete
[09/10/2026 - 11:50:11PM] USSEP 4.2.0 Retroactive Updates Complete
[09/10/2026 - 11:50:11PM] USSEP 4.2.1 Retroactive Updates Complete
[09/10/2026 - 11:50:11PM] USSEP 4.2.3 Retroactive Updates Complete
[09/10/2026 - 11:50:11PM] USSEP 4.2.4 Retroactive Updates Complete
[09/10/2026 - 11:50:11PM] USSEP 4.2.5 Retroactive Updates Complete
[09/10/2026 - 11:50:11PM] USSEP 4.2.6 Retroactive Updates Complete
[09/10/2026 - 11:50:11PM] USSEP 4.2.7 Retroactive Updates Complete
[09/10/2026 - 11:50:11PM] USSEP 4.2.8 Retroactive Updates Complete
[09/10/2026 - 11:50:11PM] USSEP 4.2.9 Retroactive Updates Complete
[09/10/2026 - 11:50:12PM] USSEP 4.3.0 Retroactive Updates Complete
[09/10/2026 - 11:50:12PM] USSEP 4.3.2 Retroactive Updates Complete
[09/10/2026 - 11:50:12PM] USSEP 4.3.3 Retroactive Updates Complete
[09/10/2026 - 11:50:12PM] USSEP 4.3.5 Retroactive Updates Complete
[09/10/2026 - 11:50:12PM] USSEP 4.3.6 Retroactive Updates Complete
[09/10/2026 - 11:50:12PM] USSEP 4.3.7 Retroactive Updates Complete
[09/10/2026 - 11:50:12PM] USSEP 4.3.8 Retroactive Updates Complete
[09/10/2026 - 11:50:12PM] USSEP 4.3.9 Retroactive Updates Complete
[09/10/2026 - 11:50:12PM] Lucien is checking for compatible mods. Will return harmless errors if not found.
[09/10/2026 - 11:50:12PM] error: File "AmazingFollowerTweaks.esp" does not exist or is not currently loaded.
stack:
	<unknown self>.Game.GetFormFromFile() - "<native>" Line ?
	[alias playerAlias on quest JRLucienModHandler (3E32BC44)].JR_ModChecker.CheckAllMods() - "JR_ModChecker.psc" Line 48
	[alias playerAlias on quest JRLucienModHandler (3E32BC44)].JR_ModChecker.OnInit() - "JR_ModChecker.psc" Line 5
[09/10/2026 - 11:50:12PM] error: File "018Auri.esp" does not exist or is not currently loaded.
stack:
	<unknown self>.Game.GetFormFromFile() - "<native>" Line ?
	[alias playerAlias on quest JRLucienModHandler (3E32BC44)].JR_ModChecker.ModCheck() - "JR_ModChecker.psc" Line 119
	[alias playerAlias on quest JRLucienModHandler (3E32BC44)].JR_ModChecker.CheckAllMods() - "JR_ModChecker.psc" Line 80
	[alias playerAlias on quest JRLucienModHandler (3E32BC44)].JR_ModChecker.OnInit() - "JR_ModChecker.psc" Line 5
[09/10/2026 - 11:50:12PM] error: File "018Auri.esp" does not exist or is not currently loaded.
stack:
	<unknown self>.Game.GetFormFromFile() - "<native>" Line ?
	[alias playerAlias on quest JRLucienModHandler (3E32BC44)].JR_ModChecker.ModCheck() - "JR_ModChecker.psc" Line 119
	[alias playerAlias on quest JRLucienModHandler (3E32BC44)].JR_ModChecker.CheckAllMods() - "JR_ModChecker.psc" Line 81
	[alias playerAlias on quest JRLucienModHandler (3E32BC44)].JR_ModChecker.OnInit() - "JR_ModChecker.psc" Line 5
[09/10/2026 - 11:50:12PM] error: File "CeliatheKettleMaidenFollower.esp" does not exist or is not currently loaded.
stack:
	<unknown self>.Game.GetFormFromFile() - "<native>" Line ?
	[alias playerAlias on quest JRLucienModHandler (3E32BC44)].JR_ModChecker.ModCheck() - "JR_ModChecker.psc" Line 119
	[alias playerAlias on quest JRLucienModHandler (3E32BC44)].JR_ModChecker.CheckAllMods() - "JR_ModChecker.psc" Line 82
	[alias playerAlias on quest JRLucienModHandler (3E32BC44)].JR_ModChecker.OnInit() - "JR_ModChecker.psc" Line 5
[09/10/2026 - 11:50:12PM] error: File "HothFollower.esp" does not exist or is not currently loaded.
stack:
	<unknown self>.Game.GetFormFromFile() - "<native>" Line ?
	[alias playerAlias on quest JRLucienModHandler (3E32BC44)].JR_ModChecker.ModCheck() - "JR_ModChecker.psc" Line 119
	[alias playerAlias on quest JRLucienModHandler (3E32BC44)].JR_ModChecker.CheckAllMods() - "JR_ModChecker.psc" Line 83
	[alias playerAlias on quest JRLucienModHandler (3E32BC44)].JR_ModChecker.OnInit() - "JR_ModChecker.psc" Line 5
[09/10/2026 - 11:50:12PM] error: File "SofiaFollower.esp" does not exist or is not currently loaded.
stack:
	<unknown self>.Game.GetFormFromFile() - "<native>" Line ?
	[alias playerAlias on quest JRLucienModHandler (3E32BC44)].JR_ModChecker.ModCheck() - "JR_ModChecker.psc" Line 119
	[alias playerAlias on quest JRLucienModHandler (3E32BC44)].JR_ModChecker.CheckAllMods() - "JR_ModChecker.psc" Line 84
	[alias playerAlias on quest JRLucienModHandler (3E32BC44)].JR_ModChecker.OnInit() - "JR_ModChecker.psc" Line 5
[09/10/2026 - 11:50:12PM] error: File "Recorder Follower Base.esp" does not exist or is not currently loaded.
stack:
	<unknown self>.Game.GetFormFromFile() - "<native>" Line ?
	[alias playerAlias on quest JRLucienModHandler (3E32BC44)].JR_ModChecker.ModCheck() - "JR_ModChecker.psc" Line 119
	[alias playerAlias on quest JRLucienModHandler (3E32BC44)].JR_ModChecker.CheckAllMods() - "JR_ModChecker.psc" Line 85
	[alias playerAlias on quest JRLucienModHandler (3E32BC44)].JR_ModChecker.OnInit() - "JR_ModChecker.psc" Line 5
[09/10/2026 - 11:50:12PM] error: File "EMCompViljaSkyrim.esp" does not exist or is not currently loaded.
stack:
	<unknown self>.Game.GetFormFromFile() - "<native>" Line ?
	[alias playerAlias on quest JRLucienModHandler (3E32BC44)].JR_ModChecker.ModCheck() - "JR_ModChecker.psc" Line 119
	[alias playerAlias on quest JRLucienModHandler (3E32BC44)].JR_ModChecker.CheckAllMods() - "JR_ModChecker.psc" Line 86
	[alias playerAlias on quest JRLucienModHandler (3E32BC44)].JR_ModChecker.OnInit() - "JR_ModChecker.psc" Line 5
[09/10/2026 - 11:50:12PM] error: File "AnnaNPCs.esp" does not exist or is not currently loaded.
stack:
	<unknown self>.Game.GetFormFromFile() - "<native>" Line ?
	[alias playerAlias on quest JRLucienModHandler (3E32BC44)].JR_ModChecker.ModCheck() - "JR_ModChecker.psc" Line 119
	[alias playerAlias on quest JRLucienModHandler (3E32BC44)].JR_ModChecker.CheckAllMods() - "JR_ModChecker.psc" Line 87
	[alias playerAlias on quest JRLucienModHandler (3E32BC44)].JR_ModChecker.OnInit() - "JR_ModChecker.psc" Line 5
[09/10/2026 - 11:50:12PM] error: File "AnnaNPCs.esp" does not exist or is not currently loaded.
stack:
	<unknown self>.Game.GetFormFromFile() - "<native>" Line ?
	[alias playerAlias on quest JRLucienModHandler (3E32BC44)].JR_ModChecker.ModCheck() - "JR_ModChecker.psc" Line 119
	[alias playerAlias on quest JRLucienModHandler (3E32BC44)].JR_ModChecker.CheckAllMods() - "JR_ModChecker.psc" Line 88
	[alias playerAlias on quest JRLucienModHandler (3E32BC44)].JR_ModChecker.OnInit() - "JR_ModChecker.psc" Line 5
[09/10/2026 - 11:50:12PM] error: File "AnnaNPCs.esp" does not exist or is not currently loaded.
stack:
	<unknown self>.Game.GetFormFromFile() - "<native>" Line ?
	[alias playerAlias on quest JRLucienModHandler (3E32BC44)].JR_ModChecker.ModCheck() - "JR_ModChecker.psc" Line 119
	[alias playerAlias on quest JRLucienModHandler (3E32BC44)].JR_ModChecker.CheckAllMods() - "JR_ModChecker.psc" Line 89
	[alias playerAlias on quest JRLucienModHandler (3E32BC44)].JR_ModChecker.OnInit() - "JR_ModChecker.psc" Line 5
[09/10/2026 - 11:50:12PM] error: File "AnnaNPCs.esp" does not exist or is not currently loaded.
stack:
	<unknown self>.Game.GetFormFromFile() - "<native>" Line ?
	[alias playerAlias on quest JRLucienModHandler (3E32BC44)].JR_ModChecker.ModCheck() - "JR_ModChecker.psc" Line 119
	[alias playerAlias on quest JRLucienModHandler (3E32BC44)].JR_ModChecker.CheckAllMods() - "JR_ModChecker.psc" Line 90
	[alias playerAlias on quest JRLucienModHandler (3E32BC44)].JR_ModChecker.OnInit() - "JR_ModChecker.psc" Line 5
[09/10/2026 - 11:50:12PM] error: File "AnnaNPCs.esp" does not exist or is not currently loaded.
stack:
	<unknown self>.Game.GetFormFromFile() - "<native>" Line ?
	[alias playerAlias on quest JRLucienModHandler (3E32BC44)].JR_ModChecker.ModCheck() - "JR_ModChecker.psc" Line 119
	[alias playerAlias on quest JRLucienModHandler (3E32BC44)].JR_ModChecker.CheckAllMods() - "JR_ModChecker.psc" Line 91
	[alias playerAlias on quest JRLucienModHandler (3E32BC44)].JR_ModChecker.OnInit() - "JR_ModChecker.psc" Line 5
[09/10/2026 - 11:50:12PM] error: File "AnnaNPCs.esp" does not exist or is not currently loaded.
stack:
	<unknown self>.Game.GetFormFromFile() - "<native>" Line ?
	[alias playerAlias on quest JRLucienModHandler (3E32BC44)].JR_ModChecker.ModCheck() - "JR_ModChecker.psc" Line 119
	[alias playerAlias on quest JRLucienModHandler (3E32BC44)].JR_ModChecker.CheckAllMods() - "JR_ModChecker.psc" Line 92
	[alias playerAlias on quest JRLucienModHandler (3E32BC44)].JR_ModChecker.OnInit() - "JR_ModChecker.psc" Line 5
[09/10/2026 - 11:50:12PM] error: File "AnnaNPCs.esp" does not exist or is not currently loaded.
stack:
	<unknown self>.Game.GetFormFromFile() - "<native>" Line ?
	[alias playerAlias on quest JRLucienModHandler (3E32BC44)].JR_ModChecker.ModCheck() - "JR_ModChecker.psc" Line 119
	[alias playerAlias on quest JRLucienModHandler (3E32BC44)].JR_ModChecker.CheckAllMods() - "JR_ModChecker.psc" Line 93
	[alias playerAlias on quest JRLucienModHandler (3E32BC44)].JR_ModChecker.OnInit() - "JR_ModChecker.psc" Line 5
[09/10/2026 - 11:50:12PM] error: File "AnnaNPCs.esp" does not exist or is not currently loaded.
stack:
	<unknown self>.Game.GetFormFromFile() - "<native>" Line ?
	[alias playerAlias on quest JRLucienModHandler (3E32BC44)].JR_ModChecker.ModCheck() - "JR_ModChecker.psc" Line 119
	[alias playerAlias on quest JRLucienModHandler (3E32BC44)].JR_ModChecker.CheckAllMods() - "JR_ModChecker.psc" Line 94
	[alias playerAlias on quest JRLucienModHandler (3E32BC44)].JR_ModChecker.OnInit() - "JR_ModChecker.psc" Line 5
[09/10/2026 - 11:50:12PM] error: File "AnnaNPCs.esp" does not exist or is not currently loaded.
stack:
	<unknown self>.Game.GetFormFromFile() - "<native>" Line ?
	[alias playerAlias on quest JRLucienModHandler (3E32BC44)].JR_ModChecker.ModCheck() - "JR_ModChecker.psc" Line 119
	[alias playerAlias on quest JRLucienModHandler (3E32BC44)].JR_ModChecker.CheckAllMods() - "JR_ModChecker.psc" Line 95
	[alias playerAlias on quest JRLucienModHandler (3E32BC44)].JR_ModChecker.OnInit() - "JR_ModChecker.psc" Line 5
[09/10/2026 - 11:50:12PM] error: File "AnnaNPCs.esp" does not exist or is not currently loaded.
stack:
	<unknown self>.Game.GetFormFromFile() - "<native>" Line ?
	[alias playerAlias on quest JRLucienModHandler (3E32BC44)].JR_ModChecker.ModCheck() - "JR_ModChecker.psc" Line 119
	[alias playerAlias on quest JRLucienModHandler (3E32BC44)].JR_ModChecker.CheckAllMods() - "JR_ModChecker.psc" Line 96
	[alias playerAlias on quest JRLucienModHandler (3E32BC44)].JR_ModChecker.OnInit() - "JR_ModChecker.psc" Line 5
[09/10/2026 - 11:50:12PM] error: File "AnnaNPCs.esp" does not exist or is not currently loaded.
stack:
	<unknown self>.Game.GetFormFromFile() - "<native>" Line ?
	[alias playerAlias on quest JRLucienModHandler (3E32BC44)].JR_ModChecker.ModCheck() - "JR_ModChecker.psc" Line 119
	[alias playerAlias on quest JRLucienModHandler (3E32BC44)].JR_ModChecker.CheckAllMods() - "JR_ModChecker.psc" Line 97
	[alias playerAlias on quest JRLucienModHandler (3E32BC44)].JR_ModChecker.OnInit() - "JR_ModChecker.psc" Line 5
[09/10/2026 - 11:50:12PM] error: File "AnnaNPCs.esp" does not exist or is not currently loaded.
stack:
	<unknown self>.Game.GetFormFromFile() - "<native>" Line ?
	[alias playerAlias on quest JRLucienModHandler (3E32BC44)].JR_ModChecker.ModCheck() - "JR_ModChecker.psc" Line 119
	[alias playerAlias on quest JRLucienModHandler (3E32BC44)].JR_ModChecker.CheckAllMods() - "JR_ModChecker.psc" Line 98
	[alias playerAlias on quest JRLucienModHandler (3E32BC44)].JR_ModChecker.OnInit() - "JR_ModChecker.psc" Line 5
[09/10/2026 - 11:50:12PM] error: File "0Kaidan.esp" does not exist or is not currently loaded.
stack:
	<unknown self>.Game.GetFormFromFile() - "<native>" Line ?
	[alias playerAlias on quest JRLucienModHandler (3E32BC44)].JR_ModChecker.ModCheck() - "JR_ModChecker.psc" Line 119
	[alias playerAlias on quest JRLucienModHandler (3E32BC44)].JR_ModChecker.CheckAllMods() - "JR_ModChecker.psc" Line 99
	[alias playerAlias on quest JRLucienModHandler (3E32BC44)].JR_ModChecker.OnInit() - "JR_ModChecker.psc" Line 5
[09/10/2026 - 11:50:12PM] error: File "0Kaidan.esp" does not exist or is not currently loaded.
stack:
	<unknown self>.Game.GetFormFromFile() - "<native>" Line ?
	[alias playerAlias on quest JRLucienModHandler (3E32BC44)].JR_ModChecker.ModCheck() - "JR_ModChecker.psc" Line 119
	[alias playerAlias on quest JRLucienModHandler (3E32BC44)].JR_ModChecker.CheckAllMods() - "JR_ModChecker.psc" Line 100
	[alias playerAlias on quest JRLucienModHandler (3E32BC44)].JR_ModChecker.OnInit() - "JR_ModChecker.psc" Line 5
[09/10/2026 - 11:50:12PM] error: File "Croc.esp" does not exist or is not currently loaded.
stack:
	<unknown self>.Game.GetFormFromFile() - "<native>" Line ?
	[alias playerAlias on quest JRLucienModHandler (3E32BC44)].JR_ModChecker.ModCheck() - "JR_ModChecker.psc" Line 119
	[alias playerAlias on quest JRLucienModHandler (3E32BC44)].JR_ModChecker.CheckAllMods() - "JR_ModChecker.psc" Line 101
	[alias playerAlias on quest JRLucienModHandler (3E32BC44)].JR_ModChecker.OnInit() - "JR_ModChecker.psc" Line 5
[09/10/2026 - 11:50:12PM] error: File "Croc.esp" does not exist or is not currently loaded.
stack:
	<unknown self>.Game.GetFormFromFile() - "<native>" Line ?
	[alias playerAlias on quest JRLucienModHandler (3E32BC44)].JR_ModChecker.ModCheck() - "JR_ModChecker.psc" Line 119
	[alias playerAlias on quest JRLucienModHandler (3E32BC44)].JR_ModChecker.CheckAllMods() - "JR_ModChecker.psc" Line 102
	[alias playerAlias on quest JRLucienModHandler (3E32BC44)].JR_ModChecker.OnInit() - "JR_ModChecker.psc" Line 5
[09/10/2026 - 11:50:12PM] error: File "MVF1FollowerBeta.esp" does not exist or is not currently loaded.
stack:
	<unknown self>.Game.GetFormFromFile() - "<native>" Line ?
	[alias playerAlias on quest JRLucienModHandler (3E32BC44)].JR_ModChecker.ModCheck() - "JR_ModChecker.psc" Line 119
	[alias playerAlias on quest JRLucienModHandler (3E32BC44)].JR_ModChecker.CheckAllMods() - "JR_ModChecker.psc" Line 103
	[alias playerAlias on quest JRLucienModHandler (3E32BC44)].JR_ModChecker.OnInit() - "JR_ModChecker.psc" Line 5
[09/10/2026 - 11:50:12PM] error: File "MVF1FollowerBeta.esp" does not exist or is not currently loaded.
stack:
	<unknown self>.Game.GetFormFromFile() - "<native>" Line ?
	[alias playerAlias on quest JRLucienModHandler (3E32BC44)].JR_ModChecker.ModCheck() - "JR_ModChecker.psc" Line 119
	[alias playerAlias on quest JRLucienModHandler (3E32BC44)].JR_ModChecker.CheckAllMods() - "JR_ModChecker.psc" Line 104
	[alias playerAlias on quest JRLucienModHandler (3E32BC44)].JR_ModChecker.OnInit() - "JR_ModChecker.psc" Line 5
[09/10/2026 - 11:50:12PM] error: File "MVF1FollowerBeta.esp" does not exist or is not currently loaded.
stack:
	<unknown self>.Game.GetFormFromFile() - "<native>" Line ?
	[alias playerAlias on quest JRLucienModHandler (3E32BC44)].JR_ModChecker.CheckAllMods() - "JR_ModChecker.psc" Line 105
	[alias playerAlias on quest JRLucienModHandler (3E32BC44)].JR_ModChecker.OnInit() - "JR_ModChecker.psc" Line 5
[09/10/2026 - 11:50:12PM] error: File "Keld-Nar.esp" does not exist or is not currently loaded.
stack:
	<unknown self>.Game.GetFormFromFile() - "<native>" Line ?
	[alias playerAlias on quest JRLucienModHandler (3E32BC44)].JR_ModChecker.ModCheckLoc() - "JR_ModChecker.psc" Line 128
	[alias playerAlias on quest JRLucienModHandler (3E32BC44)].JR_ModChecker.CheckAllMods() - "JR_ModChecker.psc" Line 110
	[alias playerAlias on quest JRLucienModHandler (3E32BC44)].JR_ModChecker.OnInit() - "JR_ModChecker.psc" Line 5
[09/10/2026 - 11:50:12PM] error: File "Helarchen Creek.esp" does not exist or is not currently loaded.
stack:
	<unknown self>.Game.GetFormFromFile() - "<native>" Line ?
	[alias playerAlias on quest JRLucienModHandler (3E32BC44)].JR_ModChecker.ModCheckLoc() - "JR_ModChecker.psc" Line 128
	[alias playerAlias on quest JRLucienModHandler (3E32BC44)].JR_ModChecker.CheckAllMods() - "JR_ModChecker.psc" Line 111
	[alias playerAlias on quest JRLucienModHandler (3E32BC44)].JR_ModChecker.OnInit() - "JR_ModChecker.psc" Line 5
[09/10/2026 - 11:50:12PM] error: File "Telengard.esp" does not exist or is not currently loaded.
stack:
	<unknown self>.Game.GetFormFromFile() - "<native>" Line ?
	[alias playerAlias on quest JRLucienModHandler (3E32BC44)].JR_ModChecker.ModCheckLoc() - "JR_ModChecker.psc" Line 128
	[alias playerAlias on quest JRLucienModHandler (3E32BC44)].JR_ModChecker.CheckAllMods() - "JR_ModChecker.psc" Line 112
	[alias playerAlias on quest JRLucienModHandler (3E32BC44)].JR_ModChecker.OnInit() - "JR_ModChecker.psc" Line 5
[09/10/2026 - 11:50:12PM] [skyrimunboundmcmscript <SkyrimUnboundMCM (440012C6)>]: Registered  Skyrim Unbound at MCM.
[09/10/2026 - 11:50:12PM] [SKI_ConfigMenu <SKI_ConfigMenuInstance (FE056820)>]: Registered SKY UI at MCM.
[09/10/2026 - 11:50:15PM] [EnsrickCurrency] Enforced physical-currency defaults: C.O.I.N. autoExchange=false, verbose=false; M.I.N.T. conversion=0.
[09/10/2026 - 11:50:15PM] [DES_CoinMenuScript <DES_CoinMenu (FE06E899)>] INITIALIZED
[09/10/2026 - 11:50:52PM] [DES_CoinMenuScript <DES_CoinMenu (FE06E899)>]: Registered C.O.I.N. at MCM.
[09/10/2026 - 11:50:54PM] VM is freezing...
[09/10/2026 - 11:50:54PM] VM is frozen
[09/10/2026 - 11:50:54PM] Saving game...
[09/10/2026 - 11:50:54PM] VM is thawing...
[09/10/2026 - 11:51:04PM] VM is freezing...
[09/10/2026 - 11:51:04PM] VM is frozen
[09/10/2026 - 11:51:04PM] Saving game...
[09/10/2026 - 11:51:04PM] VM is thawing...
[09/10/2026 - 11:51:23PM] BGSSSE002: Magic arrows and Spell Tomes added to vendor and NPC lists
[09/10/2026 - 11:51:24PM] BGSSSE035: Quest Started Stage 0
[09/10/2026 - 11:52:14PM] APOCALYPSE DEBUG: Initialising Populate Lists script...
[09/10/2026 - 11:52:14PM] APOCALYPSE DEBUG: Populating leveled lists... Books...
[09/10/2026 - 11:54:42PM] APOCALYPSE DEBUG: Populating leveled lists... Scrolls...
[09/10/2026 - 11:54:46PM] APOCALYPSE DEBUG: Populating leveled lists... Staves...
[09/10/2026 - 11:54:48PM] APOCALYPSE DEBUG: Populating leveled lists...Done
