[2026-09-11 16:13:04.439] +1ms POPUP_PATCHED api="MessageBoxW" scope="LaunchProbe.dll import table"
[2026-09-11 16:13:04.439] +1ms POPUP_PATCHED api="MessageBoxA" scope="LaunchProbe.dll import table"
[2026-09-11 16:13:04.439] +1ms PROBE_OPEN plugin="LaunchProbe" plugin_version="1.0.0.0" log="C:\Users\danjo\Documents\My Games\Skyrim Special Edition\SKSE\LaunchProbe.log"
[2026-09-11 16:13:04.439] +1ms DLL_ATTACH wall="2026-09-11 16:13:04.438" detail="static initializer; SKSE skips SKSEPlugin_Query for PluginVersionData plug-ins"
[2026-09-11 16:13:04.439] +1ms PLUGIN_LOAD runtime_skse="1.7.104.0" runtime_module="1.7.104.0" skse_version=33751056 is_editor=0 pid=36284
[2026-09-11 16:13:04.439] +1ms CONFIG autoload_enabled=0 autoload_save="" delay_ms=1500 heartbeat_ms=0
[2026-09-11 16:13:04.440] +1ms LISTENER_REGISTERED sender="SKSE"
[2026-09-11 16:13:04.440] +1ms PROBE_READY
[2026-09-11 16:13:04.625] +186ms SKSE_MESSAGE name="kPostLoad" sender="SKSE" type=0 data_len=0
[2026-09-11 16:13:04.625] +186ms SINK_REGISTERED stage="kPostLoad" event="RE::MenuOpenCloseEvent"
[2026-09-11 16:13:04.875] +437ms SKSE_MESSAGE name="kPostPostLoad" sender="SKSE" type=1 data_len=0
[2026-09-11 16:13:24.141] +19702ms SKSE_MESSAGE name="kInputLoaded" sender="SKSE" type=6 data_len=0
[2026-09-11 16:13:25.457] +21019ms MENU_OPEN name="SkyParkour"
[2026-09-11 16:13:25.461] +21023ms MENU_OPEN name="Loading Menu"
[2026-09-11 16:13:25.474] +21035ms MENU_OPEN name="Mist Menu"
[2026-09-11 16:13:25.476] +21038ms MENU_OPEN name="Fader Menu"
[2026-09-11 16:13:25.485] +21046ms MENU_OPEN name="LoadWaitSpinner"
[2026-09-11 16:13:36.641] +32203ms SKSE_MESSAGE name="kDataLoaded" sender="SKSE" type=8 data_len=0
[2026-09-11 16:13:37.726] +33288ms MENU_OPEN name="Main Menu"
[2026-09-11 16:13:37.726] +33288ms MAIN_MENU_OPEN constant="Main Menu" ui_is_menu_open=1 has_movie_view=1
[2026-09-11 16:13:37.729] +33291ms MENU_OPEN name="Cursor Menu"
[2026-09-11 16:13:37.733] +33295ms MENU_OPEN name="Console"
[2026-09-11 16:13:37.733] +33295ms MENU_CLOSE name="Console"
[2026-09-11 16:13:37.733] +33295ms MENU_CLOSE name="Cursor Menu"
[2026-09-11 16:13:37.734] +33295ms MENU_CLOSE name="LoadWaitSpinner"
[2026-09-11 16:13:37.734] +33295ms MENU_CLOSE name="Loading Menu"
[2026-09-11 16:13:37.740] +33301ms MENU_OPEN name="Cursor Menu"
[2026-09-11 16:13:45.234] +40795ms SKSE_MESSAGE name="kNewGame" sender="SKSE" type=7 data_len=8
[2026-09-11 16:13:45.269] +40830ms MENU_OPEN name="LoadWaitSpinner"
[2026-09-11 16:13:45.269] +40830ms MENU_CLOSE name="LoadWaitSpinner"
[2026-09-11 16:13:45.397] +40959ms MENU_OPEN name="HUD Menu"
[2026-09-11 16:13:45.398] +40960ms MENU_CLOSE name="Cursor Menu"
[2026-09-11 16:13:45.400] +40962ms MENU_OPEN name="Cursor Menu"
[2026-09-11 16:13:45.739] +41301ms MENU_CLOSE name="Cursor Menu"
[2026-09-11 16:13:45.739] +41301ms MENU_CLOSE name="Fader Menu"
[2026-09-11 16:13:45.741] +41303ms MENU_CLOSE name="Main Menu"
[2026-09-11 16:13:45.741] +41303ms MENU_OPEN name="Loading Menu"
[2026-09-11 16:13:45.743] +41304ms MENU_OPEN name="Cursor Menu"
[2026-09-11 16:13:45.743] +41305ms MENU_CLOSE name="Cursor Menu"
[2026-09-11 16:13:45.743] +41305ms MENU_OPEN name="Fader Menu"
[2026-09-11 16:13:50.392] +45954ms MENU_CLOSE name="Loading Menu"
[2026-09-11 16:13:50.423] +45984ms MENU_CLOSE name="Mist Menu"
[2026-09-11 16:13:52.976] +48538ms MENU_OPEN name="RaceSex Menu"
[2026-09-11 16:13:52.978] +48540ms MENU_OPEN name="Cursor Menu"
[2026-09-11 16:13:59.826] +55387ms MENU_OPEN name="MessageBoxMenu"
[2026-09-11 16:14:00.741] +56303ms MENU_CLOSE name="MessageBoxMenu"
[2026-09-11 16:14:03.094] +58655ms MENU_CLOSE name="RaceSex Menu"
[2026-09-11 16:14:03.095] +58656ms MENU_CLOSE name="Fader Menu"
[2026-09-11 16:14:03.095] +58656ms MENU_CLOSE name="Cursor Menu"
[2026-09-11 16:14:03.333] +58895ms SKSE_MESSAGE name="kSaveGame" sender="SKSE" save="Save1_9CC99AB6_0_416476656E7475726572_SkyrimUnboundRoom01_000000_20260911211403_1_1"
[2026-09-11 16:14:03.461] +59022ms MENU_OPEN name="LoadWaitSpinner"
[2026-09-11 16:14:03.482] +59043ms MENU_CLOSE name="LoadWaitSpinner"
[2026-09-11 16:14:09.150] +64712ms MENU_OPEN name="Journal Menu"
[2026-09-11 16:14:09.152] +64713ms MENU_OPEN name="Cursor Menu"
[2026-09-11 16:25:42.755] +758317ms MENU_CLOSE name="Journal Menu"
[2026-09-11 16:25:42.756] +758318ms MENU_CLOSE name="Cursor Menu"
[2026-09-11 16:25:42.980] +758541ms MENU_OPEN name="Fader Menu"
[2026-09-11 16:25:48.299] +763861ms SKSE_MESSAGE name="kSaveGame" sender="SKSE" save="Save2_9CC99AB6_0_416476656E7475726572_SkyrimUnboundRoom01_000012_20260911212548_1_1"
[2026-09-11 16:25:48.426] +763988ms MENU_OPEN name="LoadWaitSpinner"
[2026-09-11 16:25:48.448] +764010ms MENU_CLOSE name="LoadWaitSpinner"
[2026-09-11 16:25:48.572] +764133ms MENU_CLOSE name="Fader Menu"
[2026-09-11 16:25:48.572] +764133ms MENU_OPEN name="Loading Menu"
[2026-09-11 16:25:48.572] +764134ms MENU_OPEN name="Mist Menu"
[2026-09-11 16:25:48.572] +764134ms MENU_OPEN name="Fader Menu"
[2026-09-11 16:25:49.891] +765452ms MENU_CLOSE name="Loading Menu"
[2026-09-11 16:25:49.913] +765475ms MENU_CLOSE name="Mist Menu"
[2026-09-11 16:25:50.368] +765930ms SKSE_MESSAGE name="kSaveGame" sender="SKSE" save="Save3_9CC99AB6_0_416476656E7475726572_RiverwoodSleepingGiantInn_000012_20260911212550_1_1"
[2026-09-11 16:25:50.499] +766061ms MENU_OPEN name="LoadWaitSpinner"
[2026-09-11 16:25:50.521] +766083ms MENU_CLOSE name="LoadWaitSpinner"
[2026-09-11 16:25:52.267] +767829ms MENU_CLOSE name="Fader Menu"
