[09/11/2026 - 03:48:22PM] Papyrus log opened (PC)
[09/11/2026 - 03:48:22PM] Update budget: 1.200000ms (Extra tasklet budget: 1.200000ms, Load screen budget: 500.000000ms)
[09/11/2026 - 03:48:22PM] Memory page: 128 (min) 512 (max) 153600 (max total)
[09/11/2026 - 03:48:22PM] warning: Failed to load script order file - initial load time may be slow
[09/11/2026 - 03:48:26PM] Cannot open store for class "MAG_BlessingStorageScript", missing file?
[09/11/2026 - 03:48:26PM] Cannot open store for class "ccBGSSSE038_AssassinEnableScript", missing file?
[09/11/2026 - 03:48:26PM] Cannot open store for class "DefaultDebugMagicEffect", missing file?
[09/11/2026 - 03:48:26PM] Cannot open store for class "ccBGSSSE067_ScourgeDremoraScript", missing file?
[09/11/2026 - 03:48:28PM] Cannot open store for class "BSKAsylumDispelScript", missing file?
[09/11/2026 - 03:48:28PM] Cannot open store for class "CYR_SF_CYRMountainWatchMS02Av_020E5B6C", missing file?
[09/11/2026 - 03:48:28PM] error: Unable to bind script CYR_SF_CYRMountainWatchMS02Av_020E5B6C to  (190E5B6C) because their base types do not match
[09/11/2026 - 03:48:28PM] Cannot open store for class "ddunequiphandlerscript", missing file?
[09/11/2026 - 03:48:28PM] Cannot open store for class "ddunequipmcmscript", missing file?
[09/11/2026 - 03:48:29PM] Cannot open store for class "fissinterface", missing file?
[09/11/2026 - 03:48:30PM] Cannot open store for class "TensionPickScript", missing file?
[09/11/2026 - 03:48:30PM] Cannot open store for class "ww42hugfollowerscript", missing file?
[09/11/2026 - 03:48:33PM] Cannot open store for class "CYRKvatchMS05VarondoLabDoorScript", missing file?
[09/11/2026 - 03:48:33PM] error: Unable to bind script CYRKvatchMS05VarondoLabDoorScript to  (190F68DB) because their base types do not match
[09/11/2026 - 03:59:07PM] error: Unable to bind script AnvilDencheckjusticar to alias Justicar on quest AnvilDenQuest (1E01ED3C) because their base types do not match
[09/11/2026 - 03:59:07PM] error: Property Remi on script HLIOCombatPackageEvalScript attached to alias Remi on quest HLIORemiFollower (31014C11) cannot be bound because alias Remi on quest HLIORemiFollower (31014C11) is not the right type
[09/11/2026 - 03:59:07PM] error: Unable to bind script HLIOMQ1Script to alias PC on quest HLIOMQ1 (3146FA55) because their base types do not match
[09/11/2026 - 03:59:07PM] warning: Property C2LLine on script HLIOScrapAttackContScript attached to alias Remi on quest HLIORedcapBanter (3157CB7D) cannot be initialized because the script no longer contains that property
[09/11/2026 - 03:59:07PM] error: Unable to bind script HLIORedcapScrapDeath to alias scrap on quest HLIORedcapBanter (3157CB7D) because their base types do not match
[09/11/2026 - 03:59:07PM] error: Unable to bind script HLIONimhekilled to alias Nimhe on quest HLIOStartingQuest (310E4852) because their base types do not match
[09/11/2026 - 03:59:07PM] warning: Property USSEPElevatorPowerRequiredMessage on script blackreachExitElevatorScript attached to  (000EF7B9) cannot be initialized because the script no longer contains that property
[09/11/2026 - 03:59:07PM] warning: Property USSEPElevatorPowerRequiredMessage on script blackreachExitElevatorScript attached to  (000EF7BA) cannot be initialized because the script no longer contains that property
[09/11/2026 - 03:59:07PM] warning: Property USSEPElevatorPowerRequiredMessage on script blackreachExitElevatorScript attached to  (000EF7AA) cannot be initialized because the script no longer contains that property
[09/11/2026 - 03:59:08PM] warning: Property Alias_CaravanLeaderA on script QF_MQ201Malborn_0004CECE attached to MQ201Malborn (0004CECE) cannot be initialized because the script no longer contains that property
[09/11/2026 - 03:59:08PM] warning: Property nwsInterpolate on script nwsfollowercontrollerscript attached to nwsFollowerController (4500434F) cannot be initialized because the script no longer contains that property
[09/11/2026 - 03:59:08PM] warning: Property WIDeadBodyCleanupCell on script SHO_PickUpCarCass attached to SimpleHuntingOverhaul (FE0AFE7F) cannot be initialized because the script no longer contains that property
[09/11/2026 - 03:59:08PM] warning: Property USSEPElevatorPowerRequiredMessage on script blackreachExitElevatorScript attached to  (000EF7B8) cannot be initialized because the script no longer contains that property
[09/11/2026 - 03:59:08PM] warning: Property LocTypeCity on script byohrelationshipadoptionscript attached to BYOHRelationshipAdoption (030042B4) cannot be initialized because the script no longer contains that property
[09/11/2026 - 03:59:08PM] warning: Property USSEPElevatorPowerRequiredMessage on script blackreachExitElevatorScript attached to  (000EF933) cannot be initialized because the script no longer contains that property
[09/11/2026 - 03:59:08PM] warning: Property USSEPElevatorPowerRequiredMessage on script blackreachExitElevatorScript attached to  (000EF79B) cannot be initialized because the script no longer contains that property
