[2026-09-07 20:10:00.046] +2ms POPUP_PATCHED api="MessageBoxW" scope="LaunchProbe.dll import table"
[2026-09-07 20:10:00.047] +3ms POPUP_PATCHED api="MessageBoxA" scope="LaunchProbe.dll import table"
[2026-09-07 20:10:00.047] +3ms PROBE_OPEN plugin="LaunchProbe" plugin_version="1.0.0.0" log="C:\Users\danjo\Documents\My Games\Skyrim Special Edition\SKSE\LaunchProbe.log"
[2026-09-07 20:10:00.047] +3ms DLL_ATTACH wall="2026-09-07 20:10:00.044" detail="static initializer; SKSE skips SKSEPlugin_Query for PluginVersionData plug-ins"
[2026-09-07 20:10:00.048] +4ms PLUGIN_LOAD runtime_skse="1.7.104.0" runtime_module="1.7.104.0" skse_version=33751056 is_editor=0 pid=55352
[2026-09-07 20:10:00.048] +4ms CONFIG autoload_enabled=0 autoload_save="" delay_ms=1500 heartbeat_ms=0
[2026-09-07 20:10:00.049] +5ms LISTENER_REGISTERED sender="SKSE"
[2026-09-07 20:10:00.049] +5ms PROBE_READY
[2026-09-07 20:10:00.491] +446ms SKSE_MESSAGE name="kPostLoad" sender="SKSE" type=0 data_len=0
[2026-09-07 20:10:00.491] +446ms SINK_REGISTERED stage="kPostLoad" event="RE::MenuOpenCloseEvent"
[2026-09-07 20:10:00.825] +780ms SKSE_MESSAGE name="kPostPostLoad" sender="SKSE" type=1 data_len=0
[2026-09-07 20:10:22.961] +22917ms SKSE_MESSAGE name="kInputLoaded" sender="SKSE" type=6 data_len=0
[2026-09-07 20:10:24.270] +24225ms MENU_OPEN name="SkyParkour"
[2026-09-07 20:10:24.277] +24233ms MENU_OPEN name="Loading Menu"
[2026-09-07 20:10:24.293] +24248ms MENU_OPEN name="Mist Menu"
[2026-09-07 20:10:24.296] +24252ms MENU_OPEN name="Fader Menu"
[2026-09-07 20:10:24.306] +24261ms MENU_OPEN name="LoadWaitSpinner"
[2026-09-07 20:10:34.609] +34565ms MENU_OPEN name="BTPS Ovelay Menu"
[2026-09-07 20:10:35.074] +35029ms SKSE_MESSAGE name="kDataLoaded" sender="SKSE" type=8 data_len=0
[2026-09-07 20:10:36.156] +36111ms MENU_OPEN name="Main Menu"
[2026-09-07 20:10:36.156] +36111ms MAIN_MENU_OPEN constant="Main Menu" ui_is_menu_open=1 has_movie_view=1
[2026-09-07 20:10:36.161] +36116ms MENU_OPEN name="Cursor Menu"
[2026-09-07 20:10:36.165] +36121ms MENU_OPEN name="Console"
[2026-09-07 20:10:36.174] +36129ms MENU_OPEN name="TrueHUD"
[2026-09-07 20:10:36.174] +36129ms MENU_CLOSE name="Console"
[2026-09-07 20:10:36.174] +36130ms MENU_CLOSE name="Cursor Menu"
[2026-09-07 20:10:36.175] +36131ms MENU_CLOSE name="LoadWaitSpinner"
[2026-09-07 20:10:36.175] +36131ms MENU_CLOSE name="Loading Menu"
[2026-09-07 20:10:36.181] +36136ms MENU_OPEN name="Cursor Menu"
[2026-09-07 20:10:36.193] +36148ms MENU_OPEN name="BTPS Menu"
[2026-09-07 20:10:36.193] +36149ms MENU_CLOSE name="Cursor Menu"
[2026-09-07 20:10:36.194] +36150ms MENU_OPEN name="Cursor Menu"
[2026-09-07 20:10:41.565] +41520ms SKSE_MESSAGE name="kPreLoadGame" sender="SKSE" save="Quicksave0_389B9F8E_0_416476656E747572657233_CYRSerpentsTrail01_000345_20260906033306_6_1.ess"
[2026-09-07 20:10:41.568] +41523ms SKSE_MESSAGE name="kPostLoadGame" sender="SKSE" success=0
[2026-09-07 20:10:41.618] +41574ms MENU_OPEN name="LoadWaitSpinner"
[2026-09-07 20:10:41.618] +41574ms MENU_CLOSE name="LoadWaitSpinner"
[2026-09-07 20:10:41.619] +41574ms MENU_OPEN name="LoadWaitSpinner"
[2026-09-07 20:10:41.619] +41574ms MENU_CLOSE name="LoadWaitSpinner"
[2026-09-07 20:10:41.622] +41577ms MENU_OPEN name="MessageBoxMenu"
[2026-09-07 20:10:41.622] +41577ms MENU_CLOSE name="Cursor Menu"
[2026-09-07 20:10:41.623] +41579ms MENU_OPEN name="Cursor Menu"
[2026-09-07 20:10:42.968] +42923ms SKSE_MESSAGE name="kPreLoadGame" sender="SKSE" save="Quicksave0_389B9F8E_0_416476656E747572657233_CYRSerpentsTrail01_000345_20260906033306_6_1.ess"
[2026-09-07 20:10:42.969] +42924ms MENU_CLOSE name="MessageBoxMenu"
[2026-09-07 20:10:42.969] +42925ms MENU_CLOSE name="BTPS Ovelay Menu"
[2026-09-07 20:10:42.969] +42925ms MENU_CLOSE name="BTPS Menu"
[2026-09-07 20:10:42.969] +42925ms MENU_CLOSE name="Fader Menu"
[2026-09-07 20:10:42.969] +42925ms MENU_CLOSE name="TrueHUD"
[2026-09-07 20:10:42.969] +42925ms MENU_CLOSE name="Cursor Menu"
[2026-09-07 20:10:42.972] +42927ms MENU_CLOSE name="Main Menu"
[2026-09-07 20:10:43.169] +43125ms MENU_OPEN name="Loading Menu"
[2026-09-07 20:10:43.169] +43125ms MENU_OPEN name="TrueHUD"
[2026-09-07 20:10:43.171] +43126ms MENU_OPEN name="Cursor Menu"
[2026-09-07 20:10:43.171] +43126ms MENU_CLOSE name="Cursor Menu"
[2026-09-07 20:10:43.171] +43127ms MENU_OPEN name="Fader Menu"
[2026-09-07 20:10:43.217] +43173ms MENU_OPEN name="HUD Menu"
[2026-09-07 20:10:54.122] +54077ms SKSE_MESSAGE name="kPostLoadGame" sender="SKSE" success=1
[2026-09-07 20:10:54.125] +54081ms MENU_OPEN name="BTPS Ovelay Menu"
[2026-09-07 20:10:54.125] +54081ms MENU_OPEN name="BTPS Menu"
[2026-09-07 20:10:54.125] +54081ms MENU_CLOSE name="Loading Menu"
[2026-09-07 20:10:54.143] +54099ms MENU_CLOSE name="Mist Menu"
[2026-09-07 20:10:56.834] +56790ms MENU_CLOSE name="Fader Menu"
[2026-09-07 20:11:15.797] +75752ms MENU_OPEN name="Journal Menu"
[2026-09-07 20:11:15.798] +75754ms MENU_OPEN name="Cursor Menu"
[2026-09-07 20:11:17.085] +77041ms MENU_CLOSE name="Journal Menu"
[2026-09-07 20:11:17.087] +77042ms MENU_CLOSE name="Cursor Menu"
[2026-09-07 20:11:17.977] +77932ms SKSE_MESSAGE name="kSaveGame" sender="SKSE" save="Quicksave0_389B9F8E_0_416476656E747572657233_CYRSerpentsTrail01_000345_20260908011117_6_1"
[2026-09-07 20:11:18.214] +78169ms MENU_OPEN name="LoadWaitSpinner"
[2026-09-07 20:11:18.242] +78198ms MENU_CLOSE name="LoadWaitSpinner"
[2026-09-07 20:11:43.862] +103818ms MENU_OPEN name="LootMenu"
[2026-09-07 20:11:43.965] +103920ms MENU_CLOSE name="LootMenu"
[2026-09-07 20:11:44.000] +103956ms MENU_OPEN name="LootMenu"
[2026-09-07 20:11:48.407] +108363ms MENU_CLOSE name="LootMenu"
[2026-09-07 20:11:59.937] +119893ms MENU_OPEN name="LootMenu"
[2026-09-07 20:12:03.711] +123666ms MENU_CLOSE name="LootMenu"
[2026-09-07 20:12:03.804] +123760ms MENU_OPEN name="LootMenu"
[2026-09-07 20:12:03.915] +123870ms MENU_OPEN name="Journal Menu"
[2026-09-07 20:12:03.917] +123872ms MENU_OPEN name="Cursor Menu"
[2026-09-07 20:12:03.917] +123873ms MENU_CLOSE name="LootMenu"
[2026-09-07 20:12:07.680] +127636ms MENU_OPEN name="LoadWaitSpinner"
[2026-09-07 20:12:07.680] +127636ms MENU_CLOSE name="LoadWaitSpinner"
[2026-09-07 20:12:07.680] +127636ms MENU_CLOSE name="Cursor Menu"
[2026-09-07 20:12:07.682] +127638ms MENU_OPEN name="Cursor Menu"
[2026-09-07 20:12:09.327] +129282ms MENU_OPEN name="Fader Menu"
[2026-09-07 20:12:09.327] +129283ms MENU_CLOSE name="Cursor Menu"
[2026-09-07 20:12:10.335] +130291ms MENU_OPEN name="LoadWaitSpinner"
[2026-09-07 20:12:10.351] +130306ms SKSE_MESSAGE name="kPreLoadGame" sender="SKSE" save="Quicksave0_389B9F8E_0_416476656E747572657233_CYRSerpentsTrail01_000345_20260908011117_6_1.ess"
[2026-09-07 20:12:10.352] +130308ms MENU_CLOSE name="LoadWaitSpinner"
[2026-09-07 20:12:10.353] +130308ms MENU_CLOSE name="BTPS Ovelay Menu"
[2026-09-07 20:12:10.353] +130308ms MENU_CLOSE name="BTPS Menu"
[2026-09-07 20:12:10.353] +130308ms MENU_CLOSE name="Fader Menu"
[2026-09-07 20:12:10.354] +130309ms MENU_CLOSE name="TrueHUD"
[2026-09-07 20:12:10.354] +130309ms MENU_CLOSE name="LoadWaitSpinner"
[2026-09-07 20:12:10.354] +130310ms MENU_OPEN name="Loading Menu"
[2026-09-07 20:12:10.356] +130311ms MENU_OPEN name="Cursor Menu"
[2026-09-07 20:12:10.356] +130311ms MENU_OPEN name="TrueHUD"
[2026-09-07 20:12:10.360] +130315ms MENU_CLOSE name="Journal Menu"
[2026-09-07 20:12:10.361] +130316ms MENU_OPEN name="Mist Menu"
[2026-09-07 20:12:10.361] +130316ms MENU_OPEN name="Fader Menu"
[2026-09-07 20:12:10.361] +130316ms MENU_CLOSE name="Cursor Menu"
[2026-09-07 20:12:10.385] +130341ms MENU_CLOSE name="HUD Menu"
[2026-09-07 20:12:10.385] +130341ms MENU_OPEN name="HUD Menu"
[2026-09-07 20:12:10.385] +130341ms MENU_CLOSE name="TrueHUD"
[2026-09-07 20:12:10.385] +130341ms MENU_OPEN name="TrueHUD"
[2026-09-07 20:12:14.846] +134801ms SKSE_MESSAGE name="kPostLoadGame" sender="SKSE" success=1
[2026-09-07 20:12:14.850] +134806ms MENU_OPEN name="BTPS Ovelay Menu"
[2026-09-07 20:12:14.850] +134806ms MENU_OPEN name="BTPS Menu"
[2026-09-07 20:12:14.850] +134806ms MENU_CLOSE name="Loading Menu"
[2026-09-07 20:12:14.874] +134830ms MENU_CLOSE name="Mist Menu"
[2026-09-07 20:12:17.271] +137226ms MENU_CLOSE name="Fader Menu"
[2026-09-07 20:12:25.278] +145234ms MENU_OPEN name="LootMenu"
[2026-09-07 20:12:25.522] +145477ms MENU_CLOSE name="LootMenu"
[2026-09-07 20:12:26.484] +146440ms MENU_OPEN name="LootMenu"
[2026-09-07 20:12:27.435] +147391ms MENU_CLOSE name="LootMenu"
[2026-09-07 20:12:28.759] +148714ms MENU_OPEN name="LootMenu"
[2026-09-07 20:12:29.358] +149313ms MENU_CLOSE name="LootMenu"
[2026-09-07 20:12:43.823] +163778ms MENU_OPEN name="Journal Menu"
[2026-09-07 20:12:43.824] +163780ms MENU_OPEN name="Cursor Menu"
[2026-09-07 20:12:44.379] +164334ms MENU_CLOSE name="Journal Menu"
[2026-09-07 20:12:44.380] +164336ms MENU_CLOSE name="Cursor Menu"
[2026-09-07 20:12:45.069] +165024ms MENU_OPEN name="LootMenu"
[2026-09-07 20:12:45.213] +165169ms MENU_CLOSE name="LootMenu"
[2026-09-07 20:12:45.557] +165513ms MENU_OPEN name="Journal Menu"
[2026-09-07 20:12:45.559] +165514ms MENU_OPEN name="Cursor Menu"
