[2026-09-10 21:47:42.085] +2ms POPUP_PATCHED api="MessageBoxW" scope="LaunchProbe.dll import table"
[2026-09-10 21:47:42.086] +3ms POPUP_PATCHED api="MessageBoxA" scope="LaunchProbe.dll import table"
[2026-09-10 21:47:42.086] +3ms PROBE_OPEN plugin="LaunchProbe" plugin_version="1.0.0.0" log="C:\Users\danjo\Documents\My Games\Skyrim Special Edition\SKSE\LaunchProbe.log"
[2026-09-10 21:47:42.086] +3ms DLL_ATTACH wall="2026-09-10 21:47:42.083" detail="static initializer; SKSE skips SKSEPlugin_Query for PluginVersionData plug-ins"
[2026-09-10 21:47:42.087] +4ms PLUGIN_LOAD runtime_skse="1.7.104.0" runtime_module="1.7.104.0" skse_version=33751056 is_editor=0 pid=30716
[2026-09-10 21:47:42.087] +4ms CONFIG autoload_enabled=0 autoload_save="" delay_ms=1500 heartbeat_ms=0
[2026-09-10 21:47:42.089] +5ms LISTENER_REGISTERED sender="SKSE"
[2026-09-10 21:47:42.089] +5ms PROBE_READY
[2026-09-10 21:47:42.530] +446ms SKSE_MESSAGE name="kPostLoad" sender="SKSE" type=0 data_len=0
[2026-09-10 21:47:42.530] +446ms SINK_REGISTERED stage="kPostLoad" event="RE::MenuOpenCloseEvent"
[2026-09-10 21:47:42.897] +814ms SKSE_MESSAGE name="kPostPostLoad" sender="SKSE" type=1 data_len=0
[2026-09-10 21:48:07.102] +25018ms SKSE_MESSAGE name="kInputLoaded" sender="SKSE" type=6 data_len=0
[2026-09-10 21:48:08.481] +26398ms MENU_OPEN name="SkyParkour"
[2026-09-10 21:48:08.487] +26404ms MENU_OPEN name="Loading Menu"
[2026-09-10 21:48:08.501] +26417ms MENU_OPEN name="Mist Menu"
[2026-09-10 21:48:08.503] +26419ms MENU_OPEN name="Fader Menu"
[2026-09-10 21:48:08.511] +26427ms MENU_OPEN name="LoadWaitSpinner"
[2026-09-10 21:48:20.487] +38404ms MENU_OPEN name="BTPS Ovelay Menu"
[2026-09-10 21:48:21.061] +38977ms SKSE_MESSAGE name="kDataLoaded" sender="SKSE" type=8 data_len=0
[2026-09-10 21:48:22.254] +40170ms MENU_OPEN name="Main Menu"
[2026-09-10 21:48:22.254] +40171ms MAIN_MENU_OPEN constant="Main Menu" ui_is_menu_open=1 has_movie_view=1
[2026-09-10 21:48:22.257] +40174ms MENU_OPEN name="Cursor Menu"
[2026-09-10 21:48:22.261] +40178ms MENU_OPEN name="Console"
[2026-09-10 21:48:22.261] +40178ms MENU_CLOSE name="Console"
[2026-09-10 21:48:22.261] +40178ms MENU_CLOSE name="Cursor Menu"
[2026-09-10 21:48:22.262] +40179ms MENU_CLOSE name="LoadWaitSpinner"
[2026-09-10 21:48:22.262] +40179ms MENU_CLOSE name="Loading Menu"
[2026-09-10 21:48:22.267] +40184ms MENU_OPEN name="Cursor Menu"
[2026-09-10 21:48:22.281] +40198ms MENU_OPEN name="BTPS Menu"
[2026-09-10 21:48:22.282] +40198ms MENU_CLOSE name="Cursor Menu"
[2026-09-10 21:48:22.283] +40200ms MENU_OPEN name="Cursor Menu"
[2026-09-10 21:49:46.017] +123934ms SKSE_MESSAGE name="kNewGame" sender="SKSE" type=7 data_len=8
[2026-09-10 21:49:46.063] +123980ms MENU_OPEN name="LoadWaitSpinner"
[2026-09-10 21:49:46.063] +123980ms MENU_CLOSE name="LoadWaitSpinner"
[2026-09-10 21:49:46.132] +124049ms MENU_OPEN name="HUD Menu"
[2026-09-10 21:49:46.133] +124050ms MENU_CLOSE name="Cursor Menu"
[2026-09-10 21:49:46.135] +124052ms MENU_OPEN name="Cursor Menu"
[2026-09-10 21:49:47.845] +125762ms MENU_CLOSE name="Main Menu"
[2026-09-10 21:49:47.845] +125762ms MENU_CLOSE name="BTPS Menu"
[2026-09-10 21:49:47.845] +125762ms MENU_CLOSE name="BTPS Ovelay Menu"
[2026-09-10 21:49:47.845] +125762ms MENU_CLOSE name="Fader Menu"
[2026-09-10 21:49:47.845] +125762ms MENU_CLOSE name="Cursor Menu"
[2026-09-10 21:49:47.845] +125762ms MENU_OPEN name="Loading Menu"
[2026-09-10 21:49:47.845] +125762ms MENU_OPEN name="Fader Menu"
[2026-09-10 21:49:52.902] +130818ms MENU_CLOSE name="Loading Menu"
[2026-09-10 21:49:52.905] +130822ms MENU_OPEN name="BTPS Ovelay Menu"
[2026-09-10 21:49:52.905] +130822ms MENU_OPEN name="BTPS Menu"
[2026-09-10 21:49:52.921] +130837ms MENU_CLOSE name="Mist Menu"
[2026-09-10 21:49:55.468] +133385ms MENU_OPEN name="RaceSex Menu"
[2026-09-10 21:49:55.470] +133387ms MENU_OPEN name="Cursor Menu"
[2026-09-10 21:50:09.029] +146946ms MENU_OPEN name="MessageBoxMenu"
[2026-09-10 21:50:09.945] +147861ms MENU_CLOSE name="MessageBoxMenu"
[2026-09-10 21:50:12.299] +150216ms MENU_CLOSE name="RaceSex Menu"
[2026-09-10 21:50:12.300] +150217ms MENU_CLOSE name="Fader Menu"
[2026-09-10 21:50:12.300] +150217ms MENU_CLOSE name="Cursor Menu"
[2026-09-10 21:50:12.527] +150443ms SKSE_MESSAGE name="kSaveGame" sender="SKSE" save="Save1_09B88E99_0_416476656E7475726572_SkyrimUnboundRoom01_000002_20260911025012_1_1"
[2026-09-10 21:50:12.669] +150585ms MENU_OPEN name="LoadWaitSpinner"
[2026-09-10 21:50:12.688] +150605ms MENU_CLOSE name="LoadWaitSpinner"
[2026-09-10 21:50:28.817] +166733ms MENU_OPEN name="Journal Menu"
[2026-09-10 21:50:28.818] +166735ms MENU_OPEN name="Cursor Menu"
[2026-09-10 21:52:02.841] +260758ms MENU_CLOSE name="Journal Menu"
[2026-09-10 21:52:02.841] +260758ms MENU_CLOSE name="Cursor Menu"
[2026-09-10 21:52:04.145] +262061ms MENU_OPEN name="Journal Menu"
[2026-09-10 21:52:04.147] +262063ms MENU_OPEN name="Cursor Menu"
[2026-09-10 21:52:05.215] +263132ms MENU_CLOSE name="Journal Menu"
[2026-09-10 21:52:05.216] +263132ms MENU_CLOSE name="Cursor Menu"
[2026-09-10 21:52:25.660] +283576ms MENU_OPEN name="Journal Menu"
[2026-09-10 21:52:25.661] +283578ms MENU_OPEN name="Cursor Menu"
[2026-09-10 21:52:28.142] +286059ms MENU_CLOSE name="Journal Menu"
[2026-09-10 21:52:28.143] +286059ms MENU_CLOSE name="Cursor Menu"
[2026-09-10 21:52:29.304] +287221ms MENU_OPEN name="Journal Menu"
[2026-09-10 21:52:29.306] +287222ms MENU_OPEN name="Cursor Menu"
[2026-09-10 21:52:30.108] +288025ms MENU_OPEN name="LoadWaitSpinner"
[2026-09-10 21:52:30.108] +288025ms MENU_CLOSE name="LoadWaitSpinner"
[2026-09-10 21:52:30.109] +288025ms MENU_CLOSE name="Cursor Menu"
[2026-09-10 21:52:30.110] +288027ms MENU_OPEN name="Cursor Menu"
[2026-09-10 21:52:31.315] +289231ms MENU_CLOSE name="Journal Menu"
[2026-09-10 21:52:31.315] +289232ms MENU_CLOSE name="Cursor Menu"
[2026-09-10 21:52:31.732] +289649ms MENU_OPEN name="Journal Menu"
[2026-09-10 21:52:31.734] +289651ms MENU_OPEN name="Cursor Menu"
[2026-09-10 21:52:32.540] +290456ms SKSE_MESSAGE name="kSaveGame" sender="SKSE" save="Quicksave0_09B88E99_0_416476656E7475726572_SkyrimUnboundRoom01_000004_20260911025232_1_1"
[2026-09-10 21:52:32.688] +290605ms MENU_OPEN name="LoadWaitSpinner"
[2026-09-10 21:52:32.689] +290605ms MENU_CLOSE name="Cursor Menu"
[2026-09-10 21:52:32.693] +290610ms MENU_CLOSE name="Journal Menu"
[2026-09-10 21:52:32.723] +290640ms MENU_CLOSE name="LoadWaitSpinner"
[2026-09-10 21:52:33.468] +291384ms MENU_OPEN name="Journal Menu"
[2026-09-10 21:52:33.470] +291386ms MENU_OPEN name="Cursor Menu"
[2026-09-10 21:52:34.891] +292807ms MENU_CLOSE name="Journal Menu"
[2026-09-10 21:52:34.891] +292808ms MENU_CLOSE name="Cursor Menu"
[2026-09-10 21:52:35.228] +293144ms MENU_OPEN name="Journal Menu"
[2026-09-10 21:52:35.229] +293146ms MENU_OPEN name="Cursor Menu"
