[2026-09-11 16:54:22.308] +1ms POPUP_PATCHED api="MessageBoxW" scope="LaunchProbe.dll import table"
[2026-09-11 16:54:22.308] +1ms POPUP_PATCHED api="MessageBoxA" scope="LaunchProbe.dll import table"
[2026-09-11 16:54:22.308] +2ms PROBE_OPEN plugin="LaunchProbe" plugin_version="1.0.0.0" log="C:\Users\danjo\Documents\My Games\Skyrim Special Edition\SKSE\LaunchProbe.log"
[2026-09-11 16:54:22.308] +2ms DLL_ATTACH wall="2026-09-11 16:54:22.306" detail="static initializer; SKSE skips SKSEPlugin_Query for PluginVersionData plug-ins"
[2026-09-11 16:54:22.308] +2ms PLUGIN_LOAD runtime_skse="1.7.104.0" runtime_module="1.7.104.0" skse_version=33751056 is_editor=0 pid=40356
[2026-09-11 16:54:22.308] +2ms CONFIG autoload_enabled=0 autoload_save="" delay_ms=1500 heartbeat_ms=0
[2026-09-11 16:54:22.309] +2ms LISTENER_REGISTERED sender="SKSE"
[2026-09-11 16:54:22.309] +2ms PROBE_READY
[2026-09-11 16:54:22.561] +255ms SKSE_MESSAGE name="kPostLoad" sender="SKSE" type=0 data_len=0
[2026-09-11 16:54:22.561] +255ms SINK_REGISTERED stage="kPostLoad" event="RE::MenuOpenCloseEvent"
[2026-09-11 16:54:22.905] +598ms SKSE_MESSAGE name="kPostPostLoad" sender="SKSE" type=1 data_len=0
[2026-09-11 16:54:47.691] +25385ms SKSE_MESSAGE name="kInputLoaded" sender="SKSE" type=6 data_len=0
[2026-09-11 16:54:48.999] +26693ms MENU_OPEN name="SkyParkour"
[2026-09-11 16:54:49.003] +26697ms MENU_OPEN name="Loading Menu"
[2026-09-11 16:54:49.017] +26711ms MENU_OPEN name="Mist Menu"
[2026-09-11 16:54:49.020] +26713ms MENU_OPEN name="Fader Menu"
[2026-09-11 16:54:49.028] +26722ms MENU_OPEN name="LoadWaitSpinner"
[2026-09-11 16:55:01.026] +38719ms SKSE_MESSAGE name="kDataLoaded" sender="SKSE" type=8 data_len=0
[2026-09-11 16:55:02.143] +39836ms MENU_OPEN name="Main Menu"
[2026-09-11 16:55:02.143] +39836ms MAIN_MENU_OPEN constant="Main Menu" ui_is_menu_open=1 has_movie_view=1
[2026-09-11 16:55:02.145] +39839ms MENU_OPEN name="Cursor Menu"
[2026-09-11 16:55:02.149] +39843ms MENU_OPEN name="Console"
[2026-09-11 16:55:02.150] +39843ms MENU_CLOSE name="Console"
[2026-09-11 16:55:02.150] +39843ms MENU_CLOSE name="Cursor Menu"
[2026-09-11 16:55:02.150] +39844ms MENU_CLOSE name="LoadWaitSpinner"
[2026-09-11 16:55:02.150] +39844ms MENU_CLOSE name="Loading Menu"
[2026-09-11 16:55:02.156] +39850ms MENU_OPEN name="Cursor Menu"
[2026-09-11 16:55:09.995] +47689ms SKSE_MESSAGE name="kNewGame" sender="SKSE" type=7 data_len=8
[2026-09-11 16:55:10.030] +47724ms MENU_OPEN name="LoadWaitSpinner"
[2026-09-11 16:55:10.030] +47724ms MENU_CLOSE name="LoadWaitSpinner"
[2026-09-11 16:55:10.091] +47784ms MENU_OPEN name="HUD Menu"
[2026-09-11 16:55:10.091] +47784ms MENU_CLOSE name="Cursor Menu"
[2026-09-11 16:55:10.094] +47787ms MENU_OPEN name="Cursor Menu"
[2026-09-11 16:55:10.429] +48122ms MENU_CLOSE name="Main Menu"
[2026-09-11 16:55:10.429] +48122ms MENU_CLOSE name="Fader Menu"
[2026-09-11 16:55:10.429] +48122ms MENU_CLOSE name="Cursor Menu"
[2026-09-11 16:55:10.429] +48123ms MENU_OPEN name="Loading Menu"
[2026-09-11 16:55:10.429] +48123ms MENU_OPEN name="Fader Menu"
[2026-09-11 16:55:15.166] +52859ms MENU_CLOSE name="Loading Menu"
[2026-09-11 16:55:15.192] +52886ms MENU_CLOSE name="Mist Menu"
[2026-09-11 16:55:17.684] +55378ms MENU_OPEN name="RaceSex Menu"
[2026-09-11 16:55:17.686] +55379ms MENU_OPEN name="Cursor Menu"
[2026-09-11 16:55:24.377] +62071ms MENU_OPEN name="MessageBoxMenu"
[2026-09-11 16:55:25.048] +62742ms MENU_CLOSE name="MessageBoxMenu"
[2026-09-11 16:55:27.386] +65080ms MENU_CLOSE name="RaceSex Menu"
[2026-09-11 16:55:27.387] +65081ms MENU_CLOSE name="Fader Menu"
[2026-09-11 16:55:27.388] +65081ms MENU_CLOSE name="Cursor Menu"
[2026-09-11 16:55:27.630] +65324ms SKSE_MESSAGE name="kSaveGame" sender="SKSE" save="Save1_C615790F_0_416476656E7475726572_SkyrimUnboundRoom01_000000_20260911215527_1_1"
[2026-09-11 16:55:27.758] +65451ms MENU_OPEN name="LoadWaitSpinner"
[2026-09-11 16:55:27.779] +65472ms MENU_CLOSE name="LoadWaitSpinner"
[2026-09-11 16:55:33.200] +70894ms MENU_OPEN name="Journal Menu"
[2026-09-11 16:55:33.202] +70895ms MENU_OPEN name="Cursor Menu"
[2026-09-11 16:55:41.310] +79004ms MENU_CLOSE name="Journal Menu"
[2026-09-11 16:55:41.311] +79004ms MENU_CLOSE name="Cursor Menu"
[2026-09-11 16:55:41.552] +79246ms MENU_OPEN name="Fader Menu"
[2026-09-11 16:55:47.464] +85158ms SKSE_MESSAGE name="kSaveGame" sender="SKSE" save="Save2_C615790F_0_416476656E7475726572_SkyrimUnboundRoom01_000000_20260911215547_1_1"
[2026-09-11 16:55:47.601] +85295ms MENU_OPEN name="LoadWaitSpinner"
[2026-09-11 16:55:47.623] +85316ms MENU_CLOSE name="LoadWaitSpinner"
[2026-09-11 16:55:47.769] +85462ms MENU_CLOSE name="Fader Menu"
[2026-09-11 16:55:47.769] +85462ms MENU_OPEN name="Loading Menu"
[2026-09-11 16:55:47.769] +85463ms MENU_OPEN name="Mist Menu"
[2026-09-11 16:55:47.769] +85463ms MENU_OPEN name="Fader Menu"
[2026-09-11 16:55:48.915] +86608ms MENU_CLOSE name="Loading Menu"
[2026-09-11 16:55:48.943] +86637ms MENU_CLOSE name="Mist Menu"
[2026-09-11 16:55:49.329] +87023ms SKSE_MESSAGE name="kSaveGame" sender="SKSE" save="Save3_C615790F_0_416476656E7475726572_MarkarthTempleofDibella_000000_20260911215549_1_1"
[2026-09-11 16:55:49.468] +87162ms MENU_OPEN name="LoadWaitSpinner"
[2026-09-11 16:55:49.487] +87181ms MENU_CLOSE name="LoadWaitSpinner"
[2026-09-11 16:55:51.275] +88969ms MENU_CLOSE name="Fader Menu"
[2026-09-11 17:00:21.986] +359679ms MENU_OPEN name="Journal Menu"
[2026-09-11 17:00:21.988] +359681ms MENU_OPEN name="Cursor Menu"
