[23:02:03.012] [info] loaded Data\SKSE\Plugins\EnsrickEquipmentDisplay.ini
[23:02:03.012] [info] settings: DualSheath Enable=true PlayerOnly=false Staves=true | Rules Enabled=true PlayerOnly=true PackedDaggers=2 | Diagnostics DumpSkeleton=false DumpPlacements=true
[23:02:03.012] [info] settings: read but not acted on in this build: Rules EnforcePickup=true ReconcileContainerChanges=true (R2) | Staff Enabled=true TwoHandedUnequipsStaff=true (R3) | Compat OarConditions=true OarLegacyPluginAlias=false (R3) | Display FirstPersonStaff=false (R4) ActionEventDrawnState=true (R2)
[23:02:03.012] [info] EnsrickEquipmentDisplay 0-3-0-0 loading against runtime 1-7-104-0
[23:02:03.536] [debug] kPostLoad
[23:02:03.927] [warning] SimpleDualSheath.dll is loaded alongside this plugin; both display the left-hand weapon, expect a double display until one of them is removed
[23:02:42.905] [info] placements: merged placements.json (12 slot(s), 0 warning(s))
[23:02:42.905] [debug] placements: no Data\SKSE\Plugins\EnsrickEquipmentDisplay\placements.user.json
[23:02:42.905] [info] placements: roster hip.right.1h=WeaponSword hip.left.1h=WeaponSwordLeft hip.right.dagger=WeaponDagger hip.left.dagger=WeaponDaggerLeft back.2h=WeaponBack back.bow=WeaponBow hand.left=NPC L Hand [LHnd] hand.right=NPC R Hand [RHnd] backpack.dagger.1=(hidden) backpack.dagger.2=(hidden)
[23:02:42.906] [info] placements: expecting XPMSE 3.6 skeleton, nif sha256 d922d4a6309672c27ce3fe579353b925abe32841a9f12bc09266627188fd6fbf
[23:02:42.906] [info] hooked Character::Load3D (vtable 7FF6526E3258, vfunc 0X6A)
[23:02:42.906] [info] hooked PlayerCharacter::Load3D (vtable 7FF6526E96C0, vfunc 0X6A)
[23:02:42.906] [info] registered equip event sink
[23:02:42.906] [info] registered container-changed event sink (refresh trigger; R2 adds the gate)
[23:03:01.339] [info] kNewGame: scheduling a player refresh
[23:03:06.867] [info] skeleton: player race NordRace (00013746) sex male model 'Actors\Character\Character Assets\skeleton.nif'; tree root 'skeleton.nif' with 257 node(s)
[23:03:06.867] [info] skeleton: all 8 roster nodes present by name
[23:03:06.867] [info] skeleton: XPMSE 3.60 on 'NPC' (expected 3.60)
[23:03:06.867] [info] rules 00000014: board hip.right.1h=- hip.left.1h=- hip.right.dagger=- hip.left.dagger=- back.2h=- back.bow=- hand.left=- hand.right=- backpack.dagger.1=- backpack.dagger.2=- | visible 0 packed 0 refused 0 ungoverned 0 requests 0
[23:03:06.868] [info] placement dump (load3d): 263 node(s) in the tree, 16 placement target(s) resolved, 0 missing, written to C:\Users\danjo\Documents\My Games\Skyrim Special Edition\SKSE\EnsrickEquipmentDisplay_Placements_00000014_load3d.txt
[23:05:45.730] [info] rules 00000014: Steel Warhammer 0001398A#0 [two-handed] -> back.2h (accept)
[23:05:45.730] [info] rules 00000014: board hip.right.1h=- hip.left.1h=- hip.right.dagger=- hip.left.dagger=- back.2h=Steel Warhammer back.bow=- hand.left=- hand.right=- backpack.dagger.1=- backpack.dagger.2=- | visible 1 packed 0 refused 0 ungoverned 0 requests 1
