[2026-09-10 23:02:03.093] +2ms POPUP_PATCHED api="MessageBoxW" scope="LaunchProbe.dll import table"
[2026-09-10 23:02:03.094] +3ms POPUP_PATCHED api="MessageBoxA" scope="LaunchProbe.dll import table"
[2026-09-10 23:02:03.094] +3ms PROBE_OPEN plugin="LaunchProbe" plugin_version="1.0.0.0" log="C:\Users\danjo\Documents\My Games\Skyrim Special Edition\SKSE\LaunchProbe.log"
[2026-09-10 23:02:03.094] +3ms DLL_ATTACH wall="2026-09-10 23:02:03.090" detail="static initializer; SKSE skips SKSEPlugin_Query for PluginVersionData plug-ins"
[2026-09-10 23:02:03.095] +4ms PLUGIN_LOAD runtime_skse="1.7.104.0" runtime_module="1.7.104.0" skse_version=33751056 is_editor=0 pid=31100
[2026-09-10 23:02:03.095] +4ms CONFIG autoload_enabled=0 autoload_save="" delay_ms=1500 heartbeat_ms=0
[2026-09-10 23:02:03.096] +5ms LISTENER_REGISTERED sender="SKSE"
[2026-09-10 23:02:03.096] +5ms PROBE_READY
[2026-09-10 23:02:03.536] +445ms SKSE_MESSAGE name="kPostLoad" sender="SKSE" type=0 data_len=0
[2026-09-10 23:02:03.536] +445ms SINK_REGISTERED stage="kPostLoad" event="RE::MenuOpenCloseEvent"
[2026-09-10 23:02:03.931] +840ms SKSE_MESSAGE name="kPostPostLoad" sender="SKSE" type=1 data_len=0
[2026-09-10 23:02:29.946] +26855ms SKSE_MESSAGE name="kInputLoaded" sender="SKSE" type=6 data_len=0
[2026-09-10 23:02:31.211] +28120ms MENU_OPEN name="SkyParkour"
[2026-09-10 23:02:31.218] +28127ms MENU_OPEN name="Loading Menu"
[2026-09-10 23:02:31.233] +28142ms MENU_OPEN name="Mist Menu"
[2026-09-10 23:02:31.236] +28145ms MENU_OPEN name="Fader Menu"
[2026-09-10 23:02:31.244] +28154ms MENU_OPEN name="LoadWaitSpinner"
[2026-09-10 23:02:42.499] +39408ms MENU_OPEN name="BTPS Ovelay Menu"
[2026-09-10 23:02:42.991] +39900ms SKSE_MESSAGE name="kDataLoaded" sender="SKSE" type=8 data_len=0
[2026-09-10 23:02:44.138] +41048ms MENU_OPEN name="Main Menu"
[2026-09-10 23:02:44.139] +41048ms MAIN_MENU_OPEN constant="Main Menu" ui_is_menu_open=1 has_movie_view=1
[2026-09-10 23:02:44.143] +41052ms MENU_OPEN name="Cursor Menu"
[2026-09-10 23:02:44.146] +41055ms MENU_OPEN name="Console"
[2026-09-10 23:02:44.146] +41056ms MENU_CLOSE name="Console"
[2026-09-10 23:02:44.146] +41056ms MENU_CLOSE name="Cursor Menu"
[2026-09-10 23:02:44.147] +41057ms MENU_CLOSE name="LoadWaitSpinner"
[2026-09-10 23:02:44.147] +41057ms MENU_CLOSE name="Loading Menu"
[2026-09-10 23:02:44.153] +41063ms MENU_OPEN name="Cursor Menu"
[2026-09-10 23:02:44.167] +41076ms MENU_OPEN name="BTPS Menu"
[2026-09-10 23:02:44.167] +41076ms MENU_CLOSE name="Cursor Menu"
[2026-09-10 23:02:44.169] +41078ms MENU_OPEN name="Cursor Menu"
[2026-09-10 23:03:01.339] +58248ms SKSE_MESSAGE name="kNewGame" sender="SKSE" type=7 data_len=8
[2026-09-10 23:03:01.400] +58309ms MENU_OPEN name="LoadWaitSpinner"
[2026-09-10 23:03:01.400] +58309ms MENU_CLOSE name="LoadWaitSpinner"
[2026-09-10 23:03:01.475] +58384ms MENU_OPEN name="HUD Menu"
[2026-09-10 23:03:01.476] +58385ms MENU_CLOSE name="Cursor Menu"
[2026-09-10 23:03:01.478] +58387ms MENU_OPEN name="Cursor Menu"
[2026-09-10 23:03:01.861] +58770ms MENU_CLOSE name="BTPS Ovelay Menu"
[2026-09-10 23:03:01.861] +58770ms MENU_CLOSE name="Cursor Menu"
[2026-09-10 23:03:01.861] +58770ms MENU_CLOSE name="BTPS Menu"
[2026-09-10 23:03:01.863] +58772ms MENU_CLOSE name="Main Menu"
[2026-09-10 23:03:01.863] +58772ms MENU_CLOSE name="Fader Menu"
[2026-09-10 23:03:01.863] +58772ms MENU_OPEN name="Loading Menu"
[2026-09-10 23:03:01.865] +58774ms MENU_OPEN name="Cursor Menu"
[2026-09-10 23:03:01.865] +58774ms MENU_CLOSE name="Cursor Menu"
[2026-09-10 23:03:01.865] +58774ms MENU_OPEN name="Fader Menu"
[2026-09-10 23:03:06.592] +63502ms MENU_CLOSE name="Loading Menu"
[2026-09-10 23:03:06.596] +63505ms MENU_OPEN name="BTPS Ovelay Menu"
[2026-09-10 23:03:06.596] +63505ms MENU_OPEN name="BTPS Menu"
[2026-09-10 23:03:06.611] +63520ms MENU_CLOSE name="Mist Menu"
[2026-09-10 23:03:08.963] +65872ms MENU_OPEN name="RaceSex Menu"
[2026-09-10 23:03:08.965] +65874ms MENU_OPEN name="Cursor Menu"
[2026-09-10 23:03:20.431] +77340ms MENU_OPEN name="MessageBoxMenu"
[2026-09-10 23:03:21.112] +78021ms MENU_CLOSE name="MessageBoxMenu"
[2026-09-10 23:03:23.451] +80360ms MENU_CLOSE name="RaceSex Menu"
[2026-09-10 23:03:23.452] +80361ms MENU_CLOSE name="Fader Menu"
[2026-09-10 23:03:23.452] +80362ms MENU_CLOSE name="Cursor Menu"
[2026-09-10 23:03:23.693] +80602ms SKSE_MESSAGE name="kSaveGame" sender="SKSE" save="Save1_F74056CC_0_416476656E7475726572_SkyrimUnboundRoom01_000000_20260911040323_1_1"
[2026-09-10 23:03:23.829] +80738ms MENU_OPEN name="LoadWaitSpinner"
[2026-09-10 23:03:23.851] +80760ms MENU_CLOSE name="LoadWaitSpinner"
[2026-09-10 23:03:34.016] +90925ms MENU_OPEN name="Journal Menu"
[2026-09-10 23:03:34.017] +90926ms MENU_OPEN name="Cursor Menu"
[2026-09-10 23:05:40.993] +217902ms MENU_CLOSE name="Journal Menu"
[2026-09-10 23:05:40.994] +217903ms MENU_CLOSE name="Cursor Menu"
[2026-09-10 23:05:41.235] +218144ms MENU_OPEN name="Fader Menu"
