[2026-09-07 20:36:01.986] +3ms POPUP_PATCHED api="MessageBoxW" scope="LaunchProbe.dll import table"
[2026-09-07 20:36:01.987] +4ms POPUP_PATCHED api="MessageBoxA" scope="LaunchProbe.dll import table"
[2026-09-07 20:36:01.988] +4ms PROBE_OPEN plugin="LaunchProbe" plugin_version="1.0.0.0" log="C:\Users\danjo\Documents\My Games\Skyrim Special Edition\SKSE\LaunchProbe.log"
[2026-09-07 20:36:01.988] +4ms DLL_ATTACH wall="2026-09-07 20:36:01.983" detail="static initializer; SKSE skips SKSEPlugin_Query for PluginVersionData plug-ins"
[2026-09-07 20:36:01.991] +8ms PLUGIN_LOAD runtime_skse="1.7.104.0" runtime_module="1.7.104.0" skse_version=33751056 is_editor=0 pid=30972
[2026-09-07 20:36:01.991] +8ms CONFIG autoload_enabled=0 autoload_save="" delay_ms=1500 heartbeat_ms=0
[2026-09-07 20:36:01.994] +10ms LISTENER_REGISTERED sender="SKSE"
[2026-09-07 20:36:01.994] +10ms PROBE_READY
[2026-09-07 20:36:02.690] +706ms SKSE_MESSAGE name="kPostLoad" sender="SKSE" type=0 data_len=0
[2026-09-07 20:36:02.690] +706ms SINK_REGISTERED stage="kPostLoad" event="RE::MenuOpenCloseEvent"
[2026-09-07 20:36:03.140] +1156ms SKSE_MESSAGE name="kPostPostLoad" sender="SKSE" type=1 data_len=0
[2026-09-07 20:36:23.592] +21608ms SKSE_MESSAGE name="kInputLoaded" sender="SKSE" type=6 data_len=0
[2026-09-07 20:36:24.939] +22955ms MENU_OPEN name="SkyParkour"
[2026-09-07 20:36:24.946] +22962ms MENU_OPEN name="Loading Menu"
[2026-09-07 20:36:24.961] +22977ms MENU_OPEN name="Mist Menu"
[2026-09-07 20:36:24.963] +22979ms MENU_OPEN name="Fader Menu"
[2026-09-07 20:36:24.971] +22988ms MENU_OPEN name="LoadWaitSpinner"
[2026-09-07 20:36:35.346] +33363ms MENU_OPEN name="BTPS Ovelay Menu"
[2026-09-07 20:36:35.834] +33850ms SKSE_MESSAGE name="kDataLoaded" sender="SKSE" type=8 data_len=0
[2026-09-07 20:36:36.973] +34990ms MENU_OPEN name="Main Menu"
[2026-09-07 20:36:36.973] +34990ms MAIN_MENU_OPEN constant="Main Menu" ui_is_menu_open=1 has_movie_view=1
[2026-09-07 20:36:36.976] +34992ms MENU_OPEN name="Cursor Menu"
[2026-09-07 20:36:36.978] +34994ms MENU_OPEN name="Console"
[2026-09-07 20:36:36.984] +35000ms MENU_OPEN name="TrueHUD"
[2026-09-07 20:36:36.984] +35001ms MENU_CLOSE name="Console"
[2026-09-07 20:36:36.984] +35001ms MENU_CLOSE name="Cursor Menu"
[2026-09-07 20:36:36.985] +35002ms MENU_CLOSE name="LoadWaitSpinner"
[2026-09-07 20:36:36.985] +35002ms MENU_CLOSE name="Loading Menu"
[2026-09-07 20:36:36.991] +35008ms MENU_OPEN name="Cursor Menu"
[2026-09-07 20:36:37.003] +35019ms MENU_OPEN name="BTPS Menu"
[2026-09-07 20:36:37.003] +35019ms MENU_CLOSE name="Cursor Menu"
[2026-09-07 20:36:37.004] +35020ms MENU_OPEN name="Cursor Menu"
[2026-09-07 20:36:42.183] +40200ms SKSE_MESSAGE name="kPreLoadGame" sender="SKSE" save="Quicksave0_389B9F8E_0_416476656E747572657233_CYRSerpentsTrail01_000345_20260908011117_6_1.ess"
[2026-09-07 20:36:42.257] +40274ms MENU_OPEN name="LoadWaitSpinner"
[2026-09-07 20:36:42.258] +40274ms MENU_CLOSE name="LoadWaitSpinner"
[2026-09-07 20:36:42.258] +40274ms MENU_OPEN name="LoadWaitSpinner"
[2026-09-07 20:36:42.258] +40274ms MENU_CLOSE name="LoadWaitSpinner"
[2026-09-07 20:36:42.258] +40274ms MENU_CLOSE name="BTPS Menu"
[2026-09-07 20:36:42.259] +40276ms MENU_CLOSE name="TrueHUD"
[2026-09-07 20:36:42.259] +40276ms MENU_CLOSE name="Fader Menu"
[2026-09-07 20:36:42.259] +40276ms MENU_CLOSE name="Cursor Menu"
[2026-09-07 20:36:42.259] +40276ms MENU_CLOSE name="LoadWaitSpinner"
[2026-09-07 20:36:42.259] +40276ms MENU_CLOSE name="BTPS Ovelay Menu"
[2026-09-07 20:36:42.262] +40278ms MENU_CLOSE name="Main Menu"
[2026-09-07 20:36:42.281] +40298ms MENU_OPEN name="Loading Menu"
[2026-09-07 20:36:42.281] +40298ms MENU_OPEN name="TrueHUD"
[2026-09-07 20:36:42.282] +40299ms MENU_OPEN name="Cursor Menu"
[2026-09-07 20:36:42.283] +40299ms MENU_CLOSE name="Cursor Menu"
[2026-09-07 20:36:42.283] +40299ms MENU_OPEN name="Fader Menu"
[2026-09-07 20:36:42.333] +40350ms MENU_OPEN name="HUD Menu"
[2026-09-07 20:36:52.795] +50811ms SKSE_MESSAGE name="kPostLoadGame" sender="SKSE" success=1
[2026-09-07 20:36:52.808] +50824ms MENU_OPEN name="BTPS Ovelay Menu"
[2026-09-07 20:36:52.808] +50824ms MENU_OPEN name="BTPS Menu"
[2026-09-07 20:36:52.809] +50825ms MENU_CLOSE name="Loading Menu"
[2026-09-07 20:36:52.842] +50858ms MENU_CLOSE name="Mist Menu"
[2026-09-07 20:36:55.570] +53587ms MENU_CLOSE name="Fader Menu"
[2026-09-07 20:37:09.952] +67968ms MENU_OPEN name="LootMenu"
[2026-09-07 20:37:10.080] +68097ms MENU_CLOSE name="LootMenu"
[2026-09-07 20:37:10.263] +68279ms MENU_OPEN name="LootMenu"
[2026-09-07 20:37:10.370] +68386ms MENU_CLOSE name="LootMenu"
[2026-09-07 20:37:12.864] +70880ms MENU_OPEN name="LootMenu"
[2026-09-07 20:37:13.622] +71638ms MENU_CLOSE name="LootMenu"
[2026-09-07 20:37:13.713] +71729ms MENU_OPEN name="LootMenu"
[2026-09-07 20:37:17.206] +75222ms MENU_CLOSE name="LootMenu"
[2026-09-07 20:37:19.846] +77862ms MENU_OPEN name="LootMenu"
[2026-09-07 20:37:25.192] +83208ms MENU_CLOSE name="LootMenu"
[2026-09-07 20:37:27.201] +85218ms MENU_OPEN name="LootMenu"
[2026-09-07 20:37:27.355] +85371ms MENU_CLOSE name="LootMenu"
[2026-09-07 20:37:27.374] +85390ms MENU_OPEN name="LootMenu"
[2026-09-07 20:37:27.407] +85423ms MENU_CLOSE name="LootMenu"
[2026-09-07 20:37:27.416] +85433ms MENU_OPEN name="LootMenu"
[2026-09-07 20:37:29.325] +87342ms MENU_CLOSE name="LootMenu"
[2026-09-07 20:37:29.735] +87752ms MENU_OPEN name="LootMenu"
[2026-09-07 20:37:29.910] +87926ms MENU_CLOSE name="LootMenu"
[2026-09-07 20:37:31.105] +89121ms MENU_OPEN name="LootMenu"
[2026-09-07 20:37:36.277] +94294ms MENU_CLOSE name="LootMenu"
[2026-09-07 20:37:49.012] +107029ms MENU_OPEN name="TweenMenu"
[2026-09-07 20:37:49.013] +107030ms MENU_OPEN name="Cursor Menu"
[2026-09-07 20:37:49.652] +107668ms MENU_OPEN name="InventoryMenu"
[2026-09-07 20:38:15.186] +133202ms MENU_CLOSE name="TweenMenu"
[2026-09-07 20:38:15.248] +133264ms MENU_CLOSE name="InventoryMenu"
[2026-09-07 20:38:15.248] +133264ms MENU_CLOSE name="Cursor Menu"
[2026-09-07 20:38:26.410] +144426ms MENU_OPEN name="LootMenu"
[2026-09-07 20:38:26.987] +145004ms MENU_CLOSE name="LootMenu"
[2026-09-07 20:38:50.493] +168509ms MENU_OPEN name="Lockpicking Menu"
[2026-09-07 20:38:57.348] +175364ms MENU_CLOSE name="Lockpicking Menu"
[2026-09-07 20:38:57.350] +175366ms MENU_OPEN name="LootMenu"
[2026-09-07 20:39:03.220] +181236ms MENU_OPEN name="TweenMenu"
[2026-09-07 20:39:03.221] +181238ms MENU_OPEN name="Cursor Menu"
[2026-09-07 20:39:03.222] +181238ms MENU_CLOSE name="LootMenu"
[2026-09-07 20:39:04.276] +182292ms MENU_CLOSE name="TweenMenu"
[2026-09-07 20:39:04.276] +182293ms MENU_CLOSE name="Cursor Menu"
[2026-09-07 20:39:04.278] +182294ms MENU_OPEN name="LootMenu"
[2026-09-07 20:39:04.494] +182510ms MENU_CLOSE name="LootMenu"
[2026-09-07 20:39:05.673] +183689ms MENU_OPEN name="TweenMenu"
[2026-09-07 20:39:05.674] +183690ms MENU_OPEN name="Cursor Menu"
[2026-09-07 20:39:06.070] +184087ms MENU_OPEN name="InventoryMenu"
[2026-09-07 20:39:16.789] +194805ms MENU_CLOSE name="TweenMenu"
[2026-09-07 20:39:16.842] +194858ms MENU_CLOSE name="InventoryMenu"
[2026-09-07 20:39:16.842] +194858ms MENU_CLOSE name="Cursor Menu"
[2026-09-07 20:39:55.821] +233838ms MENU_CLOSE name="BTPS Menu"
[2026-09-07 20:39:55.823] +233839ms MENU_CLOSE name="TrueHUD"
[2026-09-07 20:39:55.823] +233840ms MENU_CLOSE name="BTPS Ovelay Menu"
[2026-09-07 20:39:55.823] +233840ms MENU_OPEN name="Mist Menu"
[2026-09-07 20:39:55.823] +233840ms MENU_OPEN name="Fader Menu"
[2026-09-07 20:39:55.823] +233840ms MENU_OPEN name="TrueHUD"
[2026-09-07 20:39:56.339] +234356ms MENU_CLOSE name="TrueHUD"
[2026-09-07 20:39:56.340] +234356ms MENU_CLOSE name="Fader Menu"
[2026-09-07 20:39:56.427] +234444ms MENU_OPEN name="Loading Menu"
[2026-09-07 20:39:56.427] +234444ms MENU_OPEN name="TrueHUD"
[2026-09-07 20:39:56.427] +234444ms MENU_OPEN name="Fader Menu"
[2026-09-07 20:39:59.391] +237407ms MENU_CLOSE name="Loading Menu"
[2026-09-07 20:39:59.394] +237410ms MENU_OPEN name="BTPS Ovelay Menu"
[2026-09-07 20:39:59.394] +237410ms MENU_OPEN name="BTPS Menu"
[2026-09-07 20:39:59.414] +237430ms MENU_CLOSE name="Mist Menu"
[2026-09-07 20:40:00.207] +238223ms MENU_CLOSE name="Loading Menu"
[2026-09-07 20:40:00.621] +238637ms SKSE_MESSAGE name="kSaveGame" sender="SKSE" save="Autosave2_389B9F8E_0_416476656E747572657233_BSHeartland_000349_20260908014000_6_1"
[2026-09-07 20:40:01.010] +239026ms MENU_OPEN name="LoadWaitSpinner"
[2026-09-07 20:40:01.040] +239057ms MENU_CLOSE name="LoadWaitSpinner"
[2026-09-07 20:40:02.692] +240709ms MENU_CLOSE name="Fader Menu"
[2026-09-07 20:40:15.755] +253771ms MENU_OPEN name="LootMenu"
[2026-09-07 20:40:15.803] +253820ms MENU_CLOSE name="LootMenu"
[2026-09-07 20:40:45.870] +283886ms MENU_OPEN name="LootMenu"
[2026-09-07 20:40:45.942] +283959ms MENU_CLOSE name="LootMenu"
[2026-09-07 20:40:47.059] +285076ms MENU_OPEN name="LootMenu"
[2026-09-07 20:40:49.106] +287122ms MENU_CLOSE name="LootMenu"
[2026-09-07 20:40:49.509] +287525ms MENU_OPEN name="LootMenu"
[2026-09-07 20:40:49.602] +287618ms MENU_CLOSE name="LootMenu"
[2026-09-07 20:40:49.684] +287701ms MENU_OPEN name="LootMenu"
[2026-09-07 20:40:51.249] +289266ms MENU_CLOSE name="LootMenu"
[2026-09-07 20:40:56.381] +294398ms MENU_OPEN name="LootMenu"
[2026-09-07 20:41:01.068] +299085ms MENU_CLOSE name="LootMenu"
[2026-09-07 20:44:09.962] +487978ms MENU_OPEN name="Dialogue Menu"
[2026-09-07 20:44:09.963] +487979ms MENU_OPEN name="Cursor Menu"
[2026-09-07 20:44:17.670] +495686ms MENU_CLOSE name="Dialogue Menu"
[2026-09-07 20:44:17.670] +495687ms MENU_CLOSE name="Cursor Menu"
[2026-09-07 20:44:22.052] +500068ms MENU_OPEN name="TweenMenu"
[2026-09-07 20:44:22.053] +500070ms MENU_OPEN name="Cursor Menu"
[2026-09-07 20:44:22.550] +500566ms MENU_OPEN name="InventoryMenu"
[2026-09-07 20:44:26.010] +504026ms MENU_CLOSE name="TweenMenu"
[2026-09-07 20:44:26.048] +504065ms MENU_CLOSE name="InventoryMenu"
[2026-09-07 20:44:26.049] +504065ms MENU_CLOSE name="Cursor Menu"
[2026-09-07 20:44:34.648] +512665ms MENU_OPEN name="LootMenu"
[2026-09-07 20:44:35.043] +513059ms MENU_CLOSE name="LootMenu"
[2026-09-07 20:44:41.285] +519302ms MENU_OPEN name="LootMenu"
[2026-09-07 20:44:41.823] +519840ms MENU_CLOSE name="LootMenu"
[2026-09-07 20:44:42.184] +520201ms MENU_OPEN name="LootMenu"
[2026-09-07 20:44:42.366] +520382ms MENU_CLOSE name="LootMenu"
[2026-09-07 20:44:47.964] +525981ms MENU_OPEN name="LootMenu"
[2026-09-07 20:44:48.715] +526731ms MENU_CLOSE name="LootMenu"
[2026-09-07 20:44:57.195] +535211ms MENU_OPEN name="LootMenu"
[2026-09-07 20:44:57.225] +535242ms MENU_CLOSE name="LootMenu"
[2026-09-07 20:44:57.242] +535259ms MENU_OPEN name="LootMenu"
[2026-09-07 20:44:59.511] +537527ms MENU_CLOSE name="LootMenu"
[2026-09-07 20:44:59.907] +537924ms MENU_OPEN name="LootMenu"
[2026-09-07 20:45:00.624] +538640ms MENU_CLOSE name="LootMenu"
[2026-09-07 20:45:00.654] +538671ms MENU_OPEN name="LootMenu"
[2026-09-07 20:45:02.202] +540218ms MENU_CLOSE name="LootMenu"
[2026-09-07 20:45:02.232] +540249ms MENU_OPEN name="LootMenu"
[2026-09-07 20:45:02.262] +540278ms MENU_CLOSE name="LootMenu"
[2026-09-07 20:45:27.375] +565392ms MENU_OPEN name="TweenMenu"
[2026-09-07 20:45:27.376] +565393ms MENU_OPEN name="Cursor Menu"
[2026-09-07 20:45:27.812] +565828ms MENU_OPEN name="InventoryMenu"
[2026-09-07 20:45:31.844] +569860ms MENU_CLOSE name="TweenMenu"
[2026-09-07 20:45:31.889] +569905ms MENU_CLOSE name="InventoryMenu"
[2026-09-07 20:45:31.889] +569906ms MENU_CLOSE name="Cursor Menu"
[2026-09-07 20:46:51.089] +649105ms MENU_OPEN name="Dialogue Menu"
[2026-09-07 20:46:51.090] +649107ms MENU_OPEN name="Cursor Menu"
[2026-09-07 20:47:12.514] +670531ms MENU_CLOSE name="Dialogue Menu"
[2026-09-07 20:47:12.515] +670531ms MENU_CLOSE name="Cursor Menu"
[2026-09-07 20:47:16.507] +674523ms MENU_OPEN name="Dialogue Menu"
[2026-09-07 20:47:16.508] +674524ms MENU_OPEN name="Cursor Menu"
[2026-09-07 20:47:26.142] +684158ms MENU_CLOSE name="Dialogue Menu"
[2026-09-07 20:47:26.142] +684159ms MENU_CLOSE name="Cursor Menu"
[2026-09-07 20:47:35.145] +693162ms MENU_OPEN name="Dialogue Menu"
[2026-09-07 20:47:35.148] +693165ms MENU_OPEN name="Cursor Menu"
[2026-09-07 20:47:37.174] +695191ms MENU_CLOSE name="Dialogue Menu"
[2026-09-07 20:47:37.175] +695191ms MENU_CLOSE name="Cursor Menu"
[2026-09-07 20:47:52.591] +710607ms MENU_OPEN name="Fader Menu"
[2026-09-07 20:47:52.600] +710617ms MENU_CLOSE name="BTPS Menu"
[2026-09-07 20:47:52.602] +710618ms MENU_CLOSE name="TrueHUD"
[2026-09-07 20:47:52.602] +710618ms MENU_CLOSE name="Fader Menu"
[2026-09-07 20:47:52.602] +710619ms MENU_CLOSE name="BTPS Ovelay Menu"
[2026-09-07 20:47:52.602] +710619ms MENU_OPEN name="Loading Menu"
[2026-09-07 20:47:52.602] +710619ms MENU_OPEN name="TrueHUD"
[2026-09-07 20:47:52.602] +710619ms MENU_OPEN name="Mist Menu"
[2026-09-07 20:47:52.602] +710619ms MENU_OPEN name="Fader Menu"
[2026-09-07 20:47:54.288] +712304ms MENU_CLOSE name="Loading Menu"
[2026-09-07 20:47:54.294] +712310ms MENU_OPEN name="BTPS Ovelay Menu"
[2026-09-07 20:47:54.294] +712310ms MENU_OPEN name="BTPS Menu"
[2026-09-07 20:47:54.314] +712330ms MENU_CLOSE name="Mist Menu"
[2026-09-07 20:47:54.686] +712703ms SKSE_MESSAGE name="kSaveGame" sender="SKSE" save="Autosave3_389B9F8E_0_416476656E747572657233_CYRBrumaSynodConclave_000357_20260908014754_6_1"
[2026-09-07 20:47:55.135] +713151ms MENU_OPEN name="LoadWaitSpinner"
[2026-09-07 20:47:55.172] +713188ms MENU_CLOSE name="LoadWaitSpinner"
[2026-09-07 20:47:56.973] +714989ms MENU_CLOSE name="Fader Menu"
[2026-09-07 20:48:28.555] +746571ms MENU_OPEN name="Dialogue Menu"
[2026-09-07 20:48:28.556] +746573ms MENU_OPEN name="Cursor Menu"
[2026-09-07 20:48:43.794] +761810ms MENU_CLOSE name="Dialogue Menu"
[2026-09-07 20:48:43.794] +761811ms MENU_CLOSE name="Cursor Menu"
[2026-09-07 20:48:46.269] +764286ms MENU_OPEN name="LootMenu"
[2026-09-07 20:48:46.321] +764338ms MENU_CLOSE name="LootMenu"
[2026-09-07 20:48:46.577] +764594ms MENU_OPEN name="LootMenu"
[2026-09-07 20:48:46.638] +764654ms MENU_CLOSE name="LootMenu"
[2026-09-07 20:48:46.682] +764699ms MENU_OPEN name="LootMenu"
[2026-09-07 20:48:46.691] +764707ms MENU_CLOSE name="LootMenu"
[2026-09-07 20:48:47.385] +765402ms MENU_OPEN name="LootMenu"
[2026-09-07 20:48:48.698] +766714ms MENU_CLOSE name="LootMenu"
[2026-09-07 20:48:50.042] +768058ms MENU_OPEN name="LootMenu"
[2026-09-07 20:48:50.530] +768547ms MENU_CLOSE name="LootMenu"
[2026-09-07 20:48:51.924] +769941ms MENU_OPEN name="ContainerMenu"
[2026-09-07 20:48:51.926] +769942ms MENU_OPEN name="Cursor Menu"
