[2026-09-10 22:19:48.643] +1ms POPUP_PATCHED api="MessageBoxW" scope="LaunchProbe.dll import table"
[2026-09-10 22:19:48.643] +1ms POPUP_PATCHED api="MessageBoxA" scope="LaunchProbe.dll import table"
[2026-09-10 22:19:48.643] +1ms PROBE_OPEN plugin="LaunchProbe" plugin_version="1.0.0.0" log="C:\Users\danjo\Documents\My Games\Skyrim Special Edition\SKSE\LaunchProbe.log"
[2026-09-10 22:19:48.643] +1ms DLL_ATTACH wall="2026-09-10 22:19:48.642" detail="static initializer; SKSE skips SKSEPlugin_Query for PluginVersionData plug-ins"
[2026-09-10 22:19:48.644] +1ms PLUGIN_LOAD runtime_skse="1.7.104.0" runtime_module="1.7.104.0" skse_version=33751056 is_editor=0 pid=38428
[2026-09-10 22:19:48.644] +1ms CONFIG autoload_enabled=0 autoload_save="" delay_ms=1500 heartbeat_ms=0
[2026-09-10 22:19:48.644] +2ms LISTENER_REGISTERED sender="SKSE"
[2026-09-10 22:19:48.644] +2ms PROBE_READY
[2026-09-10 22:19:48.839] +197ms SKSE_MESSAGE name="kPostLoad" sender="SKSE" type=0 data_len=0
[2026-09-10 22:19:48.839] +197ms SINK_REGISTERED stage="kPostLoad" event="RE::MenuOpenCloseEvent"
[2026-09-10 22:19:49.125] +483ms SKSE_MESSAGE name="kPostPostLoad" sender="SKSE" type=1 data_len=0
[2026-09-10 22:20:09.205] +20562ms SKSE_MESSAGE name="kInputLoaded" sender="SKSE" type=6 data_len=0
[2026-09-10 22:20:10.523] +21881ms MENU_OPEN name="SkyParkour"
[2026-09-10 22:20:10.529] +21887ms MENU_OPEN name="Loading Menu"
[2026-09-10 22:20:10.541] +21899ms MENU_OPEN name="Mist Menu"
[2026-09-10 22:20:10.546] +21904ms MENU_OPEN name="Fader Menu"
[2026-09-10 22:20:10.556] +21914ms MENU_OPEN name="LoadWaitSpinner"
[2026-09-10 22:20:20.314] +31672ms MENU_OPEN name="BTPS Ovelay Menu"
[2026-09-10 22:20:20.456] +31814ms SKSE_MESSAGE name="kDataLoaded" sender="SKSE" type=8 data_len=0
[2026-09-10 22:20:21.446] +32804ms MENU_OPEN name="Main Menu"
[2026-09-10 22:20:21.446] +32804ms MAIN_MENU_OPEN constant="Main Menu" ui_is_menu_open=1 has_movie_view=1
[2026-09-10 22:20:21.448] +32806ms MENU_OPEN name="Cursor Menu"
[2026-09-10 22:20:21.452] +32809ms MENU_OPEN name="Console"
[2026-09-10 22:20:21.452] +32809ms MENU_CLOSE name="Console"
[2026-09-10 22:20:21.452] +32810ms MENU_CLOSE name="Cursor Menu"
[2026-09-10 22:20:21.453] +32810ms MENU_CLOSE name="LoadWaitSpinner"
[2026-09-10 22:20:21.453] +32810ms MENU_CLOSE name="Loading Menu"
[2026-09-10 22:20:21.459] +32816ms MENU_OPEN name="Cursor Menu"
[2026-09-10 22:20:21.470] +32828ms MENU_OPEN name="BTPS Menu"
[2026-09-10 22:20:21.470] +32828ms MENU_CLOSE name="Cursor Menu"
[2026-09-10 22:20:21.472] +32830ms MENU_OPEN name="Cursor Menu"
[2026-09-10 22:22:16.519] +147877ms SKSE_MESSAGE name="kNewGame" sender="SKSE" type=7 data_len=8
[2026-09-10 22:22:16.758] +148116ms MENU_OPEN name="LoadWaitSpinner"
[2026-09-10 22:22:16.758] +148116ms MENU_CLOSE name="LoadWaitSpinner"
[2026-09-10 22:22:18.027] +149384ms MENU_OPEN name="HUD Menu"
[2026-09-10 22:22:18.027] +149385ms MENU_CLOSE name="Cursor Menu"
[2026-09-10 22:22:18.031] +149388ms MENU_OPEN name="Cursor Menu"
[2026-09-10 22:22:23.039] +154397ms MENU_CLOSE name="BTPS Menu"
[2026-09-10 22:22:23.040] +154397ms MENU_CLOSE name="BTPS Ovelay Menu"
[2026-09-10 22:22:23.044] +154402ms MENU_CLOSE name="Main Menu"
[2026-09-10 22:22:23.044] +154402ms MENU_CLOSE name="Fader Menu"
[2026-09-10 22:22:23.045] +154403ms MENU_CLOSE name="Cursor Menu"
[2026-09-10 22:22:23.045] +154403ms MENU_OPEN name="Loading Menu"
[2026-09-10 22:22:23.046] +154403ms MENU_OPEN name="Fader Menu"
[2026-09-10 22:22:42.715] +174073ms MENU_CLOSE name="Loading Menu"
[2026-09-10 22:22:42.721] +174079ms MENU_OPEN name="BTPS Ovelay Menu"
[2026-09-10 22:22:42.721] +174079ms MENU_OPEN name="BTPS Menu"
[2026-09-10 22:22:45.166] +176524ms MENU_CLOSE name="Mist Menu"
[2026-09-10 22:23:45.700] +237058ms MENU_OPEN name="RaceSex Menu"
[2026-09-10 22:23:45.704] +237061ms MENU_OPEN name="Cursor Menu"
[2026-09-10 22:24:32.823] +284181ms MENU_OPEN name="MessageBoxMenu"
[2026-09-10 22:24:33.495] +284852ms MENU_CLOSE name="MessageBoxMenu"
[2026-09-10 22:24:35.844] +287202ms MENU_CLOSE name="RaceSex Menu"
[2026-09-10 22:24:35.846] +287203ms MENU_CLOSE name="Fader Menu"
[2026-09-10 22:24:35.846] +287204ms MENU_CLOSE name="Cursor Menu"
[2026-09-10 22:24:36.110] +287468ms SKSE_MESSAGE name="kSaveGame" sender="SKSE" save="Save1_3F17F175_0_416476656E7475726572_SkyrimUnboundRoom01_000004_20260911032436_1_1"
[2026-09-10 22:24:36.268] +287626ms MENU_OPEN name="LoadWaitSpinner"
[2026-09-10 22:24:36.291] +287649ms MENU_CLOSE name="LoadWaitSpinner"
[2026-09-10 22:24:44.701] +296059ms MENU_OPEN name="Journal Menu"
[2026-09-10 22:24:44.703] +296061ms MENU_OPEN name="Cursor Menu"
[2026-09-10 22:25:02.522] +313879ms MENU_CLOSE name="Journal Menu"
[2026-09-10 22:25:02.522] +313880ms MENU_CLOSE name="Cursor Menu"
[2026-09-10 22:25:02.831] +314188ms MENU_OPEN name="Fader Menu"
[2026-09-10 22:25:06.740] +318098ms SKSE_MESSAGE name="kSaveGame" sender="SKSE" save="Save2_3F17F175_0_416476656E7475726572_SkyrimUnboundRoom01_000004_20260911032506_1_1"
[2026-09-10 22:25:06.866] +318223ms MENU_OPEN name="LoadWaitSpinner"
[2026-09-10 22:25:06.886] +318244ms MENU_CLOSE name="LoadWaitSpinner"
[2026-09-10 22:25:07.127] +318485ms MENU_CLOSE name="BTPS Menu"
[2026-09-10 22:25:07.127] +318485ms MENU_CLOSE name="BTPS Ovelay Menu"
[2026-09-10 22:25:07.127] +318485ms MENU_CLOSE name="Fader Menu"
[2026-09-10 22:25:07.127] +318485ms MENU_OPEN name="Loading Menu"
[2026-09-10 22:25:07.127] +318485ms MENU_OPEN name="Mist Menu"
[2026-09-10 22:25:07.127] +318485ms MENU_OPEN name="Fader Menu"
[2026-09-10 22:25:16.682] +328040ms MENU_CLOSE name="Loading Menu"
[2026-09-10 22:25:16.685] +328043ms MENU_OPEN name="BTPS Ovelay Menu"
[2026-09-10 22:25:16.686] +328043ms MENU_OPEN name="BTPS Menu"
[2026-09-10 22:25:16.705] +328062ms MENU_CLOSE name="Mist Menu"
[2026-09-10 22:25:18.544] +329901ms SKSE_MESSAGE name="kSaveGame" sender="SKSE" save="Save3_3F17F175_0_416476656E7475726572_SolitudeWorld_000005_20260911032518_1_1"
[2026-09-10 22:25:18.875] +330233ms MENU_OPEN name="LoadWaitSpinner"
[2026-09-10 22:25:18.912] +330270ms MENU_CLOSE name="LoadWaitSpinner"
[2026-09-10 22:25:19.710] +331068ms MENU_CLOSE name="Fader Menu"
[2026-09-10 22:28:26.981] +518339ms MENU_OPEN name="Journal Menu"
[2026-09-10 22:28:26.984] +518342ms MENU_OPEN name="Cursor Menu"
